Archive member included to satisfy reference by file (symbol)

S:/UltimateEnvironment/code-mod-example/param-replace/code-mod-framework/lib/libnx_min/nx/lib\libnx_min.a(switch_crt0.o)
                              (_start)
S:/UltimateEnvironment/code-mod-example/param-replace/code-mod-framework/lib/libnx_min/nx/lib\libnx_min.a(exception.o)
                              S:/UltimateEnvironment/code-mod-example/param-replace/code-mod-framework/lib/libnx_min/nx/lib\libnx_min.a(switch_crt0.o) (__libnx_exception_entry)
S:/UltimateEnvironment/code-mod-example/param-replace/code-mod-framework/lib/libnx_min/nx/lib\libnx_min.a(argv.o)
                              S:/UltimateEnvironment/code-mod-example/param-replace/code-mod-framework/lib/libnx_min/nx/lib\libnx_min.a(switch_crt0.o) (__system_argv)
S:/UltimateEnvironment/code-mod-example/param-replace/code-mod-framework/lib/libnx_min/nx/lib\libnx_min.a(env.o)
                              S:/UltimateEnvironment/code-mod-example/param-replace/code-mod-framework/lib/libnx_min/nx/lib\libnx_min.a(argv.o) (envIsNso)
S:/UltimateEnvironment/code-mod-example/param-replace/code-mod-framework/lib/libnx_min/nx/lib\libnx_min.a(init.o)
                              S:/UltimateEnvironment/code-mod-example/param-replace/code-mod-framework/lib/libnx_min/nx/lib\libnx_min.a(exception.o) (__nx_exceptiondump)
S:/UltimateEnvironment/code-mod-example/param-replace/code-mod-framework/lib/libnx_min/nx/lib\libnx_min.a(hosversion.o)
                              S:/UltimateEnvironment/code-mod-example/param-replace/code-mod-framework/lib/libnx_min/nx/lib\libnx_min.a(init.o) (hosversionSet)
S:/UltimateEnvironment/code-mod-example/param-replace/code-mod-framework/lib/libnx_min/nx/lib\libnx_min.a(dynamic.o)
                              S:/UltimateEnvironment/code-mod-example/param-replace/code-mod-framework/lib/libnx_min/nx/lib\libnx_min.a(switch_crt0.o) (__nx_dynamic)
S:/UltimateEnvironment/code-mod-example/param-replace/code-mod-framework/lib/libnx_min/nx/lib\libnx_min.a(fs_dev.o)
                              S:/UltimateEnvironment/code-mod-example/param-replace/code-mod-framework/lib/libnx_min/nx/lib\libnx_min.a(init.o) (fsdevMountSdmc)
S:/UltimateEnvironment/code-mod-example/param-replace/code-mod-framework/lib/libnx_min/nx/lib\libnx_min.a(decode_utf8.o)
                              S:/UltimateEnvironment/code-mod-example/param-replace/code-mod-framework/lib/libnx_min/nx/lib\libnx_min.a(fs_dev.o) (decode_utf8)
S:/UltimateEnvironment/code-mod-example/param-replace/code-mod-framework/lib/libnx_min/nx/lib\libnx_min.a(svc.o)
                              S:/UltimateEnvironment/code-mod-example/param-replace/code-mod-framework/lib/libnx_min/nx/lib\libnx_min.a(init.o) (svcSetHeapSize)
S:/UltimateEnvironment/code-mod-example/param-replace/code-mod-framework/lib/libnx_min/nx/lib\libnx_min.a(readtp.o)
                              S:/UltimateEnvironment/code-mod-example/param-replace/code-mod-framework/lib/libnx_min/nx/lib\libnx_min.a(fs_dev.o) (__aarch64_read_tp)
S:/UltimateEnvironment/code-mod-example/param-replace/code-mod-framework/lib/libnx_min/nx/lib\libnx_min.a(virtmem.o)
                              S:/UltimateEnvironment/code-mod-example/param-replace/code-mod-framework/lib/libnx_min/nx/lib\libnx_min.a(init.o) (virtmemSetup)
S:/UltimateEnvironment/code-mod-example/param-replace/code-mod-framework/lib/libnx_min/nx/lib\libnx_min.a(mutex.o)
                              S:/UltimateEnvironment/code-mod-example/param-replace/code-mod-framework/lib/libnx_min/nx/lib\libnx_min.a(virtmem.o) (mutexLock)
S:/UltimateEnvironment/code-mod-example/param-replace/code-mod-framework/lib/libnx_min/nx/lib\libnx_min.a(fs.o)
                              S:/UltimateEnvironment/code-mod-example/param-replace/code-mod-framework/lib/libnx_min/nx/lib\libnx_min.a(init.o) (fsInitialize)
S:/UltimateEnvironment/code-mod-example/param-replace/code-mod-framework/lib/libnx_min/nx/lib\libnx_min.a(set.o)
                              S:/UltimateEnvironment/code-mod-example/param-replace/code-mod-framework/lib/libnx_min/nx/lib\libnx_min.a(init.o) (setsysInitialize)
S:/UltimateEnvironment/code-mod-example/param-replace/code-mod-framework/lib/libnx_min/nx/lib\libnx_min.a(fatal.o)
                              S:/UltimateEnvironment/code-mod-example/param-replace/code-mod-framework/lib/libnx_min/nx/lib\libnx_min.a(env.o) (fatalSimple)
S:/UltimateEnvironment/code-mod-example/param-replace/code-mod-framework/lib/libnx_min/nx/lib\libnx_min.a(sm.o)
                              S:/UltimateEnvironment/code-mod-example/param-replace/code-mod-framework/lib/libnx_min/nx/lib\libnx_min.a(env.o) (smAddOverrideHandle)
S:/UltimateEnvironment/code-mod-example/param-replace/code-mod-framework/lib/libnx_min/nx/lib\libnx_min.a(hid.o)
                              S:/UltimateEnvironment/code-mod-example/param-replace/code-mod-framework/lib/libnx_min/nx/lib\libnx_min.a(init.o) (hidExit)
[...]
Memory Configuration

Name             Origin             Length             Attributes
*default*        0x0000000000000000 0xffffffffffffffff

Linker script and memory map

                0x0000000000000000                PROVIDE (__start__ = 0x0)
                0x0000000000000000                . = __start__

.crt0           0x0000000000000000      0x158
 *(.crt0)
 .crt0          0x0000000000000000      0x158 S:/UltimateEnvironment/code-mod-example/param-replace/code-mod-framework/lib/libnx_min/nx/lib\libnx_min.a(switch_crt0.o)
                0x0000000000000000                _start
                0x0000000000000120                __nx_exit
                0x0000000000000130                __nx_mod0
                0x0000000000000158                . = ALIGN (0x8)

.init           0x0000000000000158       0x38
 *(.init)
 .init          0x0000000000000158       0x18 c:/devkitpro/devkita64/bin/../lib/gcc/aarch64-none-elf/8.3.0/pic/crti.o
                0x0000000000000158                _init
 .init          0x0000000000000170       0x1c c:/devkitpro/devkita64/bin/../lib/gcc/aarch64-none-elf/8.3.0/pic/crtn.o
                0x0000000000000190                . = ALIGN (0x8)
 *fill*         0x000000000000018c        0x4 

.plt            0x0000000000000190       0xa0
 *(.plt)
 .plt           0x0000000000000190       0xa0 c:/devkitpro/devkita64/bin/../lib/gcc/aarch64-none-elf/8.3.0/pic/crti.o
 *(.iplt)
                0x0000000000000230                . = ALIGN (0x8)

.text           0x0000000000000240    0x2a9c8
 *(.text.unlikely .text.*_unlikely .text.unlikely.*)
 *(.text.exit .text.exit.*)
 .text.exit     0x0000000000000240       0x38 c:/devkitpro/devkita64/bin/../lib/gcc/aarch64-none-elf/8.3.0/../../../../aarch64-none-elf/lib/pic\libg.a(lib_a-exit.o)
                0x0000000000000240                exit
 *(.text.startup .text.startup.*)
 *fill*         0x0000000000000278        0x8 
 .text.startup  0x0000000000000280       0x78 main.o
                0x0000000000000280                main
 *(.text.hot .text.hot.*)
 *(.text .stub .text.* .gnu.linkonce.t.*)
 .text.deregister_tm_clones
                0x00000000000002f8       0x2c c:/devkitpro/devkita64/bin/../lib/gcc/aarch64-none-elf/8.3.0/pic/crtbegin.o
 *fill*         0x0000000000000324        0x4 
 .text.register_tm_clones
                0x0000000000000328       0x38 c:/devkitpro/devkita64/bin/../lib/gcc/aarch64-none-elf/8.3.0/pic/crtbegin.o
 .text.__do_global_dtors_aux
                0x0000000000000360       0x48 c:/devkitpro/devkita64/bin/../lib/gcc/aarch64-none-elf/8.3.0/pic/crtbegin.o
 .text.frame_dummy
                0x00000000000003a8       0x34 c:/devkitpro/devkita64/bin/../lib/gcc/aarch64-none-elf/8.3.0/pic/crtbegin.o
 *fill*         0x00000000000003dc        0x4 
 .text          0x00000000000003e0     0x1b70 main.o
                0x00000000000003e0                end_shieldbreakfly_replace(unsigned long, unsigned long)
                0x00000000000004a0                LoadModule_intercept(nn::ro::Module*, void const*, void*, unsigned long, int)
                0x0000000000000500                __init_settings(unsigned long, unsigned long, int, unsigned long, unsigned long, bool, int, int, int, int)
                0x0000000000000620                shine_replace(lib::L2CAgent*, void*)
                0x0000000000000d40                squirtle_utilt(lib::L2CAgent*, void*)
                0x00000000000011a0                ivy_upsmash(lib::L2CAgent*, void*)
                0x00000000000016c0                get_param_float_replace(unsigned long, unsigned long, unsigned long)
                0x0000000000001ce0                replace_scripts(lib::L2CAgent*, unsigned char, int)
                0x0000000000001d40                sv_get_status_func(unsigned long, int, unsigned long)
                0x0000000000001d90                sv_replace_status_func(unsigned long, int, unsigned long, void*)
                0x0000000000001dd0                clear_lua_stack_replace(lib::L2CAgent*)
                0x0000000000001e60                script_replacement()
                0x0000000000001eb0                __libnx_init
                0x0000000000001f00                __libnx_exit
 .text          0x0000000000001f50      0x8c8 acmd_wrapper.o
                0x0000000000001f50                is_before_frame(unsigned long, float)
                0x0000000000001f80                load_module(unsigned long, unsigned long)
                0x0000000000001f90                load_module_impl(unsigned long, unsigned long)
                0x0000000000001fa0                ACMD::ACMD(lib::L2CAgent*)
                0x0000000000001fa0                ACMD::ACMD(lib::L2CAgent*)
                0x0000000000001fe0                ACMD::frame(float)
                0x0000000000002070                ACMD::_frame(float)
                0x0000000000002160                ACMD::wait(float)
                0x00000000000021f0                ACMD::is_excute()
                0x0000000000002290                ACMD::wrap(unsigned long (*)(unsigned long), std::initializer_list<lib::L2CValue>)
                0x0000000000002330                ACMD::ATTACK(unsigned long, unsigned long, unsigned long, float, unsigned long, unsigned long, unsigned long, unsigned long, float, float, float, float, float, float, unsigned long, unsigned long, unsigned long, unsigned long, float, unsigned long, unsigned long, unsigned long, unsigned long, unsigned long, unsigned long, unsigned long, unsigned long, unsigned long, unsigned long, unsigned long, unsigned long, unsigned long, unsigned long)
                0x00000000000025b0                ACMD::ATTACK(unsigned long, unsigned long, unsigned long, float, unsigned long, unsigned long, unsigned long, unsigned long, float, float, float, float, float, float, float, float, float, unsigned long, unsigned long, unsigned long, unsigned long, float, unsigned long, unsigned long, unsigned long, unsigned long, unsigned long, unsigned long, unsigned long, unsigned long, unsigned long, unsigned long, unsigned long, unsigned long, unsigned long, unsigned long)
 *fill*         0x0000000000002818        0x8 
 .text          0x0000000000002820       0x94 saltysd_helper.o
                0x0000000000002820                SaltySD_function_replace(unsigned long, unsigned long)
                0x0000000000002890                SaltySD_function_replace_sym(char*, unsigned long)
 *fill*         0x00000000000028b4        0xc 
 .text          0x00000000000028c0      0x350 lua_bind_hash.o
                0x00000000000028c0                lua_bind_hash(void const*, unsigned long)
                0x0000000000002be0                lua_bind_hash_str(char const*)
 .text          0x0000000000002c10      0x128 l2c_imports.o
                0x0000000000002c10                lib::lua_const(char const*)
                0x0000000000002c50                lib::L2CValue::L2CValue()
                0x0000000000002c50                lib::L2CValue::L2CValue()
                0x0000000000002c60                lib::L2CValue::L2CValue(bool)
                0x0000000000002c60                lib::L2CValue::L2CValue(bool)
                0x0000000000002c80                lib::L2CValue::L2CValue(int)
                0x0000000000002c80                lib::L2CValue::L2CValue(int)
                0x0000000000002ca0                lib::L2CValue::L2CValue(unsigned long)
                0x0000000000002ca0                lib::L2CValue::L2CValue(unsigned long)
                0x0000000000002cb0                lib::L2CValue::L2CValue(float)
                0x0000000000002cb0                lib::L2CValue::L2CValue(float)
                0x0000000000002cc0                lib::L2CValue::L2CValue(double)
                0x0000000000002cc0                lib::L2CValue::L2CValue(double)
                0x0000000000002ce0                lib::L2CValue::L2CValue(char const*)
                0x0000000000002ce0                lib::L2CValue::L2CValue(char const*)
                0x0000000000002cf0                lib::L2CAgent::get_lua_stack(int, lib::L2CValue*)
                0x0000000000002d00                lib::L2CAgent::_clear_lua_stack()
 *fill*         0x0000000000002d38        0x8 
 .text          0x0000000000002d40      0x500 raygun_printer.o
                0x0000000000002d40                show_segment(unsigned long, float, float, float, float, float)
                0x0000000000002e10                alphabet_index(char)
                0x0000000000002e80                print_char(unsigned long, char, int, float, float)
                0x0000000000002fe0                print_string(unsigned long, char const*, ...)
 .text.__libnx_exception_entry
                0x0000000000003240      0x1c0 S:/UltimateEnvironment/code-mod-example/param-replace/code-mod-framework/lib/libnx_min/nx/lib\libnx_min.a(exception.o)
                0x0000000000003240                __libnx_exception_entry
 .text.__libnx_exception_returnentry
                0x0000000000003400       0x18 S:/UltimateEnvironment/code-mod-example/param-replace/code-mod-framework/lib/libnx_min/nx/lib\libnx_min.a(exception.o)
                0x0000000000003400                __libnx_exception_returnentry
 *fill*         0x0000000000003418        0x8 
 .text.argvSetup
                0x0000000000003420      0x318 S:/UltimateEnvironment/code-mod-example/param-replace/code-mod-framework/lib/libnx_min/nx/lib\libnx_min.a(argv.o)
                0x0000000000003420                argvSetup
 *fill*         0x0000000000003738        0x8 
 .text.envSetup
                0x0000000000003740      0x208 S:/UltimateEnvironment/code-mod-example/param-replace/code-mod-framework/lib/libnx_min/nx/lib\libnx_min.a(env.o)
                0x0000000000003740                envSetup
 *fill*         0x0000000000003948        0x8 
 .text.envGetMainThreadHandle
                0x0000000000003950       0x20 S:/UltimateEnvironment/code-mod-example/param-replace/code-mod-framework/lib/libnx_min/nx/lib\libnx_min.a(env.o)
                0x0000000000003950                envGetMainThreadHandle
 .text.envIsNso
                0x0000000000003970        0xc S:/UltimateEnvironment/code-mod-example/param-replace/code-mod-framework/lib/libnx_min/nx/lib\libnx_min.a(env.o)
                0x0000000000003970                envIsNso
 *fill*         0x000000000000397c        0x4 
 .text.envHasHeapOverride
                0x0000000000003980       0x14 S:/UltimateEnvironment/code-mod-example/param-replace/code-mod-framework/lib/libnx_min/nx/lib\libnx_min.a(env.o)
                0x0000000000003980                envHasHeapOverride
 *fill*         0x0000000000003994        0xc 
 .text.envGetHeapOverrideAddr
                0x00000000000039a0        0xc S:/UltimateEnvironment/code-mod-example/param-replace/code-mod-framework/lib/libnx_min/nx/lib\libnx_min.a(env.o)
                0x00000000000039a0                envGetHeapOverrideAddr
 *fill*         0x00000000000039ac        0x4 
 .text.envGetHeapOverrideSize
                0x00000000000039b0        0xc S:/UltimateEnvironment/code-mod-example/param-replace/code-mod-framework/lib/libnx_min/nx/lib\libnx_min.a(env.o)
                0x00000000000039b0                envGetHeapOverrideSize
 *fill*         0x00000000000039bc        0x4 
 .text.envHasArgv
                0x00000000000039c0       0x14 S:/UltimateEnvironment/code-mod-example/param-replace/code-mod-framework/lib/libnx_min/nx/lib\libnx_min.a(env.o)
                0x00000000000039c0                envHasArgv
 *fill*         0x00000000000039d4        0xc 
 .text.envGetArgv
                0x00000000000039e0        0xc S:/UltimateEnvironment/code-mod-example/param-replace/code-mod-framework/lib/libnx_min/nx/lib\libnx_min.a(env.o)
                0x00000000000039e0                envGetArgv
 *fill*         0x00000000000039ec        0x4 
 .text.envIsSyscallHinted
                0x00000000000039f0       0x20 S:/UltimateEnvironment/code-mod-example/param-replace/code-mod-framework/lib/libnx_min/nx/lib\libnx_min.a(env.o)
                0x00000000000039f0                envIsSyscallHinted
 .text.envGetOwnProcessHandle
                0x0000000000003a10        0xc S:/UltimateEnvironment/code-mod-example/param-replace/code-mod-framework/lib/libnx_min/nx/lib\libnx_min.a(env.o)
                0x0000000000003a10                envGetOwnProcessHandle
 *fill*         0x0000000000003a1c        0x4 
 .text.envGetExitFuncPtr
                0x0000000000003a20        0xc S:/UltimateEnvironment/code-mod-example/param-replace/code-mod-framework/lib/libnx_min/nx/lib\libnx_min.a(env.o)
                0x0000000000003a20                envGetExitFuncPtr
 *fill*         0x0000000000003a2c        0x4 
 .text.envSetExitFuncPtr
                0x0000000000003a30        0xc S:/UltimateEnvironment/code-mod-example/param-replace/code-mod-framework/lib/libnx_min/nx/lib\libnx_min.a(env.o)
                0x0000000000003a30                envSetExitFuncPtr
 *fill*         0x0000000000003a3c        0x4 
 .text.envSetNextLoad
                0x0000000000003a40       0x7c S:/UltimateEnvironment/code-mod-example/param-replace/code-mod-framework/lib/libnx_min/nx/lib\libnx_min.a(env.o)
                0x0000000000003a40                envSetNextLoad
 *fill*         0x0000000000003abc        0x4 
 .text.envHasNextLoad
                0x0000000000003ac0       0x14 S:/UltimateEnvironment/code-mod-example/param-replace/code-mod-framework/lib/libnx_min/nx/lib\libnx_min.a(env.o)
                0x0000000000003ac0                envHasNextLoad
 *fill*         0x0000000000003ad4        0xc 
 .text.envGetLastLoadResult
                0x0000000000003ae0        0xc S:/UltimateEnvironment/code-mod-example/param-replace/code-mod-framework/lib/libnx_min/nx/lib\libnx_min.a(env.o)
                0x0000000000003ae0                envGetLastLoadResult
 *fill*         0x0000000000003aec        0x4 
 .text.envHasRandomSeed
                0x0000000000003af0        0xc S:/UltimateEnvironment/code-mod-example/param-replace/code-mod-framework/lib/libnx_min/nx/lib\libnx_min.a(env.o)
                0x0000000000003af0                envHasRandomSeed
 *fill*         0x0000000000003afc        0x4 
 .text.envGetRandomSeed
                0x0000000000003b00       0x18 S:/UltimateEnvironment/code-mod-example/param-replace/code-mod-framework/lib/libnx_min/nx/lib\libnx_min.a(env.o)
                0x0000000000003b00                envGetRandomSeed
 *fill*         0x0000000000003b18        0x8 
 .text.__libnx_initheap
                0x0000000000003b20       0xd8 S:/UltimateEnvironment/code-mod-example/param-replace/code-mod-framework/lib/libnx_min/nx/lib\libnx_min.a(init.o)
                0x0000000000003b20                __libnx_initheap
 *fill*         0x0000000000003bf8        0x8 
 .text.__appInit
                0x0000000000003c00       0xdc S:/UltimateEnvironment/code-mod-example/param-replace/code-mod-framework/lib/libnx_min/nx/lib\libnx_min.a(init.o)
                0x0000000000003c00                __appInit
 *fill*         0x0000000000003cdc        0x4 
 .text.__appExit
                0x0000000000003ce0       0x44 S:/UltimateEnvironment/code-mod-example/param-replace/code-mod-framework/lib/libnx_min/nx/lib\libnx_min.a(init.o)
                0x0000000000003ce0                __appExit
 *fill*         0x0000000000003d24        0xc 
 .text.hosversionGet
                0x0000000000003d30       0x10 S:/UltimateEnvironment/code-mod-example/param-replace/code-mod-framework/lib/libnx_min/nx/lib\libnx_min.a(hosversion.o)
                0x0000000000003d30                hosversionGet
 .text.hosversionSet
                0x0000000000003d40       0x10 S:/UltimateEnvironment/code-mod-example/param-replace/code-mod-framework/lib/libnx_min/nx/lib\libnx_min.a(hosversion.o)
                0x0000000000003d40                hosversionSet
 .text.__nx_dynamic
                0x0000000000003d50       0xa0 S:/UltimateEnvironment/code-mod-example/param-replace/code-mod-framework/lib/libnx_min/nx/lib\libnx_min.a(dynamic.o)
                0x0000000000003d50                __nx_dynamic
 .text.fsdev_link
                0x0000000000003df0       0x10 S:/UltimateEnvironment/code-mod-example/param-replace/code-mod-framework/lib/libnx_min/nx/lib\libnx_min.a(fs_dev.o)
 .text.fsdev_dirreset
                0x0000000000003e00       0x10 S:/UltimateEnvironment/code-mod-example/param-replace/code-mod-framework/lib/libnx_min/nx/lib\libnx_min.a(fs_dev.o)
 .text.fsdev_chmod
                0x0000000000003e10       0x10 S:/UltimateEnvironment/code-mod-example/param-replace/code-mod-framework/lib/libnx_min/nx/lib\libnx_min.a(fs_dev.o)
 .text.error_cmp
                0x0000000000003e20       0x1c S:/UltimateEnvironment/code-mod-example/param-replace/code-mod-framework/lib/libnx_min/nx/lib\libnx_min.a(fs_dev.o)
 *fill*         0x0000000000003e3c        0x4 
 .text.fsdev_translate_error
                0x0000000000003e40       0x5c S:/UltimateEnvironment/code-mod-example/param-replace/code-mod-framework/lib/libnx_min/nx/lib\libnx_min.a(fs_dev.o)
 *fill*         0x0000000000003e9c        0x4 
 .text.fsdev_fsync
                0x0000000000003ea0       0x40 S:/UltimateEnvironment/code-mod-example/param-replace/code-mod-framework/lib/libnx_min/nx/lib\libnx_min.a(fs_dev.o)
 .text.fsdev_ftruncate
                0x0000000000003ee0       0x60 S:/UltimateEnvironment/code-mod-example/param-replace/code-mod-framework/lib/libnx_min/nx/lib\libnx_min.a(fs_dev.o)
 .text.fsdev_dirclose
                0x0000000000003f40       0x20 S:/UltimateEnvironment/code-mod-example/param-replace/code-mod-framework/lib/libnx_min/nx/lib\libnx_min.a(fs_dev.o)
 .text.fsdev_dirnext
                0x0000000000003f60      0x16c S:/UltimateEnvironment/code-mod-example/param-replace/code-mod-framework/lib/libnx_min/nx/lib\libnx_min.a(fs_dev.o)
 *fill*         0x00000000000040cc        0x4 
 .text.fsdev_close
                0x00000000000040d0       0x1c S:/UltimateEnvironment/code-mod-example/param-replace/code-mod-framework/lib/libnx_min/nx/lib\libnx_min.a(fs_dev.o)
 *fill*         0x00000000000040ec        0x4 
 .text.fsdev_fstat
                0x00000000000040f0       0xa4 S:/UltimateEnvironment/code-mod-example/param-replace/code-mod-framework/lib/libnx_min/nx/lib\libnx_min.a(fs_dev.o)
 *fill*         0x0000000000004194        0xc 
 .text.fsdev_seek
                0x00000000000041a0       0xb0 S:/UltimateEnvironment/code-mod-example/param-replace/code-mod-framework/lib/libnx_min/nx/lib\libnx_min.a(fs_dev.o)
 .text.fsdev_read
                0x0000000000004250      0x1a0 S:/UltimateEnvironment/code-mod-example/param-replace/code-mod-framework/lib/libnx_min/nx/lib\libnx_min.a(fs_dev.o)
 .text.fsdev_write
                0x00000000000043f0      0x1a8 S:/UltimateEnvironment/code-mod-example/param-replace/code-mod-framework/lib/libnx_min/nx/lib\libnx_min.a(fs_dev.o)
 *fill*         0x0000000000004598        0x8 
 .text.fsdevFindDevice
                0x00000000000045a0      0x120 S:/UltimateEnvironment/code-mod-example/param-replace/code-mod-framework/lib/libnx_min/nx/lib\libnx_min.a(fs_dev.o)
 .text._fsdevMountDevice
                0x00000000000046c0      0x140 S:/UltimateEnvironment/code-mod-example/param-replace/code-mod-framework/lib/libnx_min/nx/lib\libnx_min.a(fs_dev.o)
 .text.fsdev_getfspath
                0x0000000000004800      0x1fc S:/UltimateEnvironment/code-mod-example/param-replace/code-mod-framework/lib/libnx_min/nx/lib\libnx_min.a(fs_dev.o)
 *fill*         0x00000000000049fc        0x4 
 .text.fsdev_rmdir
                0x0000000000004a00       0x70 S:/UltimateEnvironment/code-mod-example/param-replace/code-mod-framework/lib/libnx_min/nx/lib\libnx_min.a(fs_dev.o)
 .text.fsdev_statvfs
                0x0000000000004a70       0xd4 S:/UltimateEnvironment/code-mod-example/param-replace/code-mod-framework/lib/libnx_min/nx/lib\libnx_min.a(fs_dev.o)
 *fill*         0x0000000000004b44        0xc 
 .text.fsdev_diropen
                0x0000000000004b50       0xec S:/UltimateEnvironment/code-mod-example/param-replace/code-mod-framework/lib/libnx_min/nx/lib\libnx_min.a(fs_dev.o)
 *fill*         0x0000000000004c3c        0x4 
 .text.fsdev_mkdir
                0x0000000000004c40       0x70 S:/UltimateEnvironment/code-mod-example/param-replace/code-mod-framework/lib/libnx_min/nx/lib\libnx_min.a(fs_dev.o)
 .text.fsdev_rename
                0x0000000000004cb0      0x114 S:/UltimateEnvironment/code-mod-example/param-replace/code-mod-framework/lib/libnx_min/nx/lib\libnx_min.a(fs_dev.o)
 *fill*         0x0000000000004dc4        0xc 
 .text.fsdev_chdir
                0x0000000000004dd0       0xe8 S:/UltimateEnvironment/code-mod-example/param-replace/code-mod-framework/lib/libnx_min/nx/lib\libnx_min.a(fs_dev.o)
 *fill*         0x0000000000004eb8        0x8 
 .text.fsdev_unlink
                0x0000000000004ec0       0x70 S:/UltimateEnvironment/code-mod-example/param-replace/code-mod-framework/lib/libnx_min/nx/lib\libnx_min.a(fs_dev.o)
 .text.fsdev_stat
                0x0000000000004f30      0x1bc S:/UltimateEnvironment/code-mod-example/param-replace/code-mod-framework/lib/libnx_min/nx/lib\libnx_min.a(fs_dev.o)
 *fill*         0x00000000000050ec        0x4 
 .text.fsdev_open
                0x00000000000050f0      0x19c S:/UltimateEnvironment/code-mod-example/param-replace/code-mod-framework/lib/libnx_min/nx/lib\libnx_min.a(fs_dev.o)
 *fill*         0x000000000000528c        0x4 
 .text._fsdevUnmountDeviceStruct.part.4
                0x0000000000005290       0xb8 S:/UltimateEnvironment/code-mod-example/param-replace/code-mod-framework/lib/libnx_min/nx/lib\libnx_min.a(fs_dev.o)
 *fill*         0x0000000000005348        0x8 
 .text.fsdev_fchmod
                0x0000000000005350       0x10 S:/UltimateEnvironment/code-mod-example/param-replace/code-mod-framework/lib/libnx_min/nx/lib\libnx_min.a(fs_dev.o)
 .text.fsdevMountDevice
                0x0000000000005360       0x14 S:/UltimateEnvironment/code-mod-example/param-replace/code-mod-framework/lib/libnx_min/nx/lib\libnx_min.a(fs_dev.o)
                0x0000000000005360                fsdevMountDevice
 *fill*         0x0000000000005374        0xc 
 .text.fsdevUnmountDevice
                0x0000000000005380       0x3c S:/UltimateEnvironment/code-mod-example/param-replace/code-mod-framework/lib/libnx_min/nx/lib\libnx_min.a(fs_dev.o)
                0x0000000000005380                fsdevUnmountDevice
 *fill*         0x00000000000053bc        0x4 
 .text.fsdevCommitDevice
                0x00000000000053c0       0x28 S:/UltimateEnvironment/code-mod-example/param-replace/code-mod-framework/lib/libnx_min/nx/lib\libnx_min.a(fs_dev.o)
                0x00000000000053c0                fsdevCommitDevice
 *fill*         0x00000000000053e8        0x8 
 .text.fsdevSetArchiveBit
                0x00000000000053f0       0x68 S:/UltimateEnvironment/code-mod-example/param-replace/code-mod-framework/lib/libnx_min/nx/lib\libnx_min.a(fs_dev.o)
                0x00000000000053f0                fsdevSetArchiveBit
 *fill*         0x0000000000005458        0x8 
 .text.fsdevCreateFile
                0x0000000000005460       0x88 S:/UltimateEnvironment/code-mod-example/param-replace/code-mod-framework/lib/libnx_min/nx/lib\libnx_min.a(fs_dev.o)
                0x0000000000005460                fsdevCreateFile
 *fill*         0x00000000000054e8        0x8 
 .text.fsdevDeleteDirectoryRecursively
                0x00000000000054f0       0x68 S:/UltimateEnvironment/code-mod-example/param-replace/code-mod-framework/lib/libnx_min/nx/lib\libnx_min.a(fs_dev.o)
                0x00000000000054f0                fsdevDeleteDirectoryRecursively
 *fill*         0x0000000000005558        0x8 
 .text.fsdevMountSdmc
                0x0000000000005560      0x170 S:/UltimateEnvironment/code-mod-example/param-replace/code-mod-framework/lib/libnx_min/nx/lib\libnx_min.a(fs_dev.o)
                0x0000000000005560                fsdevMountSdmc
 .text.fsdevUnmountAll
                0x00000000000056d0       0x64 S:/UltimateEnvironment/code-mod-example/param-replace/code-mod-framework/lib/libnx_min/nx/lib\libnx_min.a(fs_dev.o)
                0x00000000000056d0                fsdevUnmountAll
 *fill*         0x0000000000005734        0xc 
 .text.fsdevGetDeviceFileSystem
                0x0000000000005740       0x20 S:/UltimateEnvironment/code-mod-example/param-replace/code-mod-framework/lib/libnx_min/nx/lib\libnx_min.a(fs_dev.o)
                0x0000000000005740                fsdevGetDeviceFileSystem
 .text.fsdevGetDefaultFileSystem
                0x0000000000005760       0x40 S:/UltimateEnvironment/code-mod-example/param-replace/code-mod-framework/lib/libnx_min/nx/lib\libnx_min.a(fs_dev.o)
                0x0000000000005760                fsdevGetDefaultFileSystem
 .text.fsdevTranslatePath
                0x00000000000057a0       0x58 S:/UltimateEnvironment/code-mod-example/param-replace/code-mod-framework/lib/libnx_min/nx/lib\libnx_min.a(fs_dev.o)
                0x00000000000057a0                fsdevTranslatePath
 *fill*         0x00000000000057f8        0x8 
 .text.fsdev_getmtime
                0x0000000000005800       0x20 S:/UltimateEnvironment/code-mod-example/param-replace/code-mod-framework/lib/libnx_min/nx/lib\libnx_min.a(fs_dev.o)
                0x0000000000005800                fsdev_getmtime
 .text.fsdevGetLastResult
                0x0000000000005820       0x20 S:/UltimateEnvironment/code-mod-example/param-replace/code-mod-framework/lib/libnx_min/nx/lib\libnx_min.a(fs_dev.o)
                0x0000000000005820                fsdevGetLastResult
 .text.decode_utf8
                0x0000000000005840      0x12c S:/UltimateEnvironment/code-mod-example/param-replace/code-mod-framework/lib/libnx_min/nx/lib\libnx_min.a(decode_utf8.o)
                0x0000000000005840                decode_utf8
 .text.svcSetHeapSize
                0x000000000000596c       0x14 S:/UltimateEnvironment/code-mod-example/param-replace/code-mod-framework/lib/libnx_min/nx/lib\libnx_min.a(svc.o)
                0x000000000000596c                svcSetHeapSize
 .text.svcSetMemoryPermission
                0x0000000000005980        0x8 S:/UltimateEnvironment/code-mod-example/param-replace/code-mod-framework/lib/libnx_min/nx/lib\libnx_min.a(svc.o)
                0x0000000000005980                svcSetMemoryPermission
 .text.svcSetMemoryAttribute
                0x0000000000005988        0x8 S:/UltimateEnvironment/code-mod-example/param-replace/code-mod-framework/lib/libnx_min/nx/lib\libnx_min.a(svc.o)
                0x0000000000005988                svcSetMemoryAttribute
 .text.svcMapMemory
                0x0000000000005990        0x8 S:/UltimateEnvironment/code-mod-example/param-replace/code-mod-framework/lib/libnx_min/nx/lib\libnx_min.a(svc.o)
                0x0000000000005990                svcMapMemory
 .text.svcUnmapMemory
                0x0000000000005998        0x8 S:/UltimateEnvironment/code-mod-example/param-replace/code-mod-framework/lib/libnx_min/nx/lib\libnx_min.a(svc.o)
                0x0000000000005998                svcUnmapMemory
 .text.svcQueryMemory
                0x00000000000059a0       0x14 S:/UltimateEnvironment/code-mod-example/param-replace/code-mod-framework/lib/libnx_min/nx/lib\libnx_min.a(svc.o)
                0x00000000000059a0                svcQueryMemory
 .text.svcExitProcess
                0x00000000000059b4        0x8 S:/UltimateEnvironment/code-mod-example/param-replace/code-mod-framework/lib/libnx_min/nx/lib\libnx_min.a(svc.o)
                0x00000000000059b4                svcExitProcess
 .text.svcCreateThread
                0x00000000000059bc       0x14 S:/UltimateEnvironment/code-mod-example/param-replace/code-mod-framework/lib/libnx_min/nx/lib\libnx_min.a(svc.o)
                0x00000000000059bc                svcCreateThread
 .text.svcStartThread
                0x00000000000059d0        0x8 S:/UltimateEnvironment/code-mod-example/param-replace/code-mod-framework/lib/libnx_min/nx/lib\libnx_min.a(svc.o)
                0x00000000000059d0                svcStartThread
 .text.svcExitThread
                0x00000000000059d8        0x8 S:/UltimateEnvironment/code-mod-example/param-replace/code-mod-framework/lib/libnx_min/nx/lib\libnx_min.a(svc.o)
                0x00000000000059d8                svcExitThread
 .text.svcSleepThread
                0x00000000000059e0        0x8 S:/UltimateEnvironment/code-mod-example/param-replace/code-mod-framework/lib/libnx_min/nx/lib\libnx_min.a(svc.o)
                0x00000000000059e0                svcSleepThread
 .text.svcGetThreadPriority
                0x00000000000059e8       0x14 S:/UltimateEnvironment/code-mod-example/param-replace/code-mod-framework/lib/libnx_min/nx/lib\libnx_min.a(svc.o)
                0x00000000000059e8                svcGetThreadPriority
 .text.svcSetThreadPriority
                0x00000000000059fc        0x8 S:/UltimateEnvironment/code-mod-example/param-replace/code-mod-framework/lib/libnx_min/nx/lib\libnx_min.a(svc.o)
                0x00000000000059fc                svcSetThreadPriority
 .text.svcGetThreadCoreMask
                0x0000000000005a04       0x18 S:/UltimateEnvironment/code-mod-example/param-replace/code-mod-framework/lib/libnx_min/nx/lib\libnx_min.a(svc.o)
                0x0000000000005a04                svcGetThreadCoreMask
 .text.svcSetThreadCoreMask
                0x0000000000005a1c        0x8 S:/UltimateEnvironment/code-mod-example/param-replace/code-mod-framework/lib/libnx_min/nx/lib\libnx_min.a(svc.o)
                0x0000000000005a1c                svcSetThreadCoreMask
 .text.svcGetCurrentProcessorNumber
                0x0000000000005a24        0x8 S:/UltimateEnvironment/code-mod-example/param-replace/code-mod-framework/lib/libnx_min/nx/lib\libnx_min.a(svc.o)
                0x0000000000005a24                svcGetCurrentProcessorNumber
 .text.svcSignalEvent
                0x0000000000005a2c        0x8 S:/UltimateEnvironment/code-mod-example/param-replace/code-mod-framework/lib/libnx_min/nx/lib\libnx_min.a(svc.o)
                0x0000000000005a2c                svcSignalEvent
 .text.svcClearEvent
                0x0000000000005a34        0x8 S:/UltimateEnvironment/code-mod-example/param-replace/code-mod-framework/lib/libnx_min/nx/lib\libnx_min.a(svc.o)
                0x0000000000005a34                svcClearEvent
 .text.svcMapSharedMemory
                0x0000000000005a3c        0x8 S:/UltimateEnvironment/code-mod-example/param-replace/code-mod-framework/lib/libnx_min/nx/lib\libnx_min.a(svc.o)
                0x0000000000005a3c                svcMapSharedMemory
 .text.svcUnmapSharedMemory
                0x0000000000005a44        0x8 S:/UltimateEnvironment/code-mod-example/param-replace/code-mod-framework/lib/libnx_min/nx/lib\libnx_min.a(svc.o)
                0x0000000000005a44                svcUnmapSharedMemory
 .text.svcCreateTransferMemory
                0x0000000000005a4c       0x14 S:/UltimateEnvironment/code-mod-example/param-replace/code-mod-framework/lib/libnx_min/nx/lib\libnx_min.a(svc.o)
                0x0000000000005a4c                svcCreateTransferMemory
 .text.svcCloseHandle
                0x0000000000005a60        0x8 S:/UltimateEnvironment/code-mod-example/param-replace/code-mod-framework/lib/libnx_min/nx/lib\libnx_min.a(svc.o)
                0x0000000000005a60                svcCloseHandle
 .text.svcResetSignal
                0x0000000000005a68        0x8 S:/UltimateEnvironment/code-mod-example/param-replace/code-mod-framework/lib/libnx_min/nx/lib\libnx_min.a(svc.o)
                0x0000000000005a68                svcResetSignal
 .text.svcWaitSynchronization
                0x0000000000005a70       0x14 S:/UltimateEnvironment/code-mod-example/param-replace/code-mod-framework/lib/libnx_min/nx/lib\libnx_min.a(svc.o)
                0x0000000000005a70                svcWaitSynchronization
 .text.svcCancelSynchronization
                0x0000000000005a84        0x8 S:/UltimateEnvironment/code-mod-example/param-replace/code-mod-framework/lib/libnx_min/nx/lib\libnx_min.a(svc.o)
                0x0000000000005a84                svcCancelSynchronization
 .text.svcArbitrateLock
                0x0000000000005a8c        0x8 S:/UltimateEnvironment/code-mod-example/param-replace/code-mod-framework/lib/libnx_min/nx/lib\libnx_min.a(svc.o)
                0x0000000000005a8c                svcArbitrateLock
 .text.svcArbitrateUnlock
                0x0000000000005a94        0x8 S:/UltimateEnvironment/code-mod-example/param-replace/code-mod-framework/lib/libnx_min/nx/lib\libnx_min.a(svc.o)
                0x0000000000005a94                svcArbitrateUnlock
 .text.svcWaitProcessWideKeyAtomic
                0x0000000000005a9c        0x8 S:/UltimateEnvironment/code-mod-example/param-replace/code-mod-framework/lib/libnx_min/nx/lib\libnx_min.a(svc.o)
                0x0000000000005a9c                svcWaitProcessWideKeyAtomic
 .text.svcSignalProcessWideKey
                0x0000000000005aa4        0x8 S:/UltimateEnvironment/code-mod-example/param-replace/code-mod-framework/lib/libnx_min/nx/lib\libnx_min.a(svc.o)
                0x0000000000005aa4                svcSignalProcessWideKey
 .text.svcGetSystemTick
                0x0000000000005aac        0x8 S:/UltimateEnvironment/code-mod-example/param-replace/code-mod-framework/lib/libnx_min/nx/lib\libnx_min.a(svc.o)
                0x0000000000005aac                svcGetSystemTick
 .text.svcConnectToNamedPort
                0x0000000000005ab4       0x14 S:/UltimateEnvironment/code-mod-example/param-replace/code-mod-framework/lib/libnx_min/nx/lib\libnx_min.a(svc.o)
                0x0000000000005ab4                svcConnectToNamedPort
 .text.svcSendSyncRequest
                0x0000000000005ac8        0x8 S:/UltimateEnvironment/code-mod-example/param-replace/code-mod-framework/lib/libnx_min/nx/lib\libnx_min.a(svc.o)
                0x0000000000005ac8                svcSendSyncRequest
 .text.svcSendSyncRequestWithUserBuffer
                0x0000000000005ad0        0x8 S:/UltimateEnvironment/code-mod-example/param-replace/code-mod-framework/lib/libnx_min/nx/lib\libnx_min.a(svc.o)
                0x0000000000005ad0                svcSendSyncRequestWithUserBuffer
 .text.svcSendAsyncRequestWithUserBuffer
                0x0000000000005ad8       0x14 S:/UltimateEnvironment/code-mod-example/param-replace/code-mod-framework/lib/libnx_min/nx/lib\libnx_min.a(svc.o)
                0x0000000000005ad8                svcSendAsyncRequestWithUserBuffer
 .text.svcGetProcessId
                0x0000000000005aec       0x14 S:/UltimateEnvironment/code-mod-example/param-replace/code-mod-framework/lib/libnx_min/nx/lib\libnx_min.a(svc.o)
                0x0000000000005aec                svcGetProcessId
 .text.svcGetThreadId
                0x0000000000005b00       0x14 S:/UltimateEnvironment/code-mod-example/param-replace/code-mod-framework/lib/libnx_min/nx/lib\libnx_min.a(svc.o)
                0x0000000000005b00                svcGetThreadId
 .text.svcBreak
                0x0000000000005b14        0x8 S:/UltimateEnvironment/code-mod-example/param-replace/code-mod-framework/lib/libnx_min/nx/lib\libnx_min.a(svc.o)
                0x0000000000005b14                svcBreak
 .text.svcOutputDebugString
                0x0000000000005b1c        0x8 S:/UltimateEnvironment/code-mod-example/param-replace/code-mod-framework/lib/libnx_min/nx/lib\libnx_min.a(svc.o)
                0x0000000000005b1c                svcOutputDebugString
 .text.svcReturnFromException
                0x0000000000005b24        0x8 S:/UltimateEnvironment/code-mod-example/param-replace/code-mod-framework/lib/libnx_min/nx/lib\libnx_min.a(svc.o)
                0x0000000000005b24                svcReturnFromException
 .text.svcGetInfo
                0x0000000000005b2c       0x14 S:/UltimateEnvironment/code-mod-example/param-replace/code-mod-framework/lib/libnx_min/nx/lib\libnx_min.a(svc.o)
                0x0000000000005b2c                svcGetInfo
 .text.svcMapPhysicalMemory
                0x0000000000005b40        0x8 S:/UltimateEnvironment/code-mod-example/param-replace/code-mod-framework/lib/libnx_min/nx/lib\libnx_min.a(svc.o)
                0x0000000000005b40                svcMapPhysicalMemory
 .text.svcUnmapPhysicalMemory
                0x0000000000005b48        0x8 S:/UltimateEnvironment/code-mod-example/param-replace/code-mod-framework/lib/libnx_min/nx/lib\libnx_min.a(svc.o)
                0x0000000000005b48                svcUnmapPhysicalMemory
 .text.svcGetResourceLimitLimitValue
                0x0000000000005b50       0x14 S:/UltimateEnvironment/code-mod-example/param-replace/code-mod-framework/lib/libnx_min/nx/lib\libnx_min.a(svc.o)
                0x0000000000005b50                svcGetResourceLimitLimitValue
 .text.svcGetResourceLimitCurrentValue
                0x0000000000005b64       0x14 S:/UltimateEnvironment/code-mod-example/param-replace/code-mod-framework/lib/libnx_min/nx/lib\libnx_min.a(svc.o)
                0x0000000000005b64                svcGetResourceLimitCurrentValue
 .text.svcSetThreadActivity
                0x0000000000005b78        0x8 S:/UltimateEnvironment/code-mod-example/param-replace/code-mod-framework/lib/libnx_min/nx/lib\libnx_min.a(svc.o)
                0x0000000000005b78                svcSetThreadActivity
 .text.svcGetThreadContext3
                0x0000000000005b80        0x8 S:/UltimateEnvironment/code-mod-example/param-replace/code-mod-framework/lib/libnx_min/nx/lib\libnx_min.a(svc.o)
                0x0000000000005b80                svcGetThreadContext3
 .text.svcCreateSession
                0x0000000000005b88       0x18 S:/UltimateEnvironment/code-mod-example/param-replace/code-mod-framework/lib/libnx_min/nx/lib\libnx_min.a(svc.o)
                0x0000000000005b88                svcCreateSession
 .text.svcAcceptSession
                0x0000000000005ba0       0x14 S:/UltimateEnvironment/code-mod-example/param-replace/code-mod-framework/lib/libnx_min/nx/lib\libnx_min.a(svc.o)
                0x0000000000005ba0                svcAcceptSession
 .text.svcReplyAndReceive
                0x0000000000005bb4       0x14 S:/UltimateEnvironment/code-mod-example/param-replace/code-mod-framework/lib/libnx_min/nx/lib\libnx_min.a(svc.o)
                0x0000000000005bb4                svcReplyAndReceive
 .text.svcReplyAndReceiveWithUserBuffer
                0x0000000000005bc8       0x14 S:/UltimateEnvironment/code-mod-example/param-replace/code-mod-framework/lib/libnx_min/nx/lib\libnx_min.a(svc.o)
                0x0000000000005bc8                svcReplyAndReceiveWithUserBuffer
 .text.svcCreateEvent
                0x0000000000005bdc       0x18 S:/UltimateEnvironment/code-mod-example/param-replace/code-mod-framework/lib/libnx_min/nx/lib\libnx_min.a(svc.o)
                0x0000000000005bdc                svcCreateEvent
 .text.svcMapPhysicalMemoryUnsafe
                0x0000000000005bf4        0x8 S:/UltimateEnvironment/code-mod-example/param-replace/code-mod-framework/lib/libnx_min/nx/lib\libnx_min.a(svc.o)
                0x0000000000005bf4                svcMapPhysicalMemoryUnsafe
 .text.svcUnmapPhysicalMemoryUnsafe
                0x0000000000005bfc        0x8 S:/UltimateEnvironment/code-mod-example/param-replace/code-mod-framework/lib/libnx_min/nx/lib\libnx_min.a(svc.o)
                0x0000000000005bfc                svcUnmapPhysicalMemoryUnsafe
 .text.svcSetUnsafeLimit
                0x0000000000005c04        0x8 S:/UltimateEnvironment/code-mod-example/param-replace/code-mod-framework/lib/libnx_min/nx/lib\libnx_min.a(svc.o)
                0x0000000000005c04                svcSetUnsafeLimit
 .text.svcCreateCodeMemory
                0x0000000000005c0c       0x14 S:/UltimateEnvironment/code-mod-example/param-replace/code-mod-framework/lib/libnx_min/nx/lib\libnx_min.a(svc.o)
                0x0000000000005c0c                svcCreateCodeMemory
 .text.svcControlCodeMemory
                0x0000000000005c20        0x8 S:/UltimateEnvironment/code-mod-example/param-replace/code-mod-framework/lib/libnx_min/nx/lib\libnx_min.a(svc.o)
                0x0000000000005c20                svcControlCodeMemory
 .text.svcReadWriteRegister
                0x0000000000005c28       0x14 S:/UltimateEnvironment/code-mod-example/param-replace/code-mod-framework/lib/libnx_min/nx/lib\libnx_min.a(svc.o)
                0x0000000000005c28                svcReadWriteRegister
 .text.svcCreateSharedMemory
                0x0000000000005c3c       0x14 S:/UltimateEnvironment/code-mod-example/param-replace/code-mod-framework/lib/libnx_min/nx/lib\libnx_min.a(svc.o)
                0x0000000000005c3c                svcCreateSharedMemory
 .text.svcMapTransferMemory
                0x0000000000005c50        0x8 S:/UltimateEnvironment/code-mod-example/param-replace/code-mod-framework/lib/libnx_min/nx/lib\libnx_min.a(svc.o)
                0x0000000000005c50                svcMapTransferMemory
 .text.svcUnmapTransferMemory
                0x0000000000005c58        0x8 S:/UltimateEnvironment/code-mod-example/param-replace/code-mod-framework/lib/libnx_min/nx/lib\libnx_min.a(svc.o)
                0x0000000000005c58                svcUnmapTransferMemory
 .text.svcCreateInterruptEvent
                0x0000000000005c60       0x14 S:/UltimateEnvironment/code-mod-example/param-replace/code-mod-framework/lib/libnx_min/nx/lib\libnx_min.a(svc.o)
                0x0000000000005c60                svcCreateInterruptEvent
 .text.svcQueryPhysicalAddress
                0x0000000000005c74       0x18 S:/UltimateEnvironment/code-mod-example/param-replace/code-mod-framework/lib/libnx_min/nx/lib\libnx_min.a(svc.o)
                0x0000000000005c74                svcQueryPhysicalAddress
 .text.svcQueryIoMapping
                0x0000000000005c8c       0x14 S:/UltimateEnvironment/code-mod-example/param-replace/code-mod-framework/lib/libnx_min/nx/lib\libnx_min.a(svc.o)
                0x0000000000005c8c                svcQueryIoMapping
 .text.svcCreateDeviceAddressSpace
                0x0000000000005ca0       0x14 S:/UltimateEnvironment/code-mod-example/param-replace/code-mod-framework/lib/libnx_min/nx/lib\libnx_min.a(svc.o)
                0x0000000000005ca0                svcCreateDeviceAddressSpace
 .text.svcAttachDeviceAddressSpace
                0x0000000000005cb4        0x8 S:/UltimateEnvironment/code-mod-example/param-replace/code-mod-framework/lib/libnx_min/nx/lib\libnx_min.a(svc.o)
                0x0000000000005cb4                svcAttachDeviceAddressSpace
 .text.svcDetachDeviceAddressSpace
                0x0000000000005cbc        0x8 S:/UltimateEnvironment/code-mod-example/param-replace/code-mod-framework/lib/libnx_min/nx/lib\libnx_min.a(svc.o)
                0x0000000000005cbc                svcDetachDeviceAddressSpace
 .text.svcMapDeviceAddressSpaceByForce
                0x0000000000005cc4        0x8 S:/UltimateEnvironment/code-mod-example/param-replace/code-mod-framework/lib/libnx_min/nx/lib\libnx_min.a(svc.o)
                0x0000000000005cc4                svcMapDeviceAddressSpaceByForce
 .text.svcMapDeviceAddressSpaceAligned
                0x0000000000005ccc        0x8 S:/UltimateEnvironment/code-mod-example/param-replace/code-mod-framework/lib/libnx_min/nx/lib\libnx_min.a(svc.o)
                0x0000000000005ccc                svcMapDeviceAddressSpaceAligned
 .text.svcUnmapDeviceAddressSpace
                0x0000000000005cd4        0x8 S:/UltimateEnvironment/code-mod-example/param-replace/code-mod-framework/lib/libnx_min/nx/lib\libnx_min.a(svc.o)
                0x0000000000005cd4                svcUnmapDeviceAddressSpace
 .text.svcDebugActiveProcess
                0x0000000000005cdc       0x14 S:/UltimateEnvironment/code-mod-example/param-replace/code-mod-framework/lib/libnx_min/nx/lib\libnx_min.a(svc.o)
                0x0000000000005cdc                svcDebugActiveProcess
 .text.svcBreakDebugProcess
                0x0000000000005cf0        0x8 S:/UltimateEnvironment/code-mod-example/param-replace/code-mod-framework/lib/libnx_min/nx/lib\libnx_min.a(svc.o)
                0x0000000000005cf0                svcBreakDebugProcess
 .text.svcTerminateDebugProcess
                0x0000000000005cf8        0x8 S:/UltimateEnvironment/code-mod-example/param-replace/code-mod-framework/lib/libnx_min/nx/lib\libnx_min.a(svc.o)
                0x0000000000005cf8                svcTerminateDebugProcess
 .text.svcGetDebugEvent
                0x0000000000005d00        0x8 S:/UltimateEnvironment/code-mod-example/param-replace/code-mod-framework/lib/libnx_min/nx/lib\libnx_min.a(svc.o)
                0x0000000000005d00                svcGetDebugEvent
 .text.svcLegacyContinueDebugEvent
                0x0000000000005d08        0x8 S:/UltimateEnvironment/code-mod-example/param-replace/code-mod-framework/lib/libnx_min/nx/lib\libnx_min.a(svc.o)
                0x0000000000005d08                svcLegacyContinueDebugEvent
 .text.svcContinueDebugEvent
                0x0000000000005d10        0x8 S:/UltimateEnvironment/code-mod-example/param-replace/code-mod-framework/lib/libnx_min/nx/lib\libnx_min.a(svc.o)
                0x0000000000005d10                svcContinueDebugEvent
 .text.svcGetProcessList
                0x0000000000005d18       0x14 S:/UltimateEnvironment/code-mod-example/param-replace/code-mod-framework/lib/libnx_min/nx/lib\libnx_min.a(svc.o)
                0x0000000000005d18                svcGetProcessList
 .text.svcGetThreadList
                0x0000000000005d2c       0x14 S:/UltimateEnvironment/code-mod-example/param-replace/code-mod-framework/lib/libnx_min/nx/lib\libnx_min.a(svc.o)
                0x0000000000005d2c                svcGetThreadList
 .text.svcGetDebugThreadContext
                0x0000000000005d40        0x8 S:/UltimateEnvironment/code-mod-example/param-replace/code-mod-framework/lib/libnx_min/nx/lib\libnx_min.a(svc.o)
                0x0000000000005d40                svcGetDebugThreadContext
 .text.svcSetDebugThreadContext
                0x0000000000005d48        0x8 S:/UltimateEnvironment/code-mod-example/param-replace/code-mod-framework/lib/libnx_min/nx/lib\libnx_min.a(svc.o)
                0x0000000000005d48                svcSetDebugThreadContext
 .text.svcQueryDebugProcessMemory
                0x0000000000005d50       0x14 S:/UltimateEnvironment/code-mod-example/param-replace/code-mod-framework/lib/libnx_min/nx/lib\libnx_min.a(svc.o)
                0x0000000000005d50                svcQueryDebugProcessMemory
 .text.svcReadDebugProcessMemory
                0x0000000000005d64        0x8 S:/UltimateEnvironment/code-mod-example/param-replace/code-mod-framework/lib/libnx_min/nx/lib\libnx_min.a(svc.o)
                0x0000000000005d64                svcReadDebugProcessMemory
 .text.svcWriteDebugProcessMemory
                0x0000000000005d6c        0x8 S:/UltimateEnvironment/code-mod-example/param-replace/code-mod-framework/lib/libnx_min/nx/lib\libnx_min.a(svc.o)
                0x0000000000005d6c                svcWriteDebugProcessMemory
 .text.svcGetDebugThreadParam
                0x0000000000005d74       0x18 S:/UltimateEnvironment/code-mod-example/param-replace/code-mod-framework/lib/libnx_min/nx/lib\libnx_min.a(svc.o)
                0x0000000000005d74                svcGetDebugThreadParam
 .text.svcGetSystemInfo
                0x0000000000005d8c       0x14 S:/UltimateEnvironment/code-mod-example/param-replace/code-mod-framework/lib/libnx_min/nx/lib\libnx_min.a(svc.o)
                0x0000000000005d8c                svcGetSystemInfo
 .text.svcCreatePort
                0x0000000000005da0       0x18 S:/UltimateEnvironment/code-mod-example/param-replace/code-mod-framework/lib/libnx_min/nx/lib\libnx_min.a(svc.o)
                0x0000000000005da0                svcCreatePort
 .text.svcManageNamedPort
                0x0000000000005db8       0x14 S:/UltimateEnvironment/code-mod-example/param-replace/code-mod-framework/lib/libnx_min/nx/lib\libnx_min.a(svc.o)
                0x0000000000005db8                svcManageNamedPort
 .text.svcConnectToPort
                0x0000000000005dcc       0x14 S:/UltimateEnvironment/code-mod-example/param-replace/code-mod-framework/lib/libnx_min/nx/lib\libnx_min.a(svc.o)
                0x0000000000005dcc                svcConnectToPort
 .text.svcSetProcessMemoryPermission
                0x0000000000005de0        0x8 S:/UltimateEnvironment/code-mod-example/param-replace/code-mod-framework/lib/libnx_min/nx/lib\libnx_min.a(svc.o)
                0x0000000000005de0                svcSetProcessMemoryPermission
 .text.svcMapProcessMemory
                0x0000000000005de8        0x8 S:/UltimateEnvironment/code-mod-example/param-replace/code-mod-framework/lib/libnx_min/nx/lib\libnx_min.a(svc.o)
                0x0000000000005de8                svcMapProcessMemory
 .text.svcUnmapProcessMemory
                0x0000000000005df0        0x8 S:/UltimateEnvironment/code-mod-example/param-replace/code-mod-framework/lib/libnx_min/nx/lib\libnx_min.a(svc.o)
                0x0000000000005df0                svcUnmapProcessMemory
 .text.svcQueryProcessMemory
                0x0000000000005df8       0x14 S:/UltimateEnvironment/code-mod-example/param-replace/code-mod-framework/lib/libnx_min/nx/lib\libnx_min.a(svc.o)
                0x0000000000005df8                svcQueryProcessMemory
 .text.svcMapProcessCodeMemory
                0x0000000000005e0c        0x8 S:/UltimateEnvironment/code-mod-example/param-replace/code-mod-framework/lib/libnx_min/nx/lib\libnx_min.a(svc.o)
                0x0000000000005e0c                svcMapProcessCodeMemory
 .text.svcUnmapProcessCodeMemory
                0x0000000000005e14        0x8 S:/UltimateEnvironment/code-mod-example/param-replace/code-mod-framework/lib/libnx_min/nx/lib\libnx_min.a(svc.o)
                0x0000000000005e14                svcUnmapProcessCodeMemory
 .text.svcCreateProcess
                0x0000000000005e1c       0x14 S:/UltimateEnvironment/code-mod-example/param-replace/code-mod-framework/lib/libnx_min/nx/lib\libnx_min.a(svc.o)
                0x0000000000005e1c                svcCreateProcess
 .text.svcStartProcess
                0x0000000000005e30        0x8 S:/UltimateEnvironment/code-mod-example/param-replace/code-mod-framework/lib/libnx_min/nx/lib\libnx_min.a(svc.o)
                0x0000000000005e30                svcStartProcess
 .text.svcTerminateProcess
                0x0000000000005e38        0x8 S:/UltimateEnvironment/code-mod-example/param-replace/code-mod-framework/lib/libnx_min/nx/lib\libnx_min.a(svc.o)
                0x0000000000005e38                svcTerminateProcess
 .text.svcGetProcessInfo
                0x0000000000005e40       0x14 S:/UltimateEnvironment/code-mod-example/param-replace/code-mod-framework/lib/libnx_min/nx/lib\libnx_min.a(svc.o)
                0x0000000000005e40                svcGetProcessInfo
 .text.svcCreateResourceLimit
                0x0000000000005e54       0x14 S:/UltimateEnvironment/code-mod-example/param-replace/code-mod-framework/lib/libnx_min/nx/lib\libnx_min.a(svc.o)
                0x0000000000005e54                svcCreateResourceLimit
 .text.svcSetResourceLimitLimitValue
                0x0000000000005e68        0x8 S:/UltimateEnvironment/code-mod-example/param-replace/code-mod-framework/lib/libnx_min/nx/lib\libnx_min.a(svc.o)
                0x0000000000005e68                svcSetResourceLimitLimitValue
 .text.svcCallSecureMonitor
                0x0000000000005e70       0x34 S:/UltimateEnvironment/code-mod-example/param-replace/code-mod-framework/lib/libnx_min/nx/lib\libnx_min.a(svc.o)
                0x0000000000005e70                svcCallSecureMonitor
 .text.__aarch64_read_tp
                0x0000000000005ea4        0xc S:/UltimateEnvironment/code-mod-example/param-replace/code-mod-framework/lib/libnx_min/nx/lib\libnx_min.a(readtp.o)
                0x0000000000005ea4                __aarch64_read_tp
 .text._GetRegionFromInfo.isra.1
                0x0000000000005eb0       0x7c S:/UltimateEnvironment/code-mod-example/param-replace/code-mod-framework/lib/libnx_min/nx/lib\libnx_min.a(virtmem.o)
 *fill*         0x0000000000005f2c        0x4 
 .text.virtmemSetup
                0x0000000000005f30      0x114 S:/UltimateEnvironment/code-mod-example/param-replace/code-mod-framework/lib/libnx_min/nx/lib\libnx_min.a(virtmem.o)
                0x0000000000005f30                virtmemSetup
 *fill*         0x0000000000006044        0xc 
 .text.virtmemReserve
                0x0000000000006050      0x13c S:/UltimateEnvironment/code-mod-example/param-replace/code-mod-framework/lib/libnx_min/nx/lib\libnx_min.a(virtmem.o)
                0x0000000000006050                virtmemReserve
 *fill*         0x000000000000618c        0x4 
 .text.virtmemFree
                0x0000000000006190        0x4 S:/UltimateEnvironment/code-mod-example/param-replace/code-mod-framework/lib/libnx_min/nx/lib\libnx_min.a(virtmem.o)
                0x0000000000006190                virtmemFree
 *fill*         0x0000000000006194        0xc 
 .text.virtmemReserveStack
                0x00000000000061a0       0xc8 S:/UltimateEnvironment/code-mod-example/param-replace/code-mod-framework/lib/libnx_min/nx/lib\libnx_min.a(virtmem.o)
                0x00000000000061a0                virtmemReserveStack
 *fill*         0x0000000000006268        0x8 
 .text.virtmemFreeStack
                0x0000000000006270        0x4 S:/UltimateEnvironment/code-mod-example/param-replace/code-mod-framework/lib/libnx_min/nx/lib\libnx_min.a(virtmem.o)
                0x0000000000006270                virtmemFreeStack
 *fill*         0x0000000000006274        0xc 
 .text.mutexLock
                0x0000000000006280       0x8c S:/UltimateEnvironment/code-mod-example/param-replace/code-mod-framework/lib/libnx_min/nx/lib\libnx_min.a(mutex.o)
                0x0000000000006280                mutexLock
 *fill*         0x000000000000630c        0x4 
 .text.mutexTryLock
                0x0000000000006310       0x34 S:/UltimateEnvironment/code-mod-example/param-replace/code-mod-framework/lib/libnx_min/nx/lib\libnx_min.a(mutex.o)
                0x0000000000006310                mutexTryLock
 *fill*         0x0000000000006344        0xc 
 .text.mutexUnlock
                0x0000000000006350       0x30 S:/UltimateEnvironment/code-mod-example/param-replace/code-mod-framework/lib/libnx_min/nx/lib\libnx_min.a(mutex.o)
                0x0000000000006350                mutexUnlock
 .text.rmutexLock
                0x0000000000006380       0x4c S:/UltimateEnvironment/code-mod-example/param-replace/code-mod-framework/lib/libnx_min/nx/lib\libnx_min.a(mutex.o)
                0x0000000000006380                rmutexLock
 *fill*         0x00000000000063cc        0x4 
 .text.rmutexTryLock
                0x00000000000063d0       0x5c S:/UltimateEnvironment/code-mod-example/param-replace/code-mod-framework/lib/libnx_min/nx/lib\libnx_min.a(mutex.o)
                0x00000000000063d0                rmutexTryLock
 *fill*         0x000000000000642c        0x4 
 .text.rmutexUnlock
                0x0000000000006430       0x1c S:/UltimateEnvironment/code-mod-example/param-replace/code-mod-framework/lib/libnx_min/nx/lib\libnx_min.a(mutex.o)
                0x0000000000006430                rmutexUnlock
 *fill*         0x000000000000644c        0x4 
 .text.ipcPrepareHeader
                0x0000000000006450      0x220 S:/UltimateEnvironment/code-mod-example/param-replace/code-mod-framework/lib/libnx_min/nx/lib\libnx_min.a(fs.o)
 .text.ipcParse
                0x0000000000006670      0x22c S:/UltimateEnvironment/code-mod-example/param-replace/code-mod-framework/lib/libnx_min/nx/lib\libnx_min.a(fs.o)
 *fill*         0x000000000000689c        0x4 
 .text.serviceIpcParse
                0x00000000000068a0       0xb0 S:/UltimateEnvironment/code-mod-example/param-replace/code-mod-framework/lib/libnx_min/nx/lib\libnx_min.a(fs.o)
 .text.ipcCloseObjectById
                0x0000000000006950       0x34 S:/UltimateEnvironment/code-mod-example/param-replace/code-mod-framework/lib/libnx_min/nx/lib\libnx_min.a(fs.o)
 *fill*         0x0000000000006984        0xc 
 .text._fsDeviceOperatorCheckInserted
                0x0000000000006990      0x19c S:/UltimateEnvironment/code-mod-example/param-replace/code-mod-framework/lib/libnx_min/nx/lib\libnx_min.a(fs.o)
 *fill*         0x0000000000006b2c        0x4 
 .text.fsFsQueryEntry.part.12
                0x0000000000006b30      0x274 S:/UltimateEnvironment/code-mod-example/param-replace/code-mod-framework/lib/libnx_min/nx/lib\libnx_min.a(fs.o)
 *fill*         0x0000000000006da4        0xc 
 .text.fsInitialize
                0x0000000000006db0      0x200 S:/UltimateEnvironment/code-mod-example/param-replace/code-mod-framework/lib/libnx_min/nx/lib\libnx_min.a(fs.o)
                0x0000000000006db0                fsInitialize
 .text.fsExit   0x0000000000006fb0       0x9c S:/UltimateEnvironment/code-mod-example/param-replace/code-mod-framework/lib/libnx_min/nx/lib\libnx_min.a(fs.o)
                0x0000000000006fb0                fsExit
 *fill*         0x000000000000704c        0x4 
 .text.fsGetServiceSession
                0x0000000000007050        0xc S:/UltimateEnvironment/code-mod-example/param-replace/code-mod-framework/lib/libnx_min/nx/lib\libnx_min.a(fs.o)
                0x0000000000007050                fsGetServiceSession
 *fill*         0x000000000000705c        0x4 
 .text.fsOpenBisStorage
                0x0000000000007060      0x1ec S:/UltimateEnvironment/code-mod-example/param-replace/code-mod-framework/lib/libnx_min/nx/lib\libnx_min.a(fs.o)
                0x0000000000007060                fsOpenBisStorage
 *fill*         0x000000000000724c        0x4 
 .text.fsOpenBisFileSystem
                0x0000000000007250      0x170 S:/UltimateEnvironment/code-mod-example/param-replace/code-mod-framework/lib/libnx_min/nx/lib\libnx_min.a(fs.o)
                0x0000000000007250                fsOpenBisFileSystem
 .text.fsMountSdcard
                0x00000000000073c0      0x1cc S:/UltimateEnvironment/code-mod-example/param-replace/code-mod-framework/lib/libnx_min/nx/lib\libnx_min.a(fs.o)
                0x00000000000073c0                fsMountSdcard
 *fill*         0x000000000000758c        0x4 
 .text.fsMountSaveData
                0x0000000000007590      0x208 S:/UltimateEnvironment/code-mod-example/param-replace/code-mod-framework/lib/libnx_min/nx/lib\libnx_min.a(fs.o)
                0x0000000000007590                fsMountSaveData
 *fill*         0x0000000000007798        0x8 
 .text.fsMountSystemSaveData
                0x00000000000077a0      0x208 S:/UltimateEnvironment/code-mod-example/param-replace/code-mod-framework/lib/libnx_min/nx/lib\libnx_min.a(fs.o)
                0x00000000000077a0                fsMountSystemSaveData
 *fill*         0x00000000000079a8        0x8 
 .text.fsOpenSaveDataIterator
                0x00000000000079b0      0x1e0 S:/UltimateEnvironment/code-mod-example/param-replace/code-mod-framework/lib/libnx_min/nx/lib\libnx_min.a(fs.o)
                0x00000000000079b0                fsOpenSaveDataIterator
 .text.fsOpenContentStorageFileSystem
                0x0000000000007b90      0x1d4 S:/UltimateEnvironment/code-mod-example/param-replace/code-mod-framework/lib/libnx_min/nx/lib\libnx_min.a(fs.o)
                0x0000000000007b90                fsOpenContentStorageFileSystem
 *fill*         0x0000000000007d64        0xc 
 .text.fsOpenDataStorageByCurrentProcess
                0x0000000000007d70      0x1cc S:/UltimateEnvironment/code-mod-example/param-replace/code-mod-framework/lib/libnx_min/nx/lib\libnx_min.a(fs.o)
                0x0000000000007d70                fsOpenDataStorageByCurrentProcess
 *fill*         0x0000000000007f3c        0x4 
 .text.fsOpenDataStorageByDataId
                0x0000000000007f40      0x200 S:/UltimateEnvironment/code-mod-example/param-replace/code-mod-framework/lib/libnx_min/nx/lib\libnx_min.a(fs.o)
                0x0000000000007f40                fsOpenDataStorageByDataId
 .text.fsOpenDeviceOperator
                0x0000000000008140      0x1cc S:/UltimateEnvironment/code-mod-example/param-replace/code-mod-framework/lib/libnx_min/nx/lib\libnx_min.a(fs.o)
                0x0000000000008140                fsOpenDeviceOperator
 *fill*         0x000000000000830c        0x4 
 .text.fsOpenSdCardDetectionEventNotifier
                0x0000000000008310      0x1cc S:/UltimateEnvironment/code-mod-example/param-replace/code-mod-framework/lib/libnx_min/nx/lib\libnx_min.a(fs.o)
                0x0000000000008310                fsOpenSdCardDetectionEventNotifier
 *fill*         0x00000000000084dc        0x4 
 .text.fsGetRightsIdByPath
                0x00000000000084e0      0x174 S:/UltimateEnvironment/code-mod-example/param-replace/code-mod-framework/lib/libnx_min/nx/lib\libnx_min.a(fs.o)
                0x00000000000084e0                fsGetRightsIdByPath
 *fill*         0x0000000000008654        0xc 
 .text.fsGetRightsIdAndKeyGenerationByPath
                0x0000000000008660      0x184 S:/UltimateEnvironment/code-mod-example/param-replace/code-mod-framework/lib/libnx_min/nx/lib\libnx_min.a(fs.o)
                0x0000000000008660                fsGetRightsIdAndKeyGenerationByPath
 *fill*         0x00000000000087e4        0xc 
 .text.fsIsExFatSupported
                0x00000000000087f0      0x138 S:/UltimateEnvironment/code-mod-example/param-replace/code-mod-framework/lib/libnx_min/nx/lib\libnx_min.a(fs.o)
                0x00000000000087f0                fsIsExFatSupported
 *fill*         0x0000000000008928        0x8 
 .text.fsMount_SaveData
                0x0000000000008930       0x3c S:/UltimateEnvironment/code-mod-example/param-replace/code-mod-framework/lib/libnx_min/nx/lib\libnx_min.a(fs.o)
                0x0000000000008930                fsMount_SaveData
 *fill*         0x000000000000896c        0x4 
 .text.fsMount_SystemSaveData
                0x0000000000008970       0x30 S:/UltimateEnvironment/code-mod-example/param-replace/code-mod-framework/lib/libnx_min/nx/lib\libnx_min.a(fs.o)
                0x0000000000008970                fsMount_SystemSaveData
 .text.fsOpenFileSystemWithId
                0x00000000000089a0      0x248 S:/UltimateEnvironment/code-mod-example/param-replace/code-mod-framework/lib/libnx_min/nx/lib\libnx_min.a(fs.o)
                0x00000000000089a0                fsOpenFileSystemWithId
 *fill*         0x0000000000008be8        0x8 
 .text.fsOpenFileSystem
                0x0000000000008bf0       0x10 S:/UltimateEnvironment/code-mod-example/param-replace/code-mod-framework/lib/libnx_min/nx/lib\libnx_min.a(fs.o)
                0x0000000000008bf0                fsOpenFileSystem
 .text.fsOpenFileSystemWithPatch
                0x0000000000008c00      0x184 S:/UltimateEnvironment/code-mod-example/param-replace/code-mod-framework/lib/libnx_min/nx/lib\libnx_min.a(fs.o)
                0x0000000000008c00                fsOpenFileSystemWithPatch
 *fill*         0x0000000000008d84        0xc 
 .text.fsFsCreateFile
                0x0000000000008d90      0x1a4 S:/UltimateEnvironment/code-mod-example/param-replace/code-mod-framework/lib/libnx_min/nx/lib\libnx_min.a(fs.o)
                0x0000000000008d90                fsFsCreateFile
 *fill*         0x0000000000008f34        0xc 
 .text.fsFsDeleteFile
                0x0000000000008f40      0x19c S:/UltimateEnvironment/code-mod-example/param-replace/code-mod-framework/lib/libnx_min/nx/lib\libnx_min.a(fs.o)
                0x0000000000008f40                fsFsDeleteFile
 *fill*         0x00000000000090dc        0x4 
 .text.fsFsCreateDirectory
                0x00000000000090e0      0x19c S:/UltimateEnvironment/code-mod-example/param-replace/code-mod-framework/lib/libnx_min/nx/lib\libnx_min.a(fs.o)
                0x00000000000090e0                fsFsCreateDirectory
 *fill*         0x000000000000927c        0x4 
 .text.fsFsDeleteDirectory
                0x0000000000009280      0x19c S:/UltimateEnvironment/code-mod-example/param-replace/code-mod-framework/lib/libnx_min/nx/lib\libnx_min.a(fs.o)
                0x0000000000009280                fsFsDeleteDirectory
 *fill*         0x000000000000941c        0x4 
 .text.fsFsDeleteDirectoryRecursively
                0x0000000000009420      0x19c S:/UltimateEnvironment/code-mod-example/param-replace/code-mod-framework/lib/libnx_min/nx/lib\libnx_min.a(fs.o)
                0x0000000000009420                fsFsDeleteDirectoryRecursively
 *fill*         0x00000000000095bc        0x4 
 .text.fsFsRenameFile
                0x00000000000095c0      0x214 S:/UltimateEnvironment/code-mod-example/param-replace/code-mod-framework/lib/libnx_min/nx/lib\libnx_min.a(fs.o)
                0x00000000000095c0                fsFsRenameFile
 *fill*         0x00000000000097d4        0xc 
 .text.fsFsRenameDirectory
                0x00000000000097e0      0x214 S:/UltimateEnvironment/code-mod-example/param-replace/code-mod-framework/lib/libnx_min/nx/lib\libnx_min.a(fs.o)
                0x00000000000097e0                fsFsRenameDirectory
 *fill*         0x00000000000099f4        0xc 
 .text.fsFsGetEntryType
                0x0000000000009a00      0x1b0 S:/UltimateEnvironment/code-mod-example/param-replace/code-mod-framework/lib/libnx_min/nx/lib\libnx_min.a(fs.o)
                0x0000000000009a00                fsFsGetEntryType
 .text.fsFsOpenFile
                0x0000000000009bb0      0x1e4 S:/UltimateEnvironment/code-mod-example/param-replace/code-mod-framework/lib/libnx_min/nx/lib\libnx_min.a(fs.o)
                0x0000000000009bb0                fsFsOpenFile
 *fill*         0x0000000000009d94        0xc 
 .text.fsFsOpenDirectory
                0x0000000000009da0      0x1f8 S:/UltimateEnvironment/code-mod-example/param-replace/code-mod-framework/lib/libnx_min/nx/lib\libnx_min.a(fs.o)
                0x0000000000009da0                fsFsOpenDirectory
 *fill*         0x0000000000009f98        0x8 
 .text.fsFsCommit
                0x0000000000009fa0      0x17c S:/UltimateEnvironment/code-mod-example/param-replace/code-mod-framework/lib/libnx_min/nx/lib\libnx_min.a(fs.o)
                0x0000000000009fa0                fsFsCommit
 *fill*         0x000000000000a11c        0x4 
 .text.fsFsGetFreeSpace
                0x000000000000a120      0x1b0 S:/UltimateEnvironment/code-mod-example/param-replace/code-mod-framework/lib/libnx_min/nx/lib\libnx_min.a(fs.o)
                0x000000000000a120                fsFsGetFreeSpace
 .text.fsFsGetTotalSpace
                0x000000000000a2d0      0x1b0 S:/UltimateEnvironment/code-mod-example/param-replace/code-mod-framework/lib/libnx_min/nx/lib\libnx_min.a(fs.o)
                0x000000000000a2d0                fsFsGetTotalSpace
 .text.fsFsCleanDirectoryRecursively
                0x000000000000a480      0x140 S:/UltimateEnvironment/code-mod-example/param-replace/code-mod-framework/lib/libnx_min/nx/lib\libnx_min.a(fs.o)
                0x000000000000a480                fsFsCleanDirectoryRecursively
 .text.fsFsGetFileTimeStampRaw
                0x000000000000a5c0      0x194 S:/UltimateEnvironment/code-mod-example/param-replace/code-mod-framework/lib/libnx_min/nx/lib\libnx_min.a(fs.o)
                0x000000000000a5c0                fsFsGetFileTimeStampRaw
 *fill*         0x000000000000a754        0xc 
 .text.fsFsQueryEntry
                0x000000000000a760       0x60 S:/UltimateEnvironment/code-mod-example/param-replace/code-mod-framework/lib/libnx_min/nx/lib\libnx_min.a(fs.o)
                0x000000000000a760                fsFsQueryEntry
 .text.fsFsSetArchiveBit
                0x000000000000a7c0       0x1c S:/UltimateEnvironment/code-mod-example/param-replace/code-mod-framework/lib/libnx_min/nx/lib\libnx_min.a(fs.o)
                0x000000000000a7c0                fsFsSetArchiveBit
 *fill*         0x000000000000a7dc        0x4 
 .text.fsFsClose
                0x000000000000a7e0       0x6c S:/UltimateEnvironment/code-mod-example/param-replace/code-mod-framework/lib/libnx_min/nx/lib\libnx_min.a(fs.o)
                0x000000000000a7e0                fsFsClose
 *fill*         0x000000000000a84c        0x4 
 .text.fsFileRead
                0x000000000000a850      0x1f8 S:/UltimateEnvironment/code-mod-example/param-replace/code-mod-framework/lib/libnx_min/nx/lib\libnx_min.a(fs.o)
                0x000000000000a850                fsFileRead
 *fill*         0x000000000000aa48        0x8 
 .text.fsFileWrite
                0x000000000000aa50      0x1cc S:/UltimateEnvironment/code-mod-example/param-replace/code-mod-framework/lib/libnx_min/nx/lib\libnx_min.a(fs.o)
                0x000000000000aa50                fsFileWrite
 *fill*         0x000000000000ac1c        0x4 
 .text.fsFileFlush
                0x000000000000ac20      0x17c S:/UltimateEnvironment/code-mod-example/param-replace/code-mod-framework/lib/libnx_min/nx/lib\libnx_min.a(fs.o)
                0x000000000000ac20                fsFileFlush
 *fill*         0x000000000000ad9c        0x4 
 .text.fsFileSetSize
                0x000000000000ada0      0x18c S:/UltimateEnvironment/code-mod-example/param-replace/code-mod-framework/lib/libnx_min/nx/lib\libnx_min.a(fs.o)
                0x000000000000ada0                fsFileSetSize
 *fill*         0x000000000000af2c        0x4 
 .text.fsFileGetSize
                0x000000000000af30      0x194 S:/UltimateEnvironment/code-mod-example/param-replace/code-mod-framework/lib/libnx_min/nx/lib\libnx_min.a(fs.o)
                0x000000000000af30                fsFileGetSize
 *fill*         0x000000000000b0c4        0xc 
 .text.fsFileOperateRange
                0x000000000000b0d0      0x180 S:/UltimateEnvironment/code-mod-example/param-replace/code-mod-framework/lib/libnx_min/nx/lib\libnx_min.a(fs.o)
                0x000000000000b0d0                fsFileOperateRange
 .text.fsFileClose
                0x000000000000b250       0x6c S:/UltimateEnvironment/code-mod-example/param-replace/code-mod-framework/lib/libnx_min/nx/lib\libnx_min.a(fs.o)
                0x000000000000b250                fsFileClose
 *fill*         0x000000000000b2bc        0x4 
 .text.fsDirClose
                0x000000000000b2c0       0x6c S:/UltimateEnvironment/code-mod-example/param-replace/code-mod-framework/lib/libnx_min/nx/lib\libnx_min.a(fs.o)
                0x000000000000b2c0                fsDirClose
 *fill*         0x000000000000b32c        0x4 
 .text.fsDirRead
                0x000000000000b330      0x1ec S:/UltimateEnvironment/code-mod-example/param-replace/code-mod-framework/lib/libnx_min/nx/lib\libnx_min.a(fs.o)
                0x000000000000b330                fsDirRead
 *fill*         0x000000000000b51c        0x4 
 .text.fsDirGetEntryCount
                0x000000000000b520      0x198 S:/UltimateEnvironment/code-mod-example/param-replace/code-mod-framework/lib/libnx_min/nx/lib\libnx_min.a(fs.o)
                0x000000000000b520                fsDirGetEntryCount
 *fill*         0x000000000000b6b8        0x8 
 .text.fsStorageRead
                0x000000000000b6c0      0x1d0 S:/UltimateEnvironment/code-mod-example/param-replace/code-mod-framework/lib/libnx_min/nx/lib\libnx_min.a(fs.o)
                0x000000000000b6c0                fsStorageRead
 .text.fsStorageWrite
                0x000000000000b890      0x1d0 S:/UltimateEnvironment/code-mod-example/param-replace/code-mod-framework/lib/libnx_min/nx/lib\libnx_min.a(fs.o)
                0x000000000000b890                fsStorageWrite
 .text.fsStorageFlush
                0x000000000000ba60      0x17c S:/UltimateEnvironment/code-mod-example/param-replace/code-mod-framework/lib/libnx_min/nx/lib\libnx_min.a(fs.o)
                0x000000000000ba60                fsStorageFlush
 *fill*         0x000000000000bbdc        0x4 
 .text.fsStorageSetSize
                0x000000000000bbe0      0x18c S:/UltimateEnvironment/code-mod-example/param-replace/code-mod-framework/lib/libnx_min/nx/lib\libnx_min.a(fs.o)
                0x000000000000bbe0                fsStorageSetSize
 *fill*         0x000000000000bd6c        0x4 
 .text.fsStorageGetSize
                0x000000000000bd70      0x194 S:/UltimateEnvironment/code-mod-example/param-replace/code-mod-framework/lib/libnx_min/nx/lib\libnx_min.a(fs.o)
                0x000000000000bd70                fsStorageGetSize
 *fill*         0x000000000000bf04        0xc 
 .text.fsStorageOperateRange
                0x000000000000bf10      0x180 S:/UltimateEnvironment/code-mod-example/param-replace/code-mod-framework/lib/libnx_min/nx/lib\libnx_min.a(fs.o)
                0x000000000000bf10                fsStorageOperateRange
 .text.fsStorageClose
                0x000000000000c090       0x6c S:/UltimateEnvironment/code-mod-example/param-replace/code-mod-framework/lib/libnx_min/nx/lib\libnx_min.a(fs.o)
                0x000000000000c090                fsStorageClose
 *fill*         0x000000000000c0fc        0x4 
 .text.fsSaveDataIteratorRead
                0x000000000000c100      0x1d0 S:/UltimateEnvironment/code-mod-example/param-replace/code-mod-framework/lib/libnx_min/nx/lib\libnx_min.a(fs.o)
                0x000000000000c100                fsSaveDataIteratorRead
 .text.fsSaveDataIteratorClose
                0x000000000000c2d0       0x6c S:/UltimateEnvironment/code-mod-example/param-replace/code-mod-framework/lib/libnx_min/nx/lib\libnx_min.a(fs.o)
                0x000000000000c2d0                fsSaveDataIteratorClose
 *fill*         0x000000000000c33c        0x4 
 .text.fsEventNotifierGetEventHandle
                0x000000000000c340      0x188 S:/UltimateEnvironment/code-mod-example/param-replace/code-mod-framework/lib/libnx_min/nx/lib\libnx_min.a(fs.o)
                0x000000000000c340                fsEventNotifierGetEventHandle
 *fill*         0x000000000000c4c8        0x8 
 .text.fsEventNotifierClose
                0x000000000000c4d0       0x6c S:/UltimateEnvironment/code-mod-example/param-replace/code-mod-framework/lib/libnx_min/nx/lib\libnx_min.a(fs.o)
                0x000000000000c4d0                fsEventNotifierClose
 *fill*         0x000000000000c53c        0x4 
 .text.fsDeviceOperatorIsSdCardInserted
                0x000000000000c540        0xc S:/UltimateEnvironment/code-mod-example/param-replace/code-mod-framework/lib/libnx_min/nx/lib\libnx_min.a(fs.o)
                0x000000000000c540                fsDeviceOperatorIsSdCardInserted
 *fill*         0x000000000000c54c        0x4 
 .text.fsDeviceOperatorIsGameCardInserted
                0x000000000000c550        0xc S:/UltimateEnvironment/code-mod-example/param-replace/code-mod-framework/lib/libnx_min/nx/lib\libnx_min.a(fs.o)
                0x000000000000c550                fsDeviceOperatorIsGameCardInserted
 *fill*         0x000000000000c55c        0x4 
 .text.fsDeviceOperatorGetGameCardHandle
                0x000000000000c560      0x190 S:/UltimateEnvironment/code-mod-example/param-replace/code-mod-framework/lib/libnx_min/nx/lib\libnx_min.a(fs.o)
                0x000000000000c560                fsDeviceOperatorGetGameCardHandle
 .text.fsDeviceOperatorGetGameCardAttribute
                0x000000000000c6f0      0x18c S:/UltimateEnvironment/code-mod-example/param-replace/code-mod-framework/lib/libnx_min/nx/lib\libnx_min.a(fs.o)
                0x000000000000c6f0                fsDeviceOperatorGetGameCardAttribute
 *fill*         0x000000000000c87c        0x4 
 .text.fsDeviceOperatorClose
                0x000000000000c880       0x6c S:/UltimateEnvironment/code-mod-example/param-replace/code-mod-framework/lib/libnx_min/nx/lib\libnx_min.a(fs.o)
                0x000000000000c880                fsDeviceOperatorClose
 *fill*         0x000000000000c8ec        0x4 
 .text.ipcCloseObjectById
                0x000000000000c8f0       0x34 S:/UltimateEnvironment/code-mod-example/param-replace/code-mod-framework/lib/libnx_min/nx/lib\libnx_min.a(set.o)
 *fill*         0x000000000000c924        0xc 
 .text._setMakeLanguageCode
                0x000000000000c930       0xf4 S:/UltimateEnvironment/code-mod-example/param-replace/code-mod-framework/lib/libnx_min/nx/lib\libnx_min.a(set.o)
 *fill*         0x000000000000ca24        0xc 
 .text._setsysGetFirmwareVersionImpl
                0x000000000000ca30      0x1d4 S:/UltimateEnvironment/code-mod-example/param-replace/code-mod-framework/lib/libnx_min/nx/lib\libnx_min.a(set.o)
 *fill*         0x000000000000cc04        0xc 
 .text.setInitialize
                0x000000000000cc10       0x44 S:/UltimateEnvironment/code-mod-example/param-replace/code-mod-framework/lib/libnx_min/nx/lib\libnx_min.a(set.o)
                0x000000000000cc10                setInitialize
 *fill*         0x000000000000cc54        0xc 
 .text.setExit  0x000000000000cc60       0x9c S:/UltimateEnvironment/code-mod-example/param-replace/code-mod-framework/lib/libnx_min/nx/lib\libnx_min.a(set.o)
                0x000000000000cc60                setExit
 *fill*         0x000000000000ccfc        0x4 
 .text.setsysInitialize
                0x000000000000cd00       0x3c S:/UltimateEnvironment/code-mod-example/param-replace/code-mod-framework/lib/libnx_min/nx/lib\libnx_min.a(set.o)
                0x000000000000cd00                setsysInitialize
 *fill*         0x000000000000cd3c        0x4 
 .text.setsysExit
                0x000000000000cd40       0x9c S:/UltimateEnvironment/code-mod-example/param-replace/code-mod-framework/lib/libnx_min/nx/lib\libnx_min.a(set.o)
                0x000000000000cd40                setsysExit
 *fill*         0x000000000000cddc        0x4 
 .text.setGetLanguageCode
                0x000000000000cde0       0xec S:/UltimateEnvironment/code-mod-example/param-replace/code-mod-framework/lib/libnx_min/nx/lib\libnx_min.a(set.o)
                0x000000000000cde0                setGetLanguageCode
 *fill*         0x000000000000cecc        0x4 
 .text.setGetSystemLanguage
                0x000000000000ced0        0x4 S:/UltimateEnvironment/code-mod-example/param-replace/code-mod-framework/lib/libnx_min/nx/lib\libnx_min.a(set.o)
                0x000000000000ced0                setGetSystemLanguage
 *fill*         0x000000000000ced4        0xc 
 .text.setGetAvailableLanguageCodeCount
                0x000000000000cee0      0x10c S:/UltimateEnvironment/code-mod-example/param-replace/code-mod-framework/lib/libnx_min/nx/lib\libnx_min.a(set.o)
                0x000000000000cee0                setGetAvailableLanguageCodeCount
 *fill*         0x000000000000cfec        0x4 
 .text.setGetAvailableLanguageCodes
                0x000000000000cff0      0x1b4 S:/UltimateEnvironment/code-mod-example/param-replace/code-mod-framework/lib/libnx_min/nx/lib\libnx_min.a(set.o)
                0x000000000000cff0                setGetAvailableLanguageCodes
 *fill*         0x000000000000d1a4        0xc 
 .text.setInitializeLanguageCodesCache
                0x000000000000d1b0       0x70 S:/UltimateEnvironment/code-mod-example/param-replace/code-mod-framework/lib/libnx_min/nx/lib\libnx_min.a(set.o)
 .text.setMakeLanguage
                0x000000000000d220       0x8c S:/UltimateEnvironment/code-mod-example/param-replace/code-mod-framework/lib/libnx_min/nx/lib\libnx_min.a(set.o)
                0x000000000000d220                setMakeLanguage
 *fill*         0x000000000000d2ac        0x4 
 .text.setMakeLanguageCode
                0x000000000000d2b0       0x80 S:/UltimateEnvironment/code-mod-example/param-replace/code-mod-framework/lib/libnx_min/nx/lib\libnx_min.a(set.o)
                0x000000000000d2b0                setMakeLanguageCode
 .text.setGetRegionCode
                0x000000000000d330       0xf0 S:/UltimateEnvironment/code-mod-example/param-replace/code-mod-framework/lib/libnx_min/nx/lib\libnx_min.a(set.o)
                0x000000000000d330                setGetRegionCode
 .text.setsysGetColorSetId
                0x000000000000d420       0xe4 S:/UltimateEnvironment/code-mod-example/param-replace/code-mod-framework/lib/libnx_min/nx/lib\libnx_min.a(set.o)
                0x000000000000d420                setsysGetColorSetId
 *fill*         0x000000000000d504        0xc 
 .text.setsysSetColorSetId
                0x000000000000d510       0xd0 S:/UltimateEnvironment/code-mod-example/param-replace/code-mod-framework/lib/libnx_min/nx/lib\libnx_min.a(set.o)
                0x000000000000d510                setsysSetColorSetId
 .text.setsysGetSettingsItemValue
                0x000000000000d5e0      0x19c S:/UltimateEnvironment/code-mod-example/param-replace/code-mod-framework/lib/libnx_min/nx/lib\libnx_min.a(set.o)
                0x000000000000d5e0                setsysGetSettingsItemValue
 *fill*         0x000000000000d77c        0x4 
 .text.setsysGetSettingsItemValueSize
                0x000000000000d780      0x198 S:/UltimateEnvironment/code-mod-example/param-replace/code-mod-framework/lib/libnx_min/nx/lib\libnx_min.a(set.o)
                0x000000000000d780                setsysGetSettingsItemValueSize
 *fill*         0x000000000000d918        0x8 
 .text.setsysGetSerialNumber
                0x000000000000d920      0x108 S:/UltimateEnvironment/code-mod-example/param-replace/code-mod-framework/lib/libnx_min/nx/lib\libnx_min.a(set.o)
                0x000000000000d920                setsysGetSerialNumber
 *fill*         0x000000000000da28        0x8 
 .text.setsysGetFlag
                0x000000000000da30       0xec S:/UltimateEnvironment/code-mod-example/param-replace/code-mod-framework/lib/libnx_min/nx/lib\libnx_min.a(set.o)
                0x000000000000da30                setsysGetFlag
 *fill*         0x000000000000db1c        0x4 
 .text.setsysSetFlag
                0x000000000000db20       0xd0 S:/UltimateEnvironment/code-mod-example/param-replace/code-mod-framework/lib/libnx_min/nx/lib\libnx_min.a(set.o)
                0x000000000000db20                setsysSetFlag
 .text.setsysGetFirmwareVersion
                0x000000000000dbf0       0x44 S:/UltimateEnvironment/code-mod-example/param-replace/code-mod-framework/lib/libnx_min/nx/lib\libnx_min.a(set.o)
                0x000000000000dbf0                setsysGetFirmwareVersion
 *fill*         0x000000000000dc34        0xc 
 .text.setsysBindFatalDirtyFlagEvent
                0x000000000000dc40      0x13c S:/UltimateEnvironment/code-mod-example/param-replace/code-mod-framework/lib/libnx_min/nx/lib\libnx_min.a(set.o)
                0x000000000000dc40                setsysBindFatalDirtyFlagEvent
 *fill*         0x000000000000dd7c        0x4 
 .text.setsysGetFatalDirtyFlags
                0x000000000000dd80       0xf8 S:/UltimateEnvironment/code-mod-example/param-replace/code-mod-framework/lib/libnx_min/nx/lib\libnx_min.a(set.o)
                0x000000000000dd80                setsysGetFatalDirtyFlags
 *fill*         0x000000000000de78        0x8 
 .text.setsysGetDeviceNickname
                0x000000000000de80       0xf8 S:/UltimateEnvironment/code-mod-example/param-replace/code-mod-framework/lib/libnx_min/nx/lib\libnx_min.a(set.o)
                0x000000000000de80                setsysGetDeviceNickname
 *fill*         0x000000000000df78        0x8 
 .text.setsysSetDeviceNickname
                0x000000000000df80      0x134 S:/UltimateEnvironment/code-mod-example/param-replace/code-mod-framework/lib/libnx_min/nx/lib\libnx_min.a(set.o)
                0x000000000000df80                setsysSetDeviceNickname
 *fill*         0x000000000000e0b4        0xc 
 .text._fatalImpl
                0x000000000000e0c0      0x140 S:/UltimateEnvironment/code-mod-example/param-replace/code-mod-framework/lib/libnx_min/nx/lib\libnx_min.a(fatal.o)
 .text.fatalWithType
                0x000000000000e200       0x14 S:/UltimateEnvironment/code-mod-example/param-replace/code-mod-framework/lib/libnx_min/nx/lib\libnx_min.a(fatal.o)
                0x000000000000e200                fatalWithType
 *fill*         0x000000000000e214        0xc 
 .text.fatalSimple
                0x000000000000e220       0x14 S:/UltimateEnvironment/code-mod-example/param-replace/code-mod-framework/lib/libnx_min/nx/lib\libnx_min.a(fatal.o)
                0x000000000000e220                fatalSimple
 *fill*         0x000000000000e234        0xc 
 .text.fatalWithContext
                0x000000000000e240       0x14 S:/UltimateEnvironment/code-mod-example/param-replace/code-mod-framework/lib/libnx_min/nx/lib\libnx_min.a(fatal.o)
                0x000000000000e240                fatalWithContext
 *fill*         0x000000000000e254        0xc 
 .text.ipcCloseObjectById
                0x000000000000e260       0x34 S:/UltimateEnvironment/code-mod-example/param-replace/code-mod-framework/lib/libnx_min/nx/lib\libnx_min.a(sm.o)
 *fill*         0x000000000000e294        0xc 
 .text.smAddOverrideHandle
                0x000000000000e2a0       0x44 S:/UltimateEnvironment/code-mod-example/param-replace/code-mod-framework/lib/libnx_min/nx/lib\libnx_min.a(sm.o)
                0x000000000000e2a0                smAddOverrideHandle
 *fill*         0x000000000000e2e4        0xc 
 .text.smGetServiceOverride
                0x000000000000e2f0       0x60 S:/UltimateEnvironment/code-mod-example/param-replace/code-mod-framework/lib/libnx_min/nx/lib\libnx_min.a(sm.o)
                0x000000000000e2f0                smGetServiceOverride
 .text.smHasInitialized
                0x000000000000e350       0x14 S:/UltimateEnvironment/code-mod-example/param-replace/code-mod-framework/lib/libnx_min/nx/lib\libnx_min.a(sm.o)
                0x000000000000e350                smHasInitialized
 *fill*         0x000000000000e364        0xc 
 .text.smExit   0x000000000000e370       0x9c S:/UltimateEnvironment/code-mod-example/param-replace/code-mod-framework/lib/libnx_min/nx/lib\libnx_min.a(sm.o)
                0x000000000000e370                smExit
 *fill*         0x000000000000e40c        0x4 
 .text.smGetServiceSession
                0x000000000000e410        0xc S:/UltimateEnvironment/code-mod-example/param-replace/code-mod-framework/lib/libnx_min/nx/lib\libnx_min.a(sm.o)
                0x000000000000e410                smGetServiceSession
 *fill*         0x000000000000e41c        0x4 
 .text.smEncodeName
                0x000000000000e420       0x38 S:/UltimateEnvironment/code-mod-example/param-replace/code-mod-framework/lib/libnx_min/nx/lib\libnx_min.a(sm.o)
                0x000000000000e420                smEncodeName
 *fill*         0x000000000000e458        0x8 
 .text.smGetServiceOriginal
                0x000000000000e460      0x22c S:/UltimateEnvironment/code-mod-example/param-replace/code-mod-framework/lib/libnx_min/nx/lib\libnx_min.a(sm.o)
                0x000000000000e460                smGetServiceOriginal
 *fill*         0x000000000000e68c        0x4 
 .text.smInitialize
                0x000000000000e690      0x27c S:/UltimateEnvironment/code-mod-example/param-replace/code-mod-framework/lib/libnx_min/nx/lib\libnx_min.a(sm.o)
                0x000000000000e690                smInitialize
 *fill*         0x000000000000e90c        0x4 
 .text.smGetService
                0x000000000000e910       0x74 S:/UltimateEnvironment/code-mod-example/param-replace/code-mod-framework/lib/libnx_min/nx/lib\libnx_min.a(sm.o)
                0x000000000000e910                smGetService
 *fill*         0x000000000000e984        0xc 
 .text.smRegisterService
                0x000000000000e990      0x25c S:/UltimateEnvironment/code-mod-example/param-replace/code-mod-framework/lib/libnx_min/nx/lib\libnx_min.a(sm.o)
                0x000000000000e990                smRegisterService
 *fill*         0x000000000000ebec        0x4 
 .text.smUnregisterService
                0x000000000000ebf0      0x1ac S:/UltimateEnvironment/code-mod-example/param-replace/code-mod-framework/lib/libnx_min/nx/lib\libnx_min.a(sm.o)
                0x000000000000ebf0                smUnregisterService
 *fill*         0x000000000000ed9c        0x4 
 .text._hidGetDeviceHandles.part.7
                0x000000000000eda0       0xec S:/UltimateEnvironment/code-mod-example/param-replace/code-mod-framework/lib/libnx_min/nx/lib\libnx_min.a(hid.o)
 *fill*         0x000000000000ee8c        0x4 
 .text.ipcCloseObjectById
                0x000000000000ee90       0x34 S:/UltimateEnvironment/code-mod-example/param-replace/code-mod-framework/lib/libnx_min/nx/lib\libnx_min.a(hid.o)
 *fill*         0x000000000000eec4        0xc 
 .text._hidActivateVibrationDevice
                0x000000000000eed0       0xc8 S:/UltimateEnvironment/code-mod-example/param-replace/code-mod-framework/lib/libnx_min/nx/lib\libnx_min.a(hid.o)
 *fill*         0x000000000000ef98        0x8 
 .text._hidGetSharedMemoryHandle.constprop.17
                0x000000000000efa0      0x124 S:/UltimateEnvironment/code-mod-example/param-replace/code-mod-framework/lib/libnx_min/nx/lib\libnx_min.a(hid.o)
 *fill*         0x000000000000f0c4        0xc 
 .text._hidCreateActiveVibrationDeviceList
                0x000000000000f0d0      0x134 S:/UltimateEnvironment/code-mod-example/param-replace/code-mod-framework/lib/libnx_min/nx/lib\libnx_min.a(hid.o)
 *fill*         0x000000000000f204        0xc 
 .text._hidCmdWithNoInput
                0x000000000000f210      0x100 S:/UltimateEnvironment/code-mod-example/param-replace/code-mod-framework/lib/libnx_min/nx/lib\libnx_min.a(hid.o)
 .text._hidCreateAppletResource.constprop.16
                0x000000000000f310      0x134 S:/UltimateEnvironment/code-mod-example/param-replace/code-mod-framework/lib/libnx_min/nx/lib\libnx_min.a(hid.o)
 *fill*         0x000000000000f444        0xc 
 .text._hidCmdWithInputU32
                0x000000000000f450      0x10c S:/UltimateEnvironment/code-mod-example/param-replace/code-mod-framework/lib/libnx_min/nx/lib\libnx_min.a(hid.o)
 *fill*         0x000000000000f55c        0x4 
 .text._hidCmdWithInputU64.constprop.18
                0x000000000000f560      0x108 S:/UltimateEnvironment/code-mod-example/param-replace/code-mod-framework/lib/libnx_min/nx/lib\libnx_min.a(hid.o)
 *fill*         0x000000000000f668        0x8 
 .text._hidInitializeSevenSixAxisSensor.isra.11.constprop.19
                0x000000000000f670      0x1f8 S:/UltimateEnvironment/code-mod-example/param-replace/code-mod-framework/lib/libnx_min/nx/lib\libnx_min.a(hid.o)
 *fill*         0x000000000000f868        0x8 
 .text.hidReset
                0x000000000000f870      0x1f8 S:/UltimateEnvironment/code-mod-example/param-replace/code-mod-framework/lib/libnx_min/nx/lib\libnx_min.a(hid.o)
                0x000000000000f870                hidReset
 *fill*         0x000000000000fa68        0x8 
 .text.hidGetSessionService
                0x000000000000fa70        0xc S:/UltimateEnvironment/code-mod-example/param-replace/code-mod-framework/lib/libnx_min/nx/lib\libnx_min.a(hid.o)
                0x000000000000fa70                hidGetSessionService
 *fill*         0x000000000000fa7c        0x4 
 .text.hidGetSharedmemAddr
                0x000000000000fa80        0xc S:/UltimateEnvironment/code-mod-example/param-replace/code-mod-framework/lib/libnx_min/nx/lib\libnx_min.a(hid.o)
                0x000000000000fa80                hidGetSharedmemAddr
 *fill*         0x000000000000fa8c        0x4 
 .text.hidSetControllerLayout
                0x000000000000fa90       0x54 S:/UltimateEnvironment/code-mod-example/param-replace/code-mod-framework/lib/libnx_min/nx/lib\libnx_min.a(hid.o)
                0x000000000000fa90                hidSetControllerLayout
 *fill*         0x000000000000fae4        0xc 
 .text.hidGetControllerLayout
                0x000000000000faf0       0x50 S:/UltimateEnvironment/code-mod-example/param-replace/code-mod-framework/lib/libnx_min/nx/lib\libnx_min.a(hid.o)
                0x000000000000faf0                hidGetControllerLayout
 .text.hidGetControllerType
                0x000000000000fb40       0x78 S:/UltimateEnvironment/code-mod-example/param-replace/code-mod-framework/lib/libnx_min/nx/lib\libnx_min.a(hid.o)
                0x000000000000fb40                hidGetControllerType
 *fill*         0x000000000000fbb8        0x8 
 .text.hidGetControllerColors
                0x000000000000fbc0       0xd4 S:/UltimateEnvironment/code-mod-example/param-replace/code-mod-framework/lib/libnx_min/nx/lib\libnx_min.a(hid.o)
                0x000000000000fbc0                hidGetControllerColors
 *fill*         0x000000000000fc94        0xc 
 .text.hidIsControllerConnected
                0x000000000000fca0       0x7c S:/UltimateEnvironment/code-mod-example/param-replace/code-mod-framework/lib/libnx_min/nx/lib\libnx_min.a(hid.o)
                0x000000000000fca0                hidIsControllerConnected
 *fill*         0x000000000000fd1c        0x4 
 .text.hidGetControllerDeviceType
                0x000000000000fd20       0x70 S:/UltimateEnvironment/code-mod-example/param-replace/code-mod-framework/lib/libnx_min/nx/lib\libnx_min.a(hid.o)
                0x000000000000fd20                hidGetControllerDeviceType
 .text.hidGetControllerFlags
                0x000000000000fd90       0x90 S:/UltimateEnvironment/code-mod-example/param-replace/code-mod-framework/lib/libnx_min/nx/lib\libnx_min.a(hid.o)
                0x000000000000fd90                hidGetControllerFlags
 .text.hidGetControllerPowerInfo
                0x000000000000fe20      0x114 S:/UltimateEnvironment/code-mod-example/param-replace/code-mod-framework/lib/libnx_min/nx/lib\libnx_min.a(hid.o)
                0x000000000000fe20                hidGetControllerPowerInfo
 *fill*         0x000000000000ff34        0xc 
 .text.hidKeysHeld
                0x000000000000ff40       0x6c S:/UltimateEnvironment/code-mod-example/param-replace/code-mod-framework/lib/libnx_min/nx/lib\libnx_min.a(hid.o)
                0x000000000000ff40                hidKeysHeld
 *fill*         0x000000000000ffac        0x4 
 .text.hidKeysDown
                0x000000000000ffb0       0x6c S:/UltimateEnvironment/code-mod-example/param-replace/code-mod-framework/lib/libnx_min/nx/lib\libnx_min.a(hid.o)
                0x000000000000ffb0                hidKeysDown
 *fill*         0x000000000001001c        0x4 
 .text.hidKeysUp
                0x0000000000010020       0x6c S:/UltimateEnvironment/code-mod-example/param-replace/code-mod-framework/lib/libnx_min/nx/lib\libnx_min.a(hid.o)
                0x0000000000010020                hidKeysUp
 *fill*         0x000000000001008c        0x4 
 .text.hidMouseButtonsHeld
                0x0000000000010090       0x3c S:/UltimateEnvironment/code-mod-example/param-replace/code-mod-framework/lib/libnx_min/nx/lib\libnx_min.a(hid.o)
                0x0000000000010090                hidMouseButtonsHeld
 *fill*         0x00000000000100cc        0x4 
 .text.hidMouseButtonsDown