Archive member included to satisfy reference by file (symbol)

S:/UltimateEnvironment/code-mod-example/param-replace/code-mod-framework/lib/libnx_min/nx/lib\libnx_min.a(switch_crt0.o)
                              (_start)
S:/UltimateEnvironment/code-mod-example/param-replace/code-mod-framework/lib/libnx_min/nx/lib\libnx_min.a(exception.o)
                              S:/UltimateEnvironment/code-mod-example/param-replace/code-mod-framework/lib/libnx_min/nx/lib\libnx_min.a(switch_crt0.o) (__libnx_exception_entry)
S:/UltimateEnvironment/code-mod-example/param-replace/code-mod-framework/lib/libnx_min/nx/lib\libnx_min.a(argv.o)
                              S:/UltimateEnvironment/code-mod-example/param-replace/code-mod-framework/lib/libnx_min/nx/lib\libnx_min.a(switch_crt0.o) (__system_argv)
S:/UltimateEnvironment/code-mod-example/param-replace/code-mod-framework/lib/libnx_min/nx/lib\libnx_min.a(env.o)
                              S:/UltimateEnvironment/code-mod-example/param-replace/code-mod-framework/lib/libnx_min/nx/lib\libnx_min.a(argv.o) (envIsNso)
S:/UltimateEnvironment/code-mod-example/param-replace/code-mod-framework/lib/libnx_min/nx/lib\libnx_min.a(init.o)
                              S:/UltimateEnvironment/code-mod-example/param-replace/code-mod-framework/lib/libnx_min/nx/lib\libnx_min.a(exception.o) (__nx_exceptiondump)
S:/UltimateEnvironment/code-mod-example/param-replace/code-mod-framework/lib/libnx_min/nx/lib\libnx_min.a(hosversion.o)
                              S:/UltimateEnvironment/code-mod-example/param-replace/code-mod-framework/lib/libnx_min/nx/lib\libnx_min.a(init.o) (hosversionSet)
S:/UltimateEnvironment/code-mod-example/param-replace/code-mod-framework/lib/libnx_min/nx/lib\libnx_min.a(dynamic.o)
                              S:/UltimateEnvironment/code-mod-example/param-replace/code-mod-framework/lib/libnx_min/nx/lib\libnx_min.a(switch_crt0.o) (__nx_dynamic)
S:/UltimateEnvironment/code-mod-example/param-replace/code-mod-framework/lib/libnx_min/nx/lib\libnx_min.a(fs_dev.o)
                              S:/UltimateEnvironment/code-mod-example/param-replace/code-mod-framework/lib/libnx_min/nx/lib\libnx_min.a(init.o) (fsdevMountSdmc)
S:/UltimateEnvironment/code-mod-example/param-replace/code-mod-framework/lib/libnx_min/nx/lib\libnx_min.a(decode_utf8.o)
                              S:/UltimateEnvironment/code-mod-example/param-replace/code-mod-framework/lib/libnx_min/nx/lib\libnx_min.a(fs_dev.o) (decode_utf8)
S:/UltimateEnvironment/code-mod-example/param-replace/code-mod-framework/lib/libnx_min/nx/lib\libnx_min.a(svc.o)
                              S:/UltimateEnvironment/code-mod-example/param-replace/code-mod-framework/lib/libnx_min/nx/lib\libnx_min.a(init.o) (svcSetHeapSize)
S:/UltimateEnvironment/code-mod-example/param-replace/code-mod-framework/lib/libnx_min/nx/lib\libnx_min.a(readtp.o)
                              S:/UltimateEnvironment/code-mod-example/param-replace/code-mod-framework/lib/libnx_min/nx/lib\libnx_min.a(fs_dev.o) (__aarch64_read_tp)
S:/UltimateEnvironment/code-mod-example/param-replace/code-mod-framework/lib/libnx_min/nx/lib\libnx_min.a(virtmem.o)
                              S:/UltimateEnvironment/code-mod-example/param-replace/code-mod-framework/lib/libnx_min/nx/lib\libnx_min.a(init.o) (virtmemSetup)
S:/UltimateEnvironment/code-mod-example/param-replace/code-mod-framework/lib/libnx_min/nx/lib\libnx_min.a(mutex.o)
                              S:/UltimateEnvironment/code-mod-example/param-replace/code-mod-framework/lib/libnx_min/nx/lib\libnx_min.a(virtmem.o) (mutexLock)
S:/UltimateEnvironment/code-mod-example/param-replace/code-mod-framework/lib/libnx_min/nx/lib\libnx_min.a(fs.o)
                              S:/UltimateEnvironment/code-mod-example/param-replace/code-mod-framework/lib/libnx_min/nx/lib\libnx_min.a(init.o) (fsInitialize)
S:/UltimateEnvironment/code-mod-example/param-replace/code-mod-framework/lib/libnx_min/nx/lib\libnx_min.a(set.o)
                              S:/UltimateEnvironment/code-mod-example/param-replace/code-mod-framework/lib/libnx_min/nx/lib\libnx_min.a(init.o) (setsysInitialize)
S:/UltimateEnvironment/code-mod-example/param-replace/code-mod-framework/lib/libnx_min/nx/lib\libnx_min.a(fatal.o)
                              S:/UltimateEnvironment/code-mod-example/param-replace/code-mod-framework/lib/libnx_min/nx/lib\libnx_min.a(env.o) (fatalSimple)
S:/UltimateEnvironment/code-mod-example/param-replace/code-mod-framework/lib/libnx_min/nx/lib\libnx_min.a(sm.o)
                              S:/UltimateEnvironment/code-mod-example/param-replace/code-mod-framework/lib/libnx_min/nx/lib\libnx_min.a(env.o) (smAddOverrideHandle)
S:/UltimateEnvironment/code-mod-example/param-replace/code-mod-framework/lib/libnx_min/nx/lib\libnx_min.a(hid.o)
                              S:/UltimateEnvironment/code-mod-example/param-replace/code-mod-framework/lib/libnx_min/nx/lib\libnx_min.a(init.o) (hidExit)
[...]
Memory Configuration

Name             Origin             Length             Attributes
*default*        0x0000000000000000 0xffffffffffffffff

Linker script and memory map

                0x0000000000000000                PROVIDE (__start__ = 0x0)
                0x0000000000000000                . = __start__

.crt0           0x0000000000000000      0x158
 *(.crt0)
 .crt0          0x0000000000000000      0x158 S:/UltimateEnvironment/code-mod-example/param-replace/code-mod-framework/lib/libnx_min/nx/lib\libnx_min.a(switch_crt0.o)
                0x0000000000000000                _start
                0x0000000000000120                __nx_exit
                0x0000000000000130                __nx_mod0
                0x0000000000000158                . = ALIGN (0x8)

.init           0x0000000000000158       0x38
 *(.init)
 .init          0x0000000000000158       0x18 c:/devkitpro/devkita64/bin/../lib/gcc/aarch64-none-elf/8.3.0/pic/crti.o
                0x0000000000000158                _init
 .init          0x0000000000000170       0x1c c:/devkitpro/devkita64/bin/../lib/gcc/aarch64-none-elf/8.3.0/pic/crtn.o
                0x0000000000000190                . = ALIGN (0x8)
 *fill*         0x000000000000018c        0x4 

.plt            0x0000000000000190       0xa0
 *(.plt)
 .plt           0x0000000000000190       0xa0 c:/devkitpro/devkita64/bin/../lib/gcc/aarch64-none-elf/8.3.0/pic/crti.o
 *(.iplt)
                0x0000000000000230                . = ALIGN (0x8)

.text           0x0000000000000240    0x2a408
 *(.text.unlikely .text.*_unlikely .text.unlikely.*)
 *(.text.exit .text.exit.*)
 .text.exit     0x0000000000000240       0x38 c:/devkitpro/devkita64/bin/../lib/gcc/aarch64-none-elf/8.3.0/../../../../aarch64-none-elf/lib/pic\libg.a(lib_a-exit.o)
                0x0000000000000240                exit
 *(.text.startup .text.startup.*)
 *fill*         0x0000000000000278        0x8 
 .text.startup  0x0000000000000280       0x78 main.o
                0x0000000000000280                main
 *(.text.hot .text.hot.*)
 *(.text .stub .text.* .gnu.linkonce.t.*)
 .text.deregister_tm_clones
                0x00000000000002f8       0x2c c:/devkitpro/devkita64/bin/../lib/gcc/aarch64-none-elf/8.3.0/pic/crtbegin.o
 *fill*         0x0000000000000324        0x4 
 .text.register_tm_clones
                0x0000000000000328       0x38 c:/devkitpro/devkita64/bin/../lib/gcc/aarch64-none-elf/8.3.0/pic/crtbegin.o
 .text.__do_global_dtors_aux
                0x0000000000000360       0x48 c:/devkitpro/devkita64/bin/../lib/gcc/aarch64-none-elf/8.3.0/pic/crtbegin.o
 .text.frame_dummy
                0x00000000000003a8       0x34 c:/devkitpro/devkita64/bin/../lib/gcc/aarch64-none-elf/8.3.0/pic/crtbegin.o
 *fill*         0x00000000000003dc        0x4 
 .text          0x00000000000003e0     0x15a0 main.o
                0x00000000000003e0                get_param_float_replace(unsigned long, unsigned long, unsigned long)
                0x00000000000003f0                end_shieldbreakfly_replace(unsigned long, unsigned long)
                0x00000000000004b0                LoadModule_intercept(nn::ro::Module*, void const*, void*, unsigned long, int)
                0x0000000000000510                __init_settings(unsigned long, unsigned long, int, unsigned long, unsigned long, bool, int, int, int, int)
                0x0000000000000670                shine_replace(lib::L2CAgent*, void*)
                0x0000000000000d90                squirtle_utilt(lib::L2CAgent*, void*)
                0x00000000000011f0                ivy_upsmash(lib::L2CAgent*, void*)
                0x0000000000001710                replace_scripts(lib::L2CAgent*, unsigned char, int)
                0x0000000000001770                sv_get_status_func(unsigned long, int, unsigned long)
                0x00000000000017c0                sv_replace_status_func(unsigned long, int, unsigned long, void*)
                0x0000000000001800                clear_lua_stack_replace(lib::L2CAgent*)
                0x0000000000001890                script_replacement()
                0x00000000000018e0                __libnx_init
                0x0000000000001930                __libnx_exit
 .text          0x0000000000001980      0x8c8 acmd_wrapper.o
                0x0000000000001980                is_before_frame(unsigned long, float)
                0x00000000000019b0                load_module(unsigned long, unsigned long)
                0x00000000000019c0                load_module_impl(unsigned long, unsigned long)
                0x00000000000019d0                ACMD::ACMD(lib::L2CAgent*)
                0x00000000000019d0                ACMD::ACMD(lib::L2CAgent*)
                0x0000000000001a10                ACMD::frame(float)
                0x0000000000001aa0                ACMD::_frame(float)
                0x0000000000001b90                ACMD::wait(float)
                0x0000000000001c20                ACMD::is_excute()
                0x0000000000001cc0                ACMD::wrap(unsigned long (*)(unsigned long), std::initializer_list<lib::L2CValue>)
                0x0000000000001d60                ACMD::ATTACK(unsigned long, unsigned long, unsigned long, float, unsigned long, unsigned long, unsigned long, unsigned long, float, float, float, float, float, float, unsigned long, unsigned long, unsigned long, unsigned long, float, unsigned long, unsigned long, unsigned long, unsigned long, unsigned long, unsigned long, unsigned long, unsigned long, unsigned long, unsigned long, unsigned long, unsigned long, unsigned long, unsigned long)
                0x0000000000001fe0                ACMD::ATTACK(unsigned long, unsigned long, unsigned long, float, unsigned long, unsigned long, unsigned long, unsigned long, float, float, float, float, float, float, float, float, float, unsigned long, unsigned long, unsigned long, unsigned long, float, unsigned long, unsigned long, unsigned long, unsigned long, unsigned long, unsigned long, unsigned long, unsigned long, unsigned long, unsigned long, unsigned long, unsigned long, unsigned long, unsigned long)
 *fill*         0x0000000000002248        0x8 
 .text          0x0000000000002250       0x94 saltysd_helper.o
                0x0000000000002250                SaltySD_function_replace(unsigned long, unsigned long)
                0x00000000000022c0                SaltySD_function_replace_sym(char*, unsigned long)
 *fill*         0x00000000000022e4        0xc 
 .text          0x00000000000022f0      0x350 lua_bind_hash.o
                0x00000000000022f0                lua_bind_hash(void const*, unsigned long)
                0x0000000000002610                lua_bind_hash_str(char const*)
 .text          0x0000000000002640      0x128 l2c_imports.o
                0x0000000000002640                lib::lua_const(char const*)
                0x0000000000002680                lib::L2CValue::L2CValue()
                0x0000000000002680                lib::L2CValue::L2CValue()
                0x0000000000002690                lib::L2CValue::L2CValue(bool)
                0x0000000000002690                lib::L2CValue::L2CValue(bool)
                0x00000000000026b0                lib::L2CValue::L2CValue(int)
                0x00000000000026b0                lib::L2CValue::L2CValue(int)
                0x00000000000026d0                lib::L2CValue::L2CValue(unsigned long)
                0x00000000000026d0                lib::L2CValue::L2CValue(unsigned long)
                0x00000000000026e0                lib::L2CValue::L2CValue(float)
                0x00000000000026e0                lib::L2CValue::L2CValue(float)
                0x00000000000026f0                lib::L2CValue::L2CValue(double)
                0x00000000000026f0                lib::L2CValue::L2CValue(double)
                0x0000000000002710                lib::L2CValue::L2CValue(char const*)
                0x0000000000002710                lib::L2CValue::L2CValue(char const*)
                0x0000000000002720                lib::L2CAgent::get_lua_stack(int, lib::L2CValue*)
                0x0000000000002730                lib::L2CAgent::_clear_lua_stack()
 *fill*         0x0000000000002768        0x8 
 .text          0x0000000000002770      0x500 raygun_printer.o
                0x0000000000002770                show_segment(unsigned long, float, float, float, float, float)
                0x0000000000002840                alphabet_index(char)
                0x00000000000028b0                print_char(unsigned long, char, int, float, float)
                0x0000000000002a10                print_string(unsigned long, char const*, ...)
 .text.__libnx_exception_entry
                0x0000000000002c70      0x1c0 S:/UltimateEnvironment/code-mod-example/param-replace/code-mod-framework/lib/libnx_min/nx/lib\libnx_min.a(exception.o)
                0x0000000000002c70                __libnx_exception_entry
 .text.__libnx_exception_returnentry
                0x0000000000002e30       0x18 S:/UltimateEnvironment/code-mod-example/param-replace/code-mod-framework/lib/libnx_min/nx/lib\libnx_min.a(exception.o)
                0x0000000000002e30                __libnx_exception_returnentry
 *fill*         0x0000000000002e48        0x8 
 .text.argvSetup
                0x0000000000002e50      0x318 S:/UltimateEnvironment/code-mod-example/param-replace/code-mod-framework/lib/libnx_min/nx/lib\libnx_min.a(argv.o)
                0x0000000000002e50                argvSetup
 *fill*         0x0000000000003168        0x8 
 .text.envSetup
                0x0000000000003170      0x208 S:/UltimateEnvironment/code-mod-example/param-replace/code-mod-framework/lib/libnx_min/nx/lib\libnx_min.a(env.o)
                0x0000000000003170                envSetup
 *fill*         0x0000000000003378        0x8 
 .text.envGetMainThreadHandle
                0x0000000000003380       0x20 S:/UltimateEnvironment/code-mod-example/param-replace/code-mod-framework/lib/libnx_min/nx/lib\libnx_min.a(env.o)
                0x0000000000003380                envGetMainThreadHandle
 .text.envIsNso
                0x00000000000033a0        0xc S:/UltimateEnvironment/code-mod-example/param-replace/code-mod-framework/lib/libnx_min/nx/lib\libnx_min.a(env.o)
                0x00000000000033a0                envIsNso
 *fill*         0x00000000000033ac        0x4 
 .text.envHasHeapOverride
                0x00000000000033b0       0x14 S:/UltimateEnvironment/code-mod-example/param-replace/code-mod-framework/lib/libnx_min/nx/lib\libnx_min.a(env.o)
                0x00000000000033b0                envHasHeapOverride
 *fill*         0x00000000000033c4        0xc 
 .text.envGetHeapOverrideAddr
                0x00000000000033d0        0xc S:/UltimateEnvironment/code-mod-example/param-replace/code-mod-framework/lib/libnx_min/nx/lib\libnx_min.a(env.o)
                0x00000000000033d0                envGetHeapOverrideAddr
 *fill*         0x00000000000033dc        0x4 
 .text.envGetHeapOverrideSize
                0x00000000000033e0        0xc S:/UltimateEnvironment/code-mod-example/param-replace/code-mod-framework/lib/libnx_min/nx/lib\libnx_min.a(env.o)
                0x00000000000033e0                envGetHeapOverrideSize
 *fill*         0x00000000000033ec        0x4 
 .text.envHasArgv
                0x00000000000033f0       0x14 S:/UltimateEnvironment/code-mod-example/param-replace/code-mod-framework/lib/libnx_min/nx/lib\libnx_min.a(env.o)
                0x00000000000033f0                envHasArgv
 *fill*         0x0000000000003404        0xc 
 .text.envGetArgv
                0x0000000000003410        0xc S:/UltimateEnvironment/code-mod-example/param-replace/code-mod-framework/lib/libnx_min/nx/lib\libnx_min.a(env.o)
                0x0000000000003410                envGetArgv
 *fill*         0x000000000000341c        0x4 
 .text.envIsSyscallHinted
                0x0000000000003420       0x20 S:/UltimateEnvironment/code-mod-example/param-replace/code-mod-framework/lib/libnx_min/nx/lib\libnx_min.a(env.o)
                0x0000000000003420                envIsSyscallHinted
 .text.envGetOwnProcessHandle
                0x0000000000003440        0xc S:/UltimateEnvironment/code-mod-example/param-replace/code-mod-framework/lib/libnx_min/nx/lib\libnx_min.a(env.o)
                0x0000000000003440                envGetOwnProcessHandle
 *fill*         0x000000000000344c        0x4 
 .text.envGetExitFuncPtr
                0x0000000000003450        0xc S:/UltimateEnvironment/code-mod-example/param-replace/code-mod-framework/lib/libnx_min/nx/lib\libnx_min.a(env.o)
                0x0000000000003450                envGetExitFuncPtr
 *fill*         0x000000000000345c        0x4 
 .text.envSetExitFuncPtr
                0x0000000000003460        0xc S:/UltimateEnvironment/code-mod-example/param-replace/code-mod-framework/lib/libnx_min/nx/lib\libnx_min.a(env.o)
                0x0000000000003460                envSetExitFuncPtr
 *fill*         0x000000000000346c        0x4 
 .text.envSetNextLoad
                0x0000000000003470       0x7c S:/UltimateEnvironment/code-mod-example/param-replace/code-mod-framework/lib/libnx_min/nx/lib\libnx_min.a(env.o)
                0x0000000000003470                envSetNextLoad
 *fill*         0x00000000000034ec        0x4 
 .text.envHasNextLoad
                0x00000000000034f0       0x14 S:/UltimateEnvironment/code-mod-example/param-replace/code-mod-framework/lib/libnx_min/nx/lib\libnx_min.a(env.o)
                0x00000000000034f0                envHasNextLoad
 *fill*         0x0000000000003504        0xc 
 .text.envGetLastLoadResult
                0x0000000000003510        0xc S:/UltimateEnvironment/code-mod-example/param-replace/code-mod-framework/lib/libnx_min/nx/lib\libnx_min.a(env.o)
                0x0000000000003510                envGetLastLoadResult
 *fill*         0x000000000000351c        0x4 
 .text.envHasRandomSeed
                0x0000000000003520        0xc S:/UltimateEnvironment/code-mod-example/param-replace/code-mod-framework/lib/libnx_min/nx/lib\libnx_min.a(env.o)
                0x0000000000003520                envHasRandomSeed
 *fill*         0x000000000000352c        0x4 
 .text.envGetRandomSeed
                0x0000000000003530       0x18 S:/UltimateEnvironment/code-mod-example/param-replace/code-mod-framework/lib/libnx_min/nx/lib\libnx_min.a(env.o)
                0x0000000000003530                envGetRandomSeed
 *fill*         0x0000000000003548        0x8 
 .text.__libnx_initheap
                0x0000000000003550       0xd8 S:/UltimateEnvironment/code-mod-example/param-replace/code-mod-framework/lib/libnx_min/nx/lib\libnx_min.a(init.o)
                0x0000000000003550                __libnx_initheap
 *fill*         0x0000000000003628        0x8 
 .text.__appInit
                0x0000000000003630       0xdc S:/UltimateEnvironment/code-mod-example/param-replace/code-mod-framework/lib/libnx_min/nx/lib\libnx_min.a(init.o)
                0x0000000000003630                __appInit
 *fill*         0x000000000000370c        0x4 
 .text.__appExit
                0x0000000000003710       0x44 S:/UltimateEnvironment/code-mod-example/param-replace/code-mod-framework/lib/libnx_min/nx/lib\libnx_min.a(init.o)
                0x0000000000003710                __appExit
 *fill*         0x0000000000003754        0xc 
 .text.hosversionGet
                0x0000000000003760       0x10 S:/UltimateEnvironment/code-mod-example/param-replace/code-mod-framework/lib/libnx_min/nx/lib\libnx_min.a(hosversion.o)
                0x0000000000003760                hosversionGet
 .text.hosversionSet
                0x0000000000003770       0x10 S:/UltimateEnvironment/code-mod-example/param-replace/code-mod-framework/lib/libnx_min/nx/lib\libnx_min.a(hosversion.o)
                0x0000000000003770                hosversionSet
 .text.__nx_dynamic
                0x0000000000003780       0xa0 S:/UltimateEnvironment/code-mod-example/param-replace/code-mod-framework/lib/libnx_min/nx/lib\libnx_min.a(dynamic.o)
                0x0000000000003780                __nx_dynamic
 .text.fsdev_link
                0x0000000000003820       0x10 S:/UltimateEnvironment/code-mod-example/param-replace/code-mod-framework/lib/libnx_min/nx/lib\libnx_min.a(fs_dev.o)
 .text.fsdev_dirreset
                0x0000000000003830       0x10 S:/UltimateEnvironment/code-mod-example/param-replace/code-mod-framework/lib/libnx_min/nx/lib\libnx_min.a(fs_dev.o)
 .text.fsdev_chmod
                0x0000000000003840       0x10 S:/UltimateEnvironment/code-mod-example/param-replace/code-mod-framework/lib/libnx_min/nx/lib\libnx_min.a(fs_dev.o)
 .text.error_cmp
                0x0000000000003850       0x1c S:/UltimateEnvironment/code-mod-example/param-replace/code-mod-framework/lib/libnx_min/nx/lib\libnx_min.a(fs_dev.o)
 *fill*         0x000000000000386c        0x4 
 .text.fsdev_translate_error
                0x0000000000003870       0x5c S:/UltimateEnvironment/code-mod-example/param-replace/code-mod-framework/lib/libnx_min/nx/lib\libnx_min.a(fs_dev.o)
 *fill*         0x00000000000038cc        0x4 
 .text.fsdev_fsync
                0x00000000000038d0       0x40 S:/UltimateEnvironment/code-mod-example/param-replace/code-mod-framework/lib/libnx_min/nx/lib\libnx_min.a(fs_dev.o)
 .text.fsdev_ftruncate
                0x0000000000003910       0x60 S:/UltimateEnvironment/code-mod-example/param-replace/code-mod-framework/lib/libnx_min/nx/lib\libnx_min.a(fs_dev.o)
 .text.fsdev_dirclose
                0x0000000000003970       0x20 S:/UltimateEnvironment/code-mod-example/param-replace/code-mod-framework/lib/libnx_min/nx/lib\libnx_min.a(fs_dev.o)
 .text.fsdev_dirnext
                0x0000000000003990      0x16c S:/UltimateEnvironment/code-mod-example/param-replace/code-mod-framework/lib/libnx_min/nx/lib\libnx_min.a(fs_dev.o)
 *fill*         0x0000000000003afc        0x4 
 .text.fsdev_close
                0x0000000000003b00       0x1c S:/UltimateEnvironment/code-mod-example/param-replace/code-mod-framework/lib/libnx_min/nx/lib\libnx_min.a(fs_dev.o)
 *fill*         0x0000000000003b1c        0x4 
 .text.fsdev_fstat
                0x0000000000003b20       0xa4 S:/UltimateEnvironment/code-mod-example/param-replace/code-mod-framework/lib/libnx_min/nx/lib\libnx_min.a(fs_dev.o)
 *fill*         0x0000000000003bc4        0xc 
 .text.fsdev_seek
                0x0000000000003bd0       0xb0 S:/UltimateEnvironment/code-mod-example/param-replace/code-mod-framework/lib/libnx_min/nx/lib\libnx_min.a(fs_dev.o)
 .text.fsdev_read
                0x0000000000003c80      0x1a0 S:/UltimateEnvironment/code-mod-example/param-replace/code-mod-framework/lib/libnx_min/nx/lib\libnx_min.a(fs_dev.o)
 .text.fsdev_write
                0x0000000000003e20      0x1a8 S:/UltimateEnvironment/code-mod-example/param-replace/code-mod-framework/lib/libnx_min/nx/lib\libnx_min.a(fs_dev.o)
 *fill*         0x0000000000003fc8        0x8 
 .text.fsdevFindDevice
                0x0000000000003fd0      0x120 S:/UltimateEnvironment/code-mod-example/param-replace/code-mod-framework/lib/libnx_min/nx/lib\libnx_min.a(fs_dev.o)
 .text._fsdevMountDevice
                0x00000000000040f0      0x140 S:/UltimateEnvironment/code-mod-example/param-replace/code-mod-framework/lib/libnx_min/nx/lib\libnx_min.a(fs_dev.o)
 .text.fsdev_getfspath
                0x0000000000004230      0x1fc S:/UltimateEnvironment/code-mod-example/param-replace/code-mod-framework/lib/libnx_min/nx/lib\libnx_min.a(fs_dev.o)
 *fill*         0x000000000000442c        0x4 
 .text.fsdev_rmdir
                0x0000000000004430       0x70 S:/UltimateEnvironment/code-mod-example/param-replace/code-mod-framework/lib/libnx_min/nx/lib\libnx_min.a(fs_dev.o)
 .text.fsdev_statvfs
                0x00000000000044a0       0xd4 S:/UltimateEnvironment/code-mod-example/param-replace/code-mod-framework/lib/libnx_min/nx/lib\libnx_min.a(fs_dev.o)
 *fill*         0x0000000000004574        0xc 
 .text.fsdev_diropen
                0x0000000000004580       0xec S:/UltimateEnvironment/code-mod-example/param-replace/code-mod-framework/lib/libnx_min/nx/lib\libnx_min.a(fs_dev.o)
 *fill*         0x000000000000466c        0x4 
 .text.fsdev_mkdir
                0x0000000000004670       0x70 S:/UltimateEnvironment/code-mod-example/param-replace/code-mod-framework/lib/libnx_min/nx/lib\libnx_min.a(fs_dev.o)
 .text.fsdev_rename
                0x00000000000046e0      0x114 S:/UltimateEnvironment/code-mod-example/param-replace/code-mod-framework/lib/libnx_min/nx/lib\libnx_min.a(fs_dev.o)
 *fill*         0x00000000000047f4        0xc 
 .text.fsdev_chdir
                0x0000000000004800       0xe8 S:/UltimateEnvironment/code-mod-example/param-replace/code-mod-framework/lib/libnx_min/nx/lib\libnx_min.a(fs_dev.o)
 *fill*         0x00000000000048e8        0x8 
 .text.fsdev_unlink
                0x00000000000048f0       0x70 S:/UltimateEnvironment/code-mod-example/param-replace/code-mod-framework/lib/libnx_min/nx/lib\libnx_min.a(fs_dev.o)
 .text.fsdev_stat
                0x0000000000004960      0x1bc S:/UltimateEnvironment/code-mod-example/param-replace/code-mod-framework/lib/libnx_min/nx/lib\libnx_min.a(fs_dev.o)
 *fill*         0x0000000000004b1c        0x4 
 .text.fsdev_open
                0x0000000000004b20      0x19c S:/UltimateEnvironment/code-mod-example/param-replace/code-mod-framework/lib/libnx_min/nx/lib\libnx_min.a(fs_dev.o)
 *fill*         0x0000000000004cbc        0x4 
 .text._fsdevUnmountDeviceStruct.part.4
                0x0000000000004cc0       0xb8 S:/UltimateEnvironment/code-mod-example/param-replace/code-mod-framework/lib/libnx_min/nx/lib\libnx_min.a(fs_dev.o)
 *fill*         0x0000000000004d78        0x8 
 .text.fsdev_fchmod
                0x0000000000004d80       0x10 S:/UltimateEnvironment/code-mod-example/param-replace/code-mod-framework/lib/libnx_min/nx/lib\libnx_min.a(fs_dev.o)
 .text.fsdevMountDevice
                0x0000000000004d90       0x14 S:/UltimateEnvironment/code-mod-example/param-replace/code-mod-framework/lib/libnx_min/nx/lib\libnx_min.a(fs_dev.o)
                0x0000000000004d90                fsdevMountDevice
 *fill*         0x0000000000004da4        0xc 
 .text.fsdevUnmountDevice
                0x0000000000004db0       0x3c S:/UltimateEnvironment/code-mod-example/param-replace/code-mod-framework/lib/libnx_min/nx/lib\libnx_min.a(fs_dev.o)
                0x0000000000004db0                fsdevUnmountDevice
 *fill*         0x0000000000004dec        0x4 
 .text.fsdevCommitDevice
                0x0000000000004df0       0x28 S:/UltimateEnvironment/code-mod-example/param-replace/code-mod-framework/lib/libnx_min/nx/lib\libnx_min.a(fs_dev.o)
                0x0000000000004df0                fsdevCommitDevice
 *fill*         0x0000000000004e18        0x8 
 .text.fsdevSetArchiveBit
                0x0000000000004e20       0x68 S:/UltimateEnvironment/code-mod-example/param-replace/code-mod-framework/lib/libnx_min/nx/lib\libnx_min.a(fs_dev.o)
                0x0000000000004e20                fsdevSetArchiveBit
 *fill*         0x0000000000004e88        0x8 
 .text.fsdevCreateFile
                0x0000000000004e90       0x88 S:/UltimateEnvironment/code-mod-example/param-replace/code-mod-framework/lib/libnx_min/nx/lib\libnx_min.a(fs_dev.o)
                0x0000000000004e90                fsdevCreateFile
 *fill*         0x0000000000004f18        0x8 
 .text.fsdevDeleteDirectoryRecursively
                0x0000000000004f20       0x68 S:/UltimateEnvironment/code-mod-example/param-replace/code-mod-framework/lib/libnx_min/nx/lib\libnx_min.a(fs_dev.o)
                0x0000000000004f20                fsdevDeleteDirectoryRecursively
 *fill*         0x0000000000004f88        0x8 
 .text.fsdevMountSdmc
                0x0000000000004f90      0x170 S:/UltimateEnvironment/code-mod-example/param-replace/code-mod-framework/lib/libnx_min/nx/lib\libnx_min.a(fs_dev.o)
                0x0000000000004f90                fsdevMountSdmc
 .text.fsdevUnmountAll
                0x0000000000005100       0x64 S:/UltimateEnvironment/code-mod-example/param-replace/code-mod-framework/lib/libnx_min/nx/lib\libnx_min.a(fs_dev.o)
                0x0000000000005100                fsdevUnmountAll
 *fill*         0x0000000000005164        0xc 
 .text.fsdevGetDeviceFileSystem
                0x0000000000005170       0x20 S:/UltimateEnvironment/code-mod-example/param-replace/code-mod-framework/lib/libnx_min/nx/lib\libnx_min.a(fs_dev.o)
                0x0000000000005170                fsdevGetDeviceFileSystem
 .text.fsdevGetDefaultFileSystem
                0x0000000000005190       0x40 S:/UltimateEnvironment/code-mod-example/param-replace/code-mod-framework/lib/libnx_min/nx/lib\libnx_min.a(fs_dev.o)
                0x0000000000005190                fsdevGetDefaultFileSystem
 .text.fsdevTranslatePath
                0x00000000000051d0       0x58 S:/UltimateEnvironment/code-mod-example/param-replace/code-mod-framework/lib/libnx_min/nx/lib\libnx_min.a(fs_dev.o)
                0x00000000000051d0                fsdevTranslatePath
 *fill*         0x0000000000005228        0x8 
 .text.fsdev_getmtime
                0x0000000000005230       0x20 S:/UltimateEnvironment/code-mod-example/param-replace/code-mod-framework/lib/libnx_min/nx/lib\libnx_min.a(fs_dev.o)
                0x0000000000005230                fsdev_getmtime
 .text.fsdevGetLastResult
                0x0000000000005250       0x20 S:/UltimateEnvironment/code-mod-example/param-replace/code-mod-framework/lib/libnx_min/nx/lib\libnx_min.a(fs_dev.o)
                0x0000000000005250                fsdevGetLastResult
 .text.decode_utf8
                0x0000000000005270      0x12c S:/UltimateEnvironment/code-mod-example/param-replace/code-mod-framework/lib/libnx_min/nx/lib\libnx_min.a(decode_utf8.o)
                0x0000000000005270                decode_utf8
 .text.svcSetHeapSize
                0x000000000000539c       0x14 S:/UltimateEnvironment/code-mod-example/param-replace/code-mod-framework/lib/libnx_min/nx/lib\libnx_min.a(svc.o)
                0x000000000000539c                svcSetHeapSize
 .text.svcSetMemoryPermission
                0x00000000000053b0        0x8 S:/UltimateEnvironment/code-mod-example/param-replace/code-mod-framework/lib/libnx_min/nx/lib\libnx_min.a(svc.o)
                0x00000000000053b0                svcSetMemoryPermission
 .text.svcSetMemoryAttribute
                0x00000000000053b8        0x8 S:/UltimateEnvironment/code-mod-example/param-replace/code-mod-framework/lib/libnx_min/nx/lib\libnx_min.a(svc.o)
                0x00000000000053b8                svcSetMemoryAttribute
 .text.svcMapMemory
                0x00000000000053c0        0x8 S:/UltimateEnvironment/code-mod-example/param-replace/code-mod-framework/lib/libnx_min/nx/lib\libnx_min.a(svc.o)
                0x00000000000053c0                svcMapMemory
 .text.svcUnmapMemory
                0x00000000000053c8        0x8 S:/UltimateEnvironment/code-mod-example/param-replace/code-mod-framework/lib/libnx_min/nx/lib\libnx_min.a(svc.o)
                0x00000000000053c8                svcUnmapMemory
 .text.svcQueryMemory
                0x00000000000053d0       0x14 S:/UltimateEnvironment/code-mod-example/param-replace/code-mod-framework/lib/libnx_min/nx/lib\libnx_min.a(svc.o)
                0x00000000000053d0                svcQueryMemory
 .text.svcExitProcess
                0x00000000000053e4        0x8 S:/UltimateEnvironment/code-mod-example/param-replace/code-mod-framework/lib/libnx_min/nx/lib\libnx_min.a(svc.o)
                0x00000000000053e4                svcExitProcess
 .text.svcCreateThread
                0x00000000000053ec       0x14 S:/UltimateEnvironment/code-mod-example/param-replace/code-mod-framework/lib/libnx_min/nx/lib\libnx_min.a(svc.o)
                0x00000000000053ec                svcCreateThread
 .text.svcStartThread
                0x0000000000005400        0x8 S:/UltimateEnvironment/code-mod-example/param-replace/code-mod-framework/lib/libnx_min/nx/lib\libnx_min.a(svc.o)
                0x0000000000005400                svcStartThread
 .text.svcExitThread
                0x0000000000005408        0x8 S:/UltimateEnvironment/code-mod-example/param-replace/code-mod-framework/lib/libnx_min/nx/lib\libnx_min.a(svc.o)
                0x0000000000005408                svcExitThread
 .text.svcSleepThread
                0x0000000000005410        0x8 S:/UltimateEnvironment/code-mod-example/param-replace/code-mod-framework/lib/libnx_min/nx/lib\libnx_min.a(svc.o)
                0x0000000000005410                svcSleepThread
 .text.svcGetThreadPriority
                0x0000000000005418       0x14 S:/UltimateEnvironment/code-mod-example/param-replace/code-mod-framework/lib/libnx_min/nx/lib\libnx_min.a(svc.o)
                0x0000000000005418                svcGetThreadPriority
 .text.svcSetThreadPriority
                0x000000000000542c        0x8 S:/UltimateEnvironment/code-mod-example/param-replace/code-mod-framework/lib/libnx_min/nx/lib\libnx_min.a(svc.o)
                0x000000000000542c                svcSetThreadPriority
 .text.svcGetThreadCoreMask
                0x0000000000005434       0x18 S:/UltimateEnvironment/code-mod-example/param-replace/code-mod-framework/lib/libnx_min/nx/lib\libnx_min.a(svc.o)
                0x0000000000005434                svcGetThreadCoreMask
 .text.svcSetThreadCoreMask
                0x000000000000544c        0x8 S:/UltimateEnvironment/code-mod-example/param-replace/code-mod-framework/lib/libnx_min/nx/lib\libnx_min.a(svc.o)
                0x000000000000544c                svcSetThreadCoreMask
 .text.svcGetCurrentProcessorNumber
                0x0000000000005454        0x8 S:/UltimateEnvironment/code-mod-example/param-replace/code-mod-framework/lib/libnx_min/nx/lib\libnx_min.a(svc.o)
                0x0000000000005454                svcGetCurrentProcessorNumber
 .text.svcSignalEvent
                0x000000000000545c        0x8 S:/UltimateEnvironment/code-mod-example/param-replace/code-mod-framework/lib/libnx_min/nx/lib\libnx_min.a(svc.o)
                0x000000000000545c                svcSignalEvent
 .text.svcClearEvent
                0x0000000000005464        0x8 S:/UltimateEnvironment/code-mod-example/param-replace/code-mod-framework/lib/libnx_min/nx/lib\libnx_min.a(svc.o)
                0x0000000000005464                svcClearEvent
 .text.svcMapSharedMemory
                0x000000000000546c        0x8 S:/UltimateEnvironment/code-mod-example/param-replace/code-mod-framework/lib/libnx_min/nx/lib\libnx_min.a(svc.o)
                0x000000000000546c                svcMapSharedMemory
 .text.svcUnmapSharedMemory
                0x0000000000005474        0x8 S:/UltimateEnvironment/code-mod-example/param-replace/code-mod-framework/lib/libnx_min/nx/lib\libnx_min.a(svc.o)
                0x0000000000005474                svcUnmapSharedMemory
 .text.svcCreateTransferMemory
                0x000000000000547c       0x14 S:/UltimateEnvironment/code-mod-example/param-replace/code-mod-framework/lib/libnx_min/nx/lib\libnx_min.a(svc.o)
                0x000000000000547c                svcCreateTransferMemory
 .text.svcCloseHandle
                0x0000000000005490        0x8 S:/UltimateEnvironment/code-mod-example/param-replace/code-mod-framework/lib/libnx_min/nx/lib\libnx_min.a(svc.o)
                0x0000000000005490                svcCloseHandle
 .text.svcResetSignal
                0x0000000000005498        0x8 S:/UltimateEnvironment/code-mod-example/param-replace/code-mod-framework/lib/libnx_min/nx/lib\libnx_min.a(svc.o)
                0x0000000000005498                svcResetSignal
 .text.svcWaitSynchronization
                0x00000000000054a0       0x14 S:/UltimateEnvironment/code-mod-example/param-replace/code-mod-framework/lib/libnx_min/nx/lib\libnx_min.a(svc.o)
                0x00000000000054a0                svcWaitSynchronization
 .text.svcCancelSynchronization
                0x00000000000054b4        0x8 S:/UltimateEnvironment/code-mod-example/param-replace/code-mod-framework/lib/libnx_min/nx/lib\libnx_min.a(svc.o)
                0x00000000000054b4                svcCancelSynchronization
 .text.svcArbitrateLock
                0x00000000000054bc        0x8 S:/UltimateEnvironment/code-mod-example/param-replace/code-mod-framework/lib/libnx_min/nx/lib\libnx_min.a(svc.o)
                0x00000000000054bc                svcArbitrateLock
 .text.svcArbitrateUnlock
                0x00000000000054c4        0x8 S:/UltimateEnvironment/code-mod-example/param-replace/code-mod-framework/lib/libnx_min/nx/lib\libnx_min.a(svc.o)
                0x00000000000054c4                svcArbitrateUnlock
 .text.svcWaitProcessWideKeyAtomic
                0x00000000000054cc        0x8 S:/UltimateEnvironment/code-mod-example/param-replace/code-mod-framework/lib/libnx_min/nx/lib\libnx_min.a(svc.o)
                0x00000000000054cc                svcWaitProcessWideKeyAtomic
 .text.svcSignalProcessWideKey
                0x00000000000054d4        0x8 S:/UltimateEnvironment/code-mod-example/param-replace/code-mod-framework/lib/libnx_min/nx/lib\libnx_min.a(svc.o)
                0x00000000000054d4                svcSignalProcessWideKey
 .text.svcGetSystemTick
                0x00000000000054dc        0x8 S:/UltimateEnvironment/code-mod-example/param-replace/code-mod-framework/lib/libnx_min/nx/lib\libnx_min.a(svc.o)
                0x00000000000054dc                svcGetSystemTick
 .text.svcConnectToNamedPort
                0x00000000000054e4       0x14 S:/UltimateEnvironment/code-mod-example/param-replace/code-mod-framework/lib/libnx_min/nx/lib\libnx_min.a(svc.o)
                0x00000000000054e4                svcConnectToNamedPort
 .text.svcSendSyncRequest
                0x00000000000054f8        0x8 S:/UltimateEnvironment/code-mod-example/param-replace/code-mod-framework/lib/libnx_min/nx/lib\libnx_min.a(svc.o)
                0x00000000000054f8                svcSendSyncRequest
 .text.svcSendSyncRequestWithUserBuffer
                0x0000000000005500        0x8 S:/UltimateEnvironment/code-mod-example/param-replace/code-mod-framework/lib/libnx_min/nx/lib\libnx_min.a(svc.o)
                0x0000000000005500                svcSendSyncRequestWithUserBuffer
 .text.svcSendAsyncRequestWithUserBuffer
                0x0000000000005508       0x14 S:/UltimateEnvironment/code-mod-example/param-replace/code-mod-framework/lib/libnx_min/nx/lib\libnx_min.a(svc.o)
                0x0000000000005508                svcSendAsyncRequestWithUserBuffer
 .text.svcGetProcessId
                0x000000000000551c       0x14 S:/UltimateEnvironment/code-mod-example/param-replace/code-mod-framework/lib/libnx_min/nx/lib\libnx_min.a(svc.o)
                0x000000000000551c                svcGetProcessId
 .text.svcGetThreadId
                0x0000000000005530       0x14 S:/UltimateEnvironment/code-mod-example/param-replace/code-mod-framework/lib/libnx_min/nx/lib\libnx_min.a(svc.o)
                0x0000000000005530                svcGetThreadId
 .text.svcBreak
                0x0000000000005544        0x8 S:/UltimateEnvironment/code-mod-example/param-replace/code-mod-framework/lib/libnx_min/nx/lib\libnx_min.a(svc.o)
                0x0000000000005544                svcBreak
 .text.svcOutputDebugString
                0x000000000000554c        0x8 S:/UltimateEnvironment/code-mod-example/param-replace/code-mod-framework/lib/libnx_min/nx/lib\libnx_min.a(svc.o)
                0x000000000000554c                svcOutputDebugString
 .text.svcReturnFromException
                0x0000000000005554        0x8 S:/UltimateEnvironment/code-mod-example/param-replace/code-mod-framework/lib/libnx_min/nx/lib\libnx_min.a(svc.o)
                0x0000000000005554                svcReturnFromException
 .text.svcGetInfo
                0x000000000000555c       0x14 S:/UltimateEnvironment/code-mod-example/param-replace/code-mod-framework/lib/libnx_min/nx/lib\libnx_min.a(svc.o)
                0x000000000000555c                svcGetInfo
 .text.svcMapPhysicalMemory
                0x0000000000005570        0x8 S:/UltimateEnvironment/code-mod-example/param-replace/code-mod-framework/lib/libnx_min/nx/lib\libnx_min.a(svc.o)
                0x0000000000005570                svcMapPhysicalMemory
 .text.svcUnmapPhysicalMemory
                0x0000000000005578        0x8 S:/UltimateEnvironment/code-mod-example/param-replace/code-mod-framework/lib/libnx_min/nx/lib\libnx_min.a(svc.o)
                0x0000000000005578                svcUnmapPhysicalMemory
 .text.svcGetResourceLimitLimitValue
                0x0000000000005580       0x14 S:/UltimateEnvironment/code-mod-example/param-replace/code-mod-framework/lib/libnx_min/nx/lib\libnx_min.a(svc.o)
                0x0000000000005580                svcGetResourceLimitLimitValue
 .text.svcGetResourceLimitCurrentValue
                0x0000000000005594       0x14 S:/UltimateEnvironment/code-mod-example/param-replace/code-mod-framework/lib/libnx_min/nx/lib\libnx_min.a(svc.o)
                0x0000000000005594                svcGetResourceLimitCurrentValue
 .text.svcSetThreadActivity
                0x00000000000055a8        0x8 S:/UltimateEnvironment/code-mod-example/param-replace/code-mod-framework/lib/libnx_min/nx/lib\libnx_min.a(svc.o)
                0x00000000000055a8                svcSetThreadActivity
 .text.svcGetThreadContext3
                0x00000000000055b0        0x8 S:/UltimateEnvironment/code-mod-example/param-replace/code-mod-framework/lib/libnx_min/nx/lib\libnx_min.a(svc.o)
                0x00000000000055b0                svcGetThreadContext3
 .text.svcCreateSession
                0x00000000000055b8       0x18 S:/UltimateEnvironment/code-mod-example/param-replace/code-mod-framework/lib/libnx_min/nx/lib\libnx_min.a(svc.o)
                0x00000000000055b8                svcCreateSession
 .text.svcAcceptSession
                0x00000000000055d0       0x14 S:/UltimateEnvironment/code-mod-example/param-replace/code-mod-framework/lib/libnx_min/nx/lib\libnx_min.a(svc.o)
                0x00000000000055d0                svcAcceptSession
 .text.svcReplyAndReceive
                0x00000000000055e4       0x14 S:/UltimateEnvironment/code-mod-example/param-replace/code-mod-framework/lib/libnx_min/nx/lib\libnx_min.a(svc.o)
                0x00000000000055e4                svcReplyAndReceive
 .text.svcReplyAndReceiveWithUserBuffer
                0x00000000000055f8       0x14 S:/UltimateEnvironment/code-mod-example/param-replace/code-mod-framework/lib/libnx_min/nx/lib\libnx_min.a(svc.o)
                0x00000000000055f8                svcReplyAndReceiveWithUserBuffer
 .text.svcCreateEvent
                0x000000000000560c       0x18 S:/UltimateEnvironment/code-mod-example/param-replace/code-mod-framework/lib/libnx_min/nx/lib\libnx_min.a(svc.o)
                0x000000000000560c                svcCreateEvent
 .text.svcMapPhysicalMemoryUnsafe
                0x0000000000005624        0x8 S:/UltimateEnvironment/code-mod-example/param-replace/code-mod-framework/lib/libnx_min/nx/lib\libnx_min.a(svc.o)
                0x0000000000005624                svcMapPhysicalMemoryUnsafe
 .text.svcUnmapPhysicalMemoryUnsafe
                0x000000000000562c        0x8 S:/UltimateEnvironment/code-mod-example/param-replace/code-mod-framework/lib/libnx_min/nx/lib\libnx_min.a(svc.o)
                0x000000000000562c                svcUnmapPhysicalMemoryUnsafe
 .text.svcSetUnsafeLimit
                0x0000000000005634        0x8 S:/UltimateEnvironment/code-mod-example/param-replace/code-mod-framework/lib/libnx_min/nx/lib\libnx_min.a(svc.o)
                0x0000000000005634                svcSetUnsafeLimit
 .text.svcCreateCodeMemory
                0x000000000000563c       0x14 S:/UltimateEnvironment/code-mod-example/param-replace/code-mod-framework/lib/libnx_min/nx/lib\libnx_min.a(svc.o)
                0x000000000000563c                svcCreateCodeMemory
 .text.svcControlCodeMemory
                0x0000000000005650        0x8 S:/UltimateEnvironment/code-mod-example/param-replace/code-mod-framework/lib/libnx_min/nx/lib\libnx_min.a(svc.o)
                0x0000000000005650                svcControlCodeMemory
 .text.svcReadWriteRegister
                0x0000000000005658       0x14 S:/UltimateEnvironment/code-mod-example/param-replace/code-mod-framework/lib/libnx_min/nx/lib\libnx_min.a(svc.o)
                0x0000000000005658                svcReadWriteRegister
 .text.svcCreateSharedMemory
                0x000000000000566c       0x14 S:/UltimateEnvironment/code-mod-example/param-replace/code-mod-framework/lib/libnx_min/nx/lib\libnx_min.a(svc.o)
                0x000000000000566c                svcCreateSharedMemory
 .text.svcMapTransferMemory
                0x0000000000005680        0x8 S:/UltimateEnvironment/code-mod-example/param-replace/code-mod-framework/lib/libnx_min/nx/lib\libnx_min.a(svc.o)
                0x0000000000005680                svcMapTransferMemory
 .text.svcUnmapTransferMemory
                0x0000000000005688        0x8 S:/UltimateEnvironment/code-mod-example/param-replace/code-mod-framework/lib/libnx_min/nx/lib\libnx_min.a(svc.o)
                0x0000000000005688                svcUnmapTransferMemory
 .text.svcCreateInterruptEvent
                0x0000000000005690       0x14 S:/UltimateEnvironment/code-mod-example/param-replace/code-mod-framework/lib/libnx_min/nx/lib\libnx_min.a(svc.o)
                0x0000000000005690                svcCreateInterruptEvent
 .text.svcQueryPhysicalAddress
                0x00000000000056a4       0x18 S:/UltimateEnvironment/code-mod-example/param-replace/code-mod-framework/lib/libnx_min/nx/lib\libnx_min.a(svc.o)
                0x00000000000056a4                svcQueryPhysicalAddress
 .text.svcQueryIoMapping
                0x00000000000056bc       0x14 S:/UltimateEnvironment/code-mod-example/param-replace/code-mod-framework/lib/libnx_min/nx/lib\libnx_min.a(svc.o)
                0x00000000000056bc                svcQueryIoMapping
 .text.svcCreateDeviceAddressSpace
                0x00000000000056d0       0x14 S:/UltimateEnvironment/code-mod-example/param-replace/code-mod-framework/lib/libnx_min/nx/lib\libnx_min.a(svc.o)
                0x00000000000056d0                svcCreateDeviceAddressSpace
 .text.svcAttachDeviceAddressSpace
                0x00000000000056e4        0x8 S:/UltimateEnvironment/code-mod-example/param-replace/code-mod-framework/lib/libnx_min/nx/lib\libnx_min.a(svc.o)
                0x00000000000056e4                svcAttachDeviceAddressSpace
 .text.svcDetachDeviceAddressSpace
                0x00000000000056ec        0x8 S:/UltimateEnvironment/code-mod-example/param-replace/code-mod-framework/lib/libnx_min/nx/lib\libnx_min.a(svc.o)
                0x00000000000056ec                svcDetachDeviceAddressSpace
 .text.svcMapDeviceAddressSpaceByForce
                0x00000000000056f4        0x8 S:/UltimateEnvironment/code-mod-example/param-replace/code-mod-framework/lib/libnx_min/nx/lib\libnx_min.a(svc.o)
                0x00000000000056f4                svcMapDeviceAddressSpaceByForce
 .text.svcMapDeviceAddressSpaceAligned
                0x00000000000056fc        0x8 S:/UltimateEnvironment/code-mod-example/param-replace/code-mod-framework/lib/libnx_min/nx/lib\libnx_min.a(svc.o)
                0x00000000000056fc                svcMapDeviceAddressSpaceAligned
 .text.svcUnmapDeviceAddressSpace
                0x0000000000005704        0x8 S:/UltimateEnvironment/code-mod-example/param-replace/code-mod-framework/lib/libnx_min/nx/lib\libnx_min.a(svc.o)
                0x0000000000005704                svcUnmapDeviceAddressSpace
 .text.svcDebugActiveProcess
                0x000000000000570c       0x14 S:/UltimateEnvironment/code-mod-example/param-replace/code-mod-framework/lib/libnx_min/nx/lib\libnx_min.a(svc.o)
                0x000000000000570c                svcDebugActiveProcess
 .text.svcBreakDebugProcess
                0x0000000000005720        0x8 S:/UltimateEnvironment/code-mod-example/param-replace/code-mod-framework/lib/libnx_min/nx/lib\libnx_min.a(svc.o)
                0x0000000000005720                svcBreakDebugProcess
 .text.svcTerminateDebugProcess
                0x0000000000005728        0x8 S:/UltimateEnvironment/code-mod-example/param-replace/code-mod-framework/lib/libnx_min/nx/lib\libnx_min.a(svc.o)
                0x0000000000005728                svcTerminateDebugProcess
 .text.svcGetDebugEvent
                0x0000000000005730        0x8 S:/UltimateEnvironment/code-mod-example/param-replace/code-mod-framework/lib/libnx_min/nx/lib\libnx_min.a(svc.o)
                0x0000000000005730                svcGetDebugEvent
 .text.svcLegacyContinueDebugEvent
                0x0000000000005738        0x8 S:/UltimateEnvironment/code-mod-example/param-replace/code-mod-framework/lib/libnx_min/nx/lib\libnx_min.a(svc.o)
                0x0000000000005738                svcLegacyContinueDebugEvent
 .text.svcContinueDebugEvent
                0x0000000000005740        0x8 S:/UltimateEnvironment/code-mod-example/param-replace/code-mod-framework/lib/libnx_min/nx/lib\libnx_min.a(svc.o)
                0x0000000000005740                svcContinueDebugEvent
 .text.svcGetProcessList
                0x0000000000005748       0x14 S:/UltimateEnvironment/code-mod-example/param-replace/code-mod-framework/lib/libnx_min/nx/lib\libnx_min.a(svc.o)
                0x0000000000005748                svcGetProcessList
 .text.svcGetThreadList
                0x000000000000575c       0x14 S:/UltimateEnvironment/code-mod-example/param-replace/code-mod-framework/lib/libnx_min/nx/lib\libnx_min.a(svc.o)
                0x000000000000575c                svcGetThreadList
 .text.svcGetDebugThreadContext
                0x0000000000005770        0x8 S:/UltimateEnvironment/code-mod-example/param-replace/code-mod-framework/lib/libnx_min/nx/lib\libnx_min.a(svc.o)
                0x0000000000005770                svcGetDebugThreadContext
 .text.svcSetDebugThreadContext
                0x0000000000005778        0x8 S:/UltimateEnvironment/code-mod-example/param-replace/code-mod-framework/lib/libnx_min/nx/lib\libnx_min.a(svc.o)
                0x0000000000005778                svcSetDebugThreadContext
 .text.svcQueryDebugProcessMemory
                0x0000000000005780       0x14 S:/UltimateEnvironment/code-mod-example/param-replace/code-mod-framework/lib/libnx_min/nx/lib\libnx_min.a(svc.o)
                0x0000000000005780                svcQueryDebugProcessMemory
 .text.svcReadDebugProcessMemory
                0x0000000000005794        0x8 S:/UltimateEnvironment/code-mod-example/param-replace/code-mod-framework/lib/libnx_min/nx/lib\libnx_min.a(svc.o)
                0x0000000000005794                svcReadDebugProcessMemory
 .text.svcWriteDebugProcessMemory
                0x000000000000579c        0x8 S:/UltimateEnvironment/code-mod-example/param-replace/code-mod-framework/lib/libnx_min/nx/lib\libnx_min.a(svc.o)
                0x000000000000579c                svcWriteDebugProcessMemory
 .text.svcGetDebugThreadParam
                0x00000000000057a4       0x18 S:/UltimateEnvironment/code-mod-example/param-replace/code-mod-framework/lib/libnx_min/nx/lib\libnx_min.a(svc.o)
                0x00000000000057a4                svcGetDebugThreadParam
 .text.svcGetSystemInfo
                0x00000000000057bc       0x14 S:/UltimateEnvironment/code-mod-example/param-replace/code-mod-framework/lib/libnx_min/nx/lib\libnx_min.a(svc.o)
                0x00000000000057bc                svcGetSystemInfo
 .text.svcCreatePort
                0x00000000000057d0       0x18 S:/UltimateEnvironment/code-mod-example/param-replace/code-mod-framework/lib/libnx_min/nx/lib\libnx_min.a(svc.o)
                0x00000000000057d0                svcCreatePort
 .text.svcManageNamedPort
                0x00000000000057e8       0x14 S:/UltimateEnvironment/code-mod-example/param-replace/code-mod-framework/lib/libnx_min/nx/lib\libnx_min.a(svc.o)
                0x00000000000057e8                svcManageNamedPort
 .text.svcConnectToPort
                0x00000000000057fc       0x14 S:/UltimateEnvironment/code-mod-example/param-replace/code-mod-framework/lib/libnx_min/nx/lib\libnx_min.a(svc.o)
                0x00000000000057fc                svcConnectToPort
 .text.svcSetProcessMemoryPermission
                0x0000000000005810        0x8 S:/UltimateEnvironment/code-mod-example/param-replace/code-mod-framework/lib/libnx_min/nx/lib\libnx_min.a(svc.o)
                0x0000000000005810                svcSetProcessMemoryPermission
 .text.svcMapProcessMemory
                0x0000000000005818        0x8 S:/UltimateEnvironment/code-mod-example/param-replace/code-mod-framework/lib/libnx_min/nx/lib\libnx_min.a(svc.o)
                0x0000000000005818                svcMapProcessMemory
 .text.svcUnmapProcessMemory
                0x0000000000005820        0x8 S:/UltimateEnvironment/code-mod-example/param-replace/code-mod-framework/lib/libnx_min/nx/lib\libnx_min.a(svc.o)
                0x0000000000005820                svcUnmapProcessMemory
 .text.svcQueryProcessMemory
                0x0000000000005828       0x14 S:/UltimateEnvironment/code-mod-example/param-replace/code-mod-framework/lib/libnx_min/nx/lib\libnx_min.a(svc.o)
                0x0000000000005828                svcQueryProcessMemory
 .text.svcMapProcessCodeMemory
                0x000000000000583c        0x8 S:/UltimateEnvironment/code-mod-example/param-replace/code-mod-framework/lib/libnx_min/nx/lib\libnx_min.a(svc.o)
                0x000000000000583c                svcMapProcessCodeMemory
 .text.svcUnmapProcessCodeMemory
                0x0000000000005844        0x8 S:/UltimateEnvironment/code-mod-example/param-replace/code-mod-framework/lib/libnx_min/nx/lib\libnx_min.a(svc.o)
                0x0000000000005844                svcUnmapProcessCodeMemory
 .text.svcCreateProcess
                0x000000000000584c       0x14 S:/UltimateEnvironment/code-mod-example/param-replace/code-mod-framework/lib/libnx_min/nx/lib\libnx_min.a(svc.o)
                0x000000000000584c                svcCreateProcess
 .text.svcStartProcess
                0x0000000000005860        0x8 S:/UltimateEnvironment/code-mod-example/param-replace/code-mod-framework/lib/libnx_min/nx/lib\libnx_min.a(svc.o)
                0x0000000000005860                svcStartProcess
 .text.svcTerminateProcess
                0x0000000000005868        0x8 S:/UltimateEnvironment/code-mod-example/param-replace/code-mod-framework/lib/libnx_min/nx/lib\libnx_min.a(svc.o)
                0x0000000000005868                svcTerminateProcess
 .text.svcGetProcessInfo
                0x0000000000005870       0x14 S:/UltimateEnvironment/code-mod-example/param-replace/code-mod-framework/lib/libnx_min/nx/lib\libnx_min.a(svc.o)
                0x0000000000005870                svcGetProcessInfo
 .text.svcCreateResourceLimit
                0x0000000000005884       0x14 S:/UltimateEnvironment/code-mod-example/param-replace/code-mod-framework/lib/libnx_min/nx/lib\libnx_min.a(svc.o)
                0x0000000000005884                svcCreateResourceLimit
 .text.svcSetResourceLimitLimitValue
                0x0000000000005898        0x8 S:/UltimateEnvironment/code-mod-example/param-replace/code-mod-framework/lib/libnx_min/nx/lib\libnx_min.a(svc.o)
                0x0000000000005898                svcSetResourceLimitLimitValue
 .text.svcCallSecureMonitor
                0x00000000000058a0       0x34 S:/UltimateEnvironment/code-mod-example/param-replace/code-mod-framework/lib/libnx_min/nx/lib\libnx_min.a(svc.o)
                0x00000000000058a0                svcCallSecureMonitor
 .text.__aarch64_read_tp
                0x00000000000058d4        0xc S:/UltimateEnvironment/code-mod-example/param-replace/code-mod-framework/lib/libnx_min/nx/lib\libnx_min.a(readtp.o)
                0x00000000000058d4                __aarch64_read_tp
 .text._GetRegionFromInfo.isra.1
                0x00000000000058e0       0x7c S:/UltimateEnvironment/code-mod-example/param-replace/code-mod-framework/lib/libnx_min/nx/lib\libnx_min.a(virtmem.o)
 *fill*         0x000000000000595c        0x4 
 .text.virtmemSetup
                0x0000000000005960      0x114 S:/UltimateEnvironment/code-mod-example/param-replace/code-mod-framework/lib/libnx_min/nx/lib\libnx_min.a(virtmem.o)
                0x0000000000005960                virtmemSetup
 *fill*         0x0000000000005a74        0xc 
 .text.virtmemReserve
                0x0000000000005a80      0x13c S:/UltimateEnvironment/code-mod-example/param-replace/code-mod-framework/lib/libnx_min/nx/lib\libnx_min.a(virtmem.o)
                0x0000000000005a80                virtmemReserve
 *fill*         0x0000000000005bbc        0x4 
 .text.virtmemFree
                0x0000000000005bc0        0x4 S:/UltimateEnvironment/code-mod-example/param-replace/code-mod-framework/lib/libnx_min/nx/lib\libnx_min.a(virtmem.o)
                0x0000000000005bc0                virtmemFree
 *fill*         0x0000000000005bc4        0xc 
 .text.virtmemReserveStack
                0x0000000000005bd0       0xc8 S:/UltimateEnvironment/code-mod-example/param-replace/code-mod-framework/lib/libnx_min/nx/lib\libnx_min.a(virtmem.o)
                0x0000000000005bd0                virtmemReserveStack
 *fill*         0x0000000000005c98        0x8 
 .text.virtmemFreeStack
                0x0000000000005ca0        0x4 S:/UltimateEnvironment/code-mod-example/param-replace/code-mod-framework/lib/libnx_min/nx/lib\libnx_min.a(virtmem.o)
                0x0000000000005ca0                virtmemFreeStack
 *fill*         0x0000000000005ca4        0xc 
 .text.mutexLock
                0x0000000000005cb0       0x8c S:/UltimateEnvironment/code-mod-example/param-replace/code-mod-framework/lib/libnx_min/nx/lib\libnx_min.a(mutex.o)
                0x0000000000005cb0                mutexLock
 *fill*         0x0000000000005d3c        0x4 
 .text.mutexTryLock
                0x0000000000005d40       0x34 S:/UltimateEnvironment/code-mod-example/param-replace/code-mod-framework/lib/libnx_min/nx/lib\libnx_min.a(mutex.o)
                0x0000000000005d40                mutexTryLock
 *fill*         0x0000000000005d74        0xc 
 .text.mutexUnlock
                0x0000000000005d80       0x30 S:/UltimateEnvironment/code-mod-example/param-replace/code-mod-framework/lib/libnx_min/nx/lib\libnx_min.a(mutex.o)
                0x0000000000005d80                mutexUnlock
 .text.rmutexLock
                0x0000000000005db0       0x4c S:/UltimateEnvironment/code-mod-example/param-replace/code-mod-framework/lib/libnx_min/nx/lib\libnx_min.a(mutex.o)
                0x0000000000005db0                rmutexLock
 *fill*         0x0000000000005dfc        0x4 
 .text.rmutexTryLock
                0x0000000000005e00       0x5c S:/UltimateEnvironment/code-mod-example/param-replace/code-mod-framework/lib/libnx_min/nx/lib\libnx_min.a(mutex.o)
                0x0000000000005e00                rmutexTryLock
 *fill*         0x0000000000005e5c        0x4 
 .text.rmutexUnlock
                0x0000000000005e60       0x1c S:/UltimateEnvironment/code-mod-example/param-replace/code-mod-framework/lib/libnx_min/nx/lib\libnx_min.a(mutex.o)
                0x0000000000005e60                rmutexUnlock
 *fill*         0x0000000000005e7c        0x4 
 .text.ipcPrepareHeader
                0x0000000000005e80      0x220 S:/UltimateEnvironment/code-mod-example/param-replace/code-mod-framework/lib/libnx_min/nx/lib\libnx_min.a(fs.o)
 .text.ipcParse
                0x00000000000060a0      0x22c S:/UltimateEnvironment/code-mod-example/param-replace/code-mod-framework/lib/libnx_min/nx/lib\libnx_min.a(fs.o)
 *fill*         0x00000000000062cc        0x4 
 .text.serviceIpcParse
                0x00000000000062d0       0xb0 S:/UltimateEnvironment/code-mod-example/param-replace/code-mod-framework/lib/libnx_min/nx/lib\libnx_min.a(fs.o)
 .text.ipcCloseObjectById
                0x0000000000006380       0x34 S:/UltimateEnvironment/code-mod-example/param-replace/code-mod-framework/lib/libnx_min/nx/lib\libnx_min.a(fs.o)
 *fill*         0x00000000000063b4        0xc 
 .text._fsDeviceOperatorCheckInserted
                0x00000000000063c0      0x19c S:/UltimateEnvironment/code-mod-example/param-replace/code-mod-framework/lib/libnx_min/nx/lib\libnx_min.a(fs.o)
 *fill*         0x000000000000655c        0x4 
 .text.fsFsQueryEntry.part.12
                0x0000000000006560      0x274 S:/UltimateEnvironment/code-mod-example/param-replace/code-mod-framework/lib/libnx_min/nx/lib\libnx_min.a(fs.o)
 *fill*         0x00000000000067d4        0xc 
 .text.fsInitialize
                0x00000000000067e0      0x200 S:/UltimateEnvironment/code-mod-example/param-replace/code-mod-framework/lib/libnx_min/nx/lib\libnx_min.a(fs.o)
                0x00000000000067e0                fsInitialize
 .text.fsExit   0x00000000000069e0       0x9c S:/UltimateEnvironment/code-mod-example/param-replace/code-mod-framework/lib/libnx_min/nx/lib\libnx_min.a(fs.o)
                0x00000000000069e0                fsExit
 *fill*         0x0000000000006a7c        0x4 
 .text.fsGetServiceSession
                0x0000000000006a80        0xc S:/UltimateEnvironment/code-mod-example/param-replace/code-mod-framework/lib/libnx_min/nx/lib\libnx_min.a(fs.o)
                0x0000000000006a80                fsGetServiceSession
 *fill*         0x0000000000006a8c        0x4 
 .text.fsOpenBisStorage
                0x0000000000006a90      0x1ec S:/UltimateEnvironment/code-mod-example/param-replace/code-mod-framework/lib/libnx_min/nx/lib\libnx_min.a(fs.o)
                0x0000000000006a90                fsOpenBisStorage
 *fill*         0x0000000000006c7c        0x4 
 .text.fsOpenBisFileSystem
                0x0000000000006c80      0x170 S:/UltimateEnvironment/code-mod-example/param-replace/code-mod-framework/lib/libnx_min/nx/lib\libnx_min.a(fs.o)
                0x0000000000006c80                fsOpenBisFileSystem
 .text.fsMountSdcard
                0x0000000000006df0      0x1cc S:/UltimateEnvironment/code-mod-example/param-replace/code-mod-framework/lib/libnx_min/nx/lib\libnx_min.a(fs.o)
                0x0000000000006df0                fsMountSdcard
 *fill*         0x0000000000006fbc        0x4 
 .text.fsMountSaveData
                0x0000000000006fc0      0x208 S:/UltimateEnvironment/code-mod-example/param-replace/code-mod-framework/lib/libnx_min/nx/lib\libnx_min.a(fs.o)
                0x0000000000006fc0                fsMountSaveData
 *fill*         0x00000000000071c8        0x8 
 .text.fsMountSystemSaveData
                0x00000000000071d0      0x208 S:/UltimateEnvironment/code-mod-example/param-replace/code-mod-framework/lib/libnx_min/nx/lib\libnx_min.a(fs.o)
                0x00000000000071d0                fsMountSystemSaveData
 *fill*         0x00000000000073d8        0x8 
 .text.fsOpenSaveDataIterator
                0x00000000000073e0      0x1e0 S:/UltimateEnvironment/code-mod-example/param-replace/code-mod-framework/lib/libnx_min/nx/lib\libnx_min.a(fs.o)
                0x00000000000073e0                fsOpenSaveDataIterator
 .text.fsOpenContentStorageFileSystem
                0x00000000000075c0      0x1d4 S:/UltimateEnvironment/code-mod-example/param-replace/code-mod-framework/lib/libnx_min/nx/lib\libnx_min.a(fs.o)
                0x00000000000075c0                fsOpenContentStorageFileSystem
 *fill*         0x0000000000007794        0xc 
 .text.fsOpenDataStorageByCurrentProcess
                0x00000000000077a0      0x1cc S:/UltimateEnvironment/code-mod-example/param-replace/code-mod-framework/lib/libnx_min/nx/lib\libnx_min.a(fs.o)
                0x00000000000077a0                fsOpenDataStorageByCurrentProcess
 *fill*         0x000000000000796c        0x4 
 .text.fsOpenDataStorageByDataId
                0x0000000000007970      0x200 S:/UltimateEnvironment/code-mod-example/param-replace/code-mod-framework/lib/libnx_min/nx/lib\libnx_min.a(fs.o)
                0x0000000000007970                fsOpenDataStorageByDataId
 .text.fsOpenDeviceOperator
                0x0000000000007b70      0x1cc S:/UltimateEnvironment/code-mod-example/param-replace/code-mod-framework/lib/libnx_min/nx/lib\libnx_min.a(fs.o)
                0x0000000000007b70                fsOpenDeviceOperator
 *fill*         0x0000000000007d3c        0x4 
 .text.fsOpenSdCardDetectionEventNotifier
                0x0000000000007d40      0x1cc S:/UltimateEnvironment/code-mod-example/param-replace/code-mod-framework/lib/libnx_min/nx/lib\libnx_min.a(fs.o)
                0x0000000000007d40                fsOpenSdCardDetectionEventNotifier
 *fill*         0x0000000000007f0c        0x4 
 .text.fsGetRightsIdByPath
                0x0000000000007f10      0x174 S:/UltimateEnvironment/code-mod-example/param-replace/code-mod-framework/lib/libnx_min/nx/lib\libnx_min.a(fs.o)
                0x0000000000007f10                fsGetRightsIdByPath
 *fill*         0x0000000000008084        0xc 
 .text.fsGetRightsIdAndKeyGenerationByPath
                0x0000000000008090      0x184 S:/UltimateEnvironment/code-mod-example/param-replace/code-mod-framework/lib/libnx_min/nx/lib\libnx_min.a(fs.o)
                0x0000000000008090                fsGetRightsIdAndKeyGenerationByPath
 *fill*         0x0000000000008214        0xc 
 .text.fsIsExFatSupported
                0x0000000000008220      0x138 S:/UltimateEnvironment/code-mod-example/param-replace/code-mod-framework/lib/libnx_min/nx/lib\libnx_min.a(fs.o)
                0x0000000000008220                fsIsExFatSupported
 *fill*         0x0000000000008358        0x8 
 .text.fsMount_SaveData
                0x0000000000008360       0x3c S:/UltimateEnvironment/code-mod-example/param-replace/code-mod-framework/lib/libnx_min/nx/lib\libnx_min.a(fs.o)
                0x0000000000008360                fsMount_SaveData
 *fill*         0x000000000000839c        0x4 
 .text.fsMount_SystemSaveData
                0x00000000000083a0       0x30 S:/UltimateEnvironment/code-mod-example/param-replace/code-mod-framework/lib/libnx_min/nx/lib\libnx_min.a(fs.o)
                0x00000000000083a0                fsMount_SystemSaveData
 .text.fsOpenFileSystemWithId
                0x00000000000083d0      0x248 S:/UltimateEnvironment/code-mod-example/param-replace/code-mod-framework/lib/libnx_min/nx/lib\libnx_min.a(fs.o)
                0x00000000000083d0                fsOpenFileSystemWithId
 *fill*         0x0000000000008618        0x8 
 .text.fsOpenFileSystem
                0x0000000000008620       0x10 S:/UltimateEnvironment/code-mod-example/param-replace/code-mod-framework/lib/libnx_min/nx/lib\libnx_min.a(fs.o)
                0x0000000000008620                fsOpenFileSystem
 .text.fsOpenFileSystemWithPatch
                0x0000000000008630      0x184 S:/UltimateEnvironment/code-mod-example/param-replace/code-mod-framework/lib/libnx_min/nx/lib\libnx_min.a(fs.o)
                0x0000000000008630                fsOpenFileSystemWithPatch
 *fill*         0x00000000000087b4        0xc 
 .text.fsFsCreateFile
                0x00000000000087c0      0x1a4 S:/UltimateEnvironment/code-mod-example/param-replace/code-mod-framework/lib/libnx_min/nx/lib\libnx_min.a(fs.o)
                0x00000000000087c0                fsFsCreateFile
 *fill*         0x0000000000008964        0xc 
 .text.fsFsDeleteFile
                0x0000000000008970      0x19c S:/UltimateEnvironment/code-mod-example/param-replace/code-mod-framework/lib/libnx_min/nx/lib\libnx_min.a(fs.o)
                0x0000000000008970                fsFsDeleteFile
 *fill*         0x0000000000008b0c        0x4 
 .text.fsFsCreateDirectory
                0x0000000000008b10      0x19c S:/UltimateEnvironment/code-mod-example/param-replace/code-mod-framework/lib/libnx_min/nx/lib\libnx_min.a(fs.o)
                0x0000000000008b10                fsFsCreateDirectory
 *fill*         0x0000000000008cac        0x4 
 .text.fsFsDeleteDirectory
                0x0000000000008cb0      0x19c S:/UltimateEnvironment/code-mod-example/param-replace/code-mod-framework/lib/libnx_min/nx/lib\libnx_min.a(fs.o)
                0x0000000000008cb0                fsFsDeleteDirectory
 *fill*         0x0000000000008e4c        0x4 
 .text.fsFsDeleteDirectoryRecursively
                0x0000000000008e50      0x19c S:/UltimateEnvironment/code-mod-example/param-replace/code-mod-framework/lib/libnx_min/nx/lib\libnx_min.a(fs.o)
                0x0000000000008e50                fsFsDeleteDirectoryRecursively
 *fill*         0x0000000000008fec        0x4 
 .text.fsFsRenameFile
                0x0000000000008ff0      0x214 S:/UltimateEnvironment/code-mod-example/param-replace/code-mod-framework/lib/libnx_min/nx/lib\libnx_min.a(fs.o)
                0x0000000000008ff0                fsFsRenameFile
 *fill*         0x0000000000009204        0xc 
 .text.fsFsRenameDirectory
                0x0000000000009210      0x214 S:/UltimateEnvironment/code-mod-example/param-replace/code-mod-framework/lib/libnx_min/nx/lib\libnx_min.a(fs.o)
                0x0000000000009210                fsFsRenameDirectory
 *fill*         0x0000000000009424        0xc 
 .text.fsFsGetEntryType
                0x0000000000009430      0x1b0 S:/UltimateEnvironment/code-mod-example/param-replace/code-mod-framework/lib/libnx_min/nx/lib\libnx_min.a(fs.o)
                0x0000000000009430                fsFsGetEntryType
 .text.fsFsOpenFile
                0x00000000000095e0      0x1e4 S:/UltimateEnvironment/code-mod-example/param-replace/code-mod-framework/lib/libnx_min/nx/lib\libnx_min.a(fs.o)
                0x00000000000095e0                fsFsOpenFile
 *fill*         0x00000000000097c4        0xc 
 .text.fsFsOpenDirectory
                0x00000000000097d0      0x1f8 S:/UltimateEnvironment/code-mod-example/param-replace/code-mod-framework/lib/libnx_min/nx/lib\libnx_min.a(fs.o)
                0x00000000000097d0                fsFsOpenDirectory
 *fill*         0x00000000000099c8        0x8 
 .text.fsFsCommit
                0x00000000000099d0      0x17c S:/UltimateEnvironment/code-mod-example/param-replace/code-mod-framework/lib/libnx_min/nx/lib\libnx_min.a(fs.o)
                0x00000000000099d0                fsFsCommit
 *fill*         0x0000000000009b4c        0x4 
 .text.fsFsGetFreeSpace
                0x0000000000009b50      0x1b0 S:/UltimateEnvironment/code-mod-example/param-replace/code-mod-framework/lib/libnx_min/nx/lib\libnx_min.a(fs.o)
                0x0000000000009b50                fsFsGetFreeSpace
 .text.fsFsGetTotalSpace
                0x0000000000009d00      0x1b0 S:/UltimateEnvironment/code-mod-example/param-replace/code-mod-framework/lib/libnx_min/nx/lib\libnx_min.a(fs.o)
                0x0000000000009d00                fsFsGetTotalSpace
 .text.fsFsCleanDirectoryRecursively
                0x0000000000009eb0      0x140 S:/UltimateEnvironment/code-mod-example/param-replace/code-mod-framework/lib/libnx_min/nx/lib\libnx_min.a(fs.o)
                0x0000000000009eb0                fsFsCleanDirectoryRecursively
 .text.fsFsGetFileTimeStampRaw
                0x0000000000009ff0      0x194 S:/UltimateEnvironment/code-mod-example/param-replace/code-mod-framework/lib/libnx_min/nx/lib\libnx_min.a(fs.o)
                0x0000000000009ff0                fsFsGetFileTimeStampRaw
 *fill*         0x000000000000a184        0xc 
 .text.fsFsQueryEntry
                0x000000000000a190       0x60 S:/UltimateEnvironment/code-mod-example/param-replace/code-mod-framework/lib/libnx_min/nx/lib\libnx_min.a(fs.o)
                0x000000000000a190                fsFsQueryEntry
 .text.fsFsSetArchiveBit
                0x000000000000a1f0       0x1c S:/UltimateEnvironment/code-mod-example/param-replace/code-mod-framework/lib/libnx_min/nx/lib\libnx_min.a(fs.o)
                0x000000000000a1f0                fsFsSetArchiveBit
 *fill*         0x000000000000a20c        0x4 
 .text.fsFsClose
                0x000000000000a210       0x6c S:/UltimateEnvironment/code-mod-example/param-replace/code-mod-framework/lib/libnx_min/nx/lib\libnx_min.a(fs.o)
                0x000000000000a210                fsFsClose
 *fill*         0x000000000000a27c        0x4 
 .text.fsFileRead
                0x000000000000a280      0x1f8 S:/UltimateEnvironment/code-mod-example/param-replace/code-mod-framework/lib/libnx_min/nx/lib\libnx_min.a(fs.o)
                0x000000000000a280                fsFileRead
 *fill*         0x000000000000a478        0x8 
 .text.fsFileWrite
                0x000000000000a480      0x1cc S:/UltimateEnvironment/code-mod-example/param-replace/code-mod-framework/lib/libnx_min/nx/lib\libnx_min.a(fs.o)
                0x000000000000a480                fsFileWrite
 *fill*         0x000000000000a64c        0x4 
 .text.fsFileFlush
                0x000000000000a650      0x17c S:/UltimateEnvironment/code-mod-example/param-replace/code-mod-framework/lib/libnx_min/nx/lib\libnx_min.a(fs.o)
                0x000000000000a650                fsFileFlush
 *fill*         0x000000000000a7cc        0x4 
 .text.fsFileSetSize
                0x000000000000a7d0      0x18c S:/UltimateEnvironment/code-mod-example/param-replace/code-mod-framework/lib/libnx_min/nx/lib\libnx_min.a(fs.o)
                0x000000000000a7d0                fsFileSetSize
 *fill*         0x000000000000a95c        0x4 
 .text.fsFileGetSize
                0x000000000000a960      0x194 S:/UltimateEnvironment/code-mod-example/param-replace/code-mod-framework/lib/libnx_min/nx/lib\libnx_min.a(fs.o)
                0x000000000000a960                fsFileGetSize
 *fill*         0x000000000000aaf4        0xc 
 .text.fsFileOperateRange
                0x000000000000ab00      0x180 S:/UltimateEnvironment/code-mod-example/param-replace/code-mod-framework/lib/libnx_min/nx/lib\libnx_min.a(fs.o)
                0x000000000000ab00                fsFileOperateRange
 .text.fsFileClose
                0x000000000000ac80       0x6c S:/UltimateEnvironment/code-mod-example/param-replace/code-mod-framework/lib/libnx_min/nx/lib\libnx_min.a(fs.o)
                0x000000000000ac80                fsFileClose
 *fill*         0x000000000000acec        0x4 
 .text.fsDirClose
                0x000000000000acf0       0x6c S:/UltimateEnvironment/code-mod-example/param-replace/code-mod-framework/lib/libnx_min/nx/lib\libnx_min.a(fs.o)
                0x000000000000acf0                fsDirClose
 *fill*         0x000000000000ad5c        0x4 
 .text.fsDirRead
                0x000000000000ad60      0x1ec S:/UltimateEnvironment/code-mod-example/param-replace/code-mod-framework/lib/libnx_min/nx/lib\libnx_min.a(fs.o)
                0x000000000000ad60                fsDirRead
 *fill*         0x000000000000af4c        0x4 
 .text.fsDirGetEntryCount
                0x000000000000af50      0x198 S:/UltimateEnvironment/code-mod-example/param-replace/code-mod-framework/lib/libnx_min/nx/lib\libnx_min.a(fs.o)
                0x000000000000af50                fsDirGetEntryCount
 *fill*         0x000000000000b0e8        0x8 
 .text.fsStorageRead
                0x000000000000b0f0      0x1d0 S:/UltimateEnvironment/code-mod-example/param-replace/code-mod-framework/lib/libnx_min/nx/lib\libnx_min.a(fs.o)
                0x000000000000b0f0                fsStorageRead
 .text.fsStorageWrite
                0x000000000000b2c0      0x1d0 S:/UltimateEnvironment/code-mod-example/param-replace/code-mod-framework/lib/libnx_min/nx/lib\libnx_min.a(fs.o)
                0x000000000000b2c0                fsStorageWrite
 .text.fsStorageFlush
                0x000000000000b490      0x17c S:/UltimateEnvironment/code-mod-example/param-replace/code-mod-framework/lib/libnx_min/nx/lib\libnx_min.a(fs.o)
                0x000000000000b490                fsStorageFlush
 *fill*         0x000000000000b60c        0x4 
 .text.fsStorageSetSize
                0x000000000000b610      0x18c S:/UltimateEnvironment/code-mod-example/param-replace/code-mod-framework/lib/libnx_min/nx/lib\libnx_min.a(fs.o)
                0x000000000000b610                fsStorageSetSize
 *fill*         0x000000000000b79c        0x4 
 .text.fsStorageGetSize
                0x000000000000b7a0      0x194 S:/UltimateEnvironment/code-mod-example/param-replace/code-mod-framework/lib/libnx_min/nx/lib\libnx_min.a(fs.o)
                0x000000000000b7a0                fsStorageGetSize
 *fill*         0x000000000000b934        0xc 
 .text.fsStorageOperateRange
                0x000000000000b940      0x180 S:/UltimateEnvironment/code-mod-example/param-replace/code-mod-framework/lib/libnx_min/nx/lib\libnx_min.a(fs.o)
                0x000000000000b940                fsStorageOperateRange
 .text.fsStorageClose
                0x000000000000bac0       0x6c S:/UltimateEnvironment/code-mod-example/param-replace/code-mod-framework/lib/libnx_min/nx/lib\libnx_min.a(fs.o)
                0x000000000000bac0                fsStorageClose
 *fill*         0x000000000000bb2c        0x4 
 .text.fsSaveDataIteratorRead
                0x000000000000bb30      0x1d0 S:/UltimateEnvironment/code-mod-example/param-replace/code-mod-framework/lib/libnx_min/nx/lib\libnx_min.a(fs.o)
                0x000000000000bb30                fsSaveDataIteratorRead
 .text.fsSaveDataIteratorClose
                0x000000000000bd00       0x6c S:/UltimateEnvironment/code-mod-example/param-replace/code-mod-framework/lib/libnx_min/nx/lib\libnx_min.a(fs.o)
                0x000000000000bd00                fsSaveDataIteratorClose
 *fill*         0x000000000000bd6c        0x4 
 .text.fsEventNotifierGetEventHandle
                0x000000000000bd70      0x188 S:/UltimateEnvironment/code-mod-example/param-replace/code-mod-framework/lib/libnx_min/nx/lib\libnx_min.a(fs.o)
                0x000000000000bd70                fsEventNotifierGetEventHandle
 *fill*         0x000000000000bef8        0x8 
 .text.fsEventNotifierClose
                0x000000000000bf00       0x6c S:/UltimateEnvironment/code-mod-example/param-replace/code-mod-framework/lib/libnx_min/nx/lib\libnx_min.a(fs.o)
                0x000000000000bf00                fsEventNotifierClose
 *fill*         0x000000000000bf6c        0x4 
 .text.fsDeviceOperatorIsSdCardInserted
                0x000000000000bf70        0xc S:/UltimateEnvironment/code-mod-example/param-replace/code-mod-framework/lib/libnx_min/nx/lib\libnx_min.a(fs.o)
                0x000000000000bf70                fsDeviceOperatorIsSdCardInserted
 *fill*         0x000000000000bf7c        0x4 
 .text.fsDeviceOperatorIsGameCardInserted
                0x000000000000bf80        0xc S:/UltimateEnvironment/code-mod-example/param-replace/code-mod-framework/lib/libnx_min/nx/lib\libnx_min.a(fs.o)
                0x000000000000bf80                fsDeviceOperatorIsGameCardInserted
 *fill*         0x000000000000bf8c        0x4 
 .text.fsDeviceOperatorGetGameCardHandle
                0x000000000000bf90      0x190 S:/UltimateEnvironment/code-mod-example/param-replace/code-mod-framework/lib/libnx_min/nx/lib\libnx_min.a(fs.o)
                0x000000000000bf90                fsDeviceOperatorGetGameCardHandle
 .text.fsDeviceOperatorGetGameCardAttribute
                0x000000000000c120      0x18c S:/UltimateEnvironment/code-mod-example/param-replace/code-mod-framework/lib/libnx_min/nx/lib\libnx_min.a(fs.o)
                0x000000000000c120                fsDeviceOperatorGetGameCardAttribute
 *fill*         0x000000000000c2ac        0x4 
 .text.fsDeviceOperatorClose
                0x000000000000c2b0       0x6c S:/UltimateEnvironment/code-mod-example/param-replace/code-mod-framework/lib/libnx_min/nx/lib\libnx_min.a(fs.o)
                0x000000000000c2b0                fsDeviceOperatorClose
 *fill*         0x000000000000c31c        0x4 
 .text.ipcCloseObjectById
                0x000000000000c320       0x34 S:/UltimateEnvironment/code-mod-example/param-replace/code-mod-framework/lib/libnx_min/nx/lib\libnx_min.a(set.o)
 *fill*         0x000000000000c354        0xc 
 .text._setMakeLanguageCode
                0x000000000000c360       0xf4 S:/UltimateEnvironment/code-mod-example/param-replace/code-mod-framework/lib/libnx_min/nx/lib\libnx_min.a(set.o)
 *fill*         0x000000000000c454        0xc 
 .text._setsysGetFirmwareVersionImpl
                0x000000000000c460      0x1d4 S:/UltimateEnvironment/code-mod-example/param-replace/code-mod-framework/lib/libnx_min/nx/lib\libnx_min.a(set.o)
 *fill*         0x000000000000c634        0xc 
 .text.setInitialize
                0x000000000000c640       0x44 S:/UltimateEnvironment/code-mod-example/param-replace/code-mod-framework/lib/libnx_min/nx/lib\libnx_min.a(set.o)
                0x000000000000c640                setInitialize
 *fill*         0x000000000000c684        0xc 
 .text.setExit  0x000000000000c690       0x9c S:/UltimateEnvironment/code-mod-example/param-replace/code-mod-framework/lib/libnx_min/nx/lib\libnx_min.a(set.o)
                0x000000000000c690                setExit
 *fill*         0x000000000000c72c        0x4 
 .text.setsysInitialize
                0x000000000000c730       0x3c S:/UltimateEnvironment/code-mod-example/param-replace/code-mod-framework/lib/libnx_min/nx/lib\libnx_min.a(set.o)
                0x000000000000c730                setsysInitialize
 *fill*         0x000000000000c76c        0x4 
 .text.setsysExit
                0x000000000000c770       0x9c S:/UltimateEnvironment/code-mod-example/param-replace/code-mod-framework/lib/libnx_min/nx/lib\libnx_min.a(set.o)
                0x000000000000c770                setsysExit
 *fill*         0x000000000000c80c        0x4 
 .text.setGetLanguageCode
                0x000000000000c810       0xec S:/UltimateEnvironment/code-mod-example/param-replace/code-mod-framework/lib/libnx_min/nx/lib\libnx_min.a(set.o)
                0x000000000000c810                setGetLanguageCode
 *fill*         0x000000000000c8fc        0x4 
 .text.setGetSystemLanguage
                0x000000000000c900        0x4 S:/UltimateEnvironment/code-mod-example/param-replace/code-mod-framework/lib/libnx_min/nx/lib\libnx_min.a(set.o)
                0x000000000000c900                setGetSystemLanguage
 *fill*         0x000000000000c904        0xc 
 .text.setGetAvailableLanguageCodeCount
                0x000000000000c910      0x10c S:/UltimateEnvironment/code-mod-example/param-replace/code-mod-framework/lib/libnx_min/nx/lib\libnx_min.a(set.o)
                0x000000000000c910                setGetAvailableLanguageCodeCount
 *fill*         0x000000000000ca1c        0x4 
 .text.setGetAvailableLanguageCodes
                0x000000000000ca20      0x1b4 S:/UltimateEnvironment/code-mod-example/param-replace/code-mod-framework/lib/libnx_min/nx/lib\libnx_min.a(set.o)
                0x000000000000ca20                setGetAvailableLanguageCodes
 *fill*         0x000000000000cbd4        0xc 
 .text.setInitializeLanguageCodesCache
                0x000000000000cbe0       0x70 S:/UltimateEnvironment/code-mod-example/param-replace/code-mod-framework/lib/libnx_min/nx/lib\libnx_min.a(set.o)
 .text.setMakeLanguage
                0x000000000000cc50       0x8c S:/UltimateEnvironment/code-mod-example/param-replace/code-mod-framework/lib/libnx_min/nx/lib\libnx_min.a(set.o)
                0x000000000000cc50                setMakeLanguage
 *fill*         0x000000000000ccdc        0x4 
 .text.setMakeLanguageCode
                0x000000000000cce0       0x80 S:/UltimateEnvironment/code-mod-example/param-replace/code-mod-framework/lib/libnx_min/nx/lib\libnx_min.a(set.o)
                0x000000000000cce0                setMakeLanguageCode
 .text.setGetRegionCode
                0x000000000000cd60       0xf0 S:/UltimateEnvironment/code-mod-example/param-replace/code-mod-framework/lib/libnx_min/nx/lib\libnx_min.a(set.o)
                0x000000000000cd60                setGetRegionCode
 .text.setsysGetColorSetId
                0x000000000000ce50       0xe4 S:/UltimateEnvironment/code-mod-example/param-replace/code-mod-framework/lib/libnx_min/nx/lib\libnx_min.a(set.o)
                0x000000000000ce50                setsysGetColorSetId
 *fill*         0x000000000000cf34        0xc 
 .text.setsysSetColorSetId
                0x000000000000cf40       0xd0 S:/UltimateEnvironment/code-mod-example/param-replace/code-mod-framework/lib/libnx_min/nx/lib\libnx_min.a(set.o)
                0x000000000000cf40                setsysSetColorSetId
 .text.setsysGetSettingsItemValue
                0x000000000000d010      0x19c S:/UltimateEnvironment/code-mod-example/param-replace/code-mod-framework/lib/libnx_min/nx/lib\libnx_min.a(set.o)
                0x000000000000d010                setsysGetSettingsItemValue
 *fill*         0x000000000000d1ac        0x4 
 .text.setsysGetSettingsItemValueSize
                0x000000000000d1b0      0x198 S:/UltimateEnvironment/code-mod-example/param-replace/code-mod-framework/lib/libnx_min/nx/lib\libnx_min.a(set.o)
                0x000000000000d1b0                setsysGetSettingsItemValueSize
 *fill*         0x000000000000d348        0x8 
 .text.setsysGetSerialNumber
                0x000000000000d350      0x108 S:/UltimateEnvironment/code-mod-example/param-replace/code-mod-framework/lib/libnx_min/nx/lib\libnx_min.a(set.o)
                0x000000000000d350                setsysGetSerialNumber
 *fill*         0x000000000000d458        0x8 
 .text.setsysGetFlag
                0x000000000000d460       0xec S:/UltimateEnvironment/code-mod-example/param-replace/code-mod-framework/lib/libnx_min/nx/lib\libnx_min.a(set.o)
                0x000000000000d460                setsysGetFlag
 *fill*         0x000000000000d54c        0x4 
 .text.setsysSetFlag
                0x000000000000d550       0xd0 S:/UltimateEnvironment/code-mod-example/param-replace/code-mod-framework/lib/libnx_min/nx/lib\libnx_min.a(set.o)
                0x000000000000d550                setsysSetFlag
 .text.setsysGetFirmwareVersion
                0x000000000000d620       0x44 S:/UltimateEnvironment/code-mod-example/param-replace/code-mod-framework/lib/libnx_min/nx/lib\libnx_min.a(set.o)
                0x000000000000d620                setsysGetFirmwareVersion
 *fill*         0x000000000000d664        0xc 
 .text.setsysBindFatalDirtyFlagEvent
                0x000000000000d670      0x13c S:/UltimateEnvironment/code-mod-example/param-replace/code-mod-framework/lib/libnx_min/nx/lib\libnx_min.a(set.o)
                0x000000000000d670                setsysBindFatalDirtyFlagEvent
 *fill*         0x000000000000d7ac        0x4 
 .text.setsysGetFatalDirtyFlags
                0x000000000000d7b0       0xf8 S:/UltimateEnvironment/code-mod-example/param-replace/code-mod-framework/lib/libnx_min/nx/lib\libnx_min.a(set.o)
                0x000000000000d7b0                setsysGetFatalDirtyFlags
 *fill*         0x000000000000d8a8        0x8 
 .text.setsysGetDeviceNickname
                0x000000000000d8b0       0xf8 S:/UltimateEnvironment/code-mod-example/param-replace/code-mod-framework/lib/libnx_min/nx/lib\libnx_min.a(set.o)
                0x000000000000d8b0                setsysGetDeviceNickname
 *fill*         0x000000000000d9a8        0x8 
 .text.setsysSetDeviceNickname
                0x000000000000d9b0      0x134 S:/UltimateEnvironment/code-mod-example/param-replace/code-mod-framework/lib/libnx_min/nx/lib\libnx_min.a(set.o)
                0x000000000000d9b0                setsysSetDeviceNickname
 *fill*         0x000000000000dae4        0xc 
 .text._fatalImpl
                0x000000000000daf0      0x140 S:/UltimateEnvironment/code-mod-example/param-replace/code-mod-framework/lib/libnx_min/nx/lib\libnx_min.a(fatal.o)
 .text.fatalWithType
                0x000000000000dc30       0x14 S:/UltimateEnvironment/code-mod-example/param-replace/code-mod-framework/lib/libnx_min/nx/lib\libnx_min.a(fatal.o)
                0x000000000000dc30                fatalWithType
 *fill*         0x000000000000dc44        0xc 
 .text.fatalSimple
                0x000000000000dc50       0x14 S:/UltimateEnvironment/code-mod-example/param-replace/code-mod-framework/lib/libnx_min/nx/lib\libnx_min.a(fatal.o)
                0x000000000000dc50                fatalSimple
 *fill*         0x000000000000dc64        0xc 
 .text.fatalWithContext
                0x000000000000dc70       0x14 S:/UltimateEnvironment/code-mod-example/param-replace/code-mod-framework/lib/libnx_min/nx/lib\libnx_min.a(fatal.o)
                0x000000000000dc70                fatalWithContext
 *fill*         0x000000000000dc84        0xc 
 .text.ipcCloseObjectById
                0x000000000000dc90       0x34 S:/UltimateEnvironment/code-mod-example/param-replace/code-mod-framework/lib/libnx_min/nx/lib\libnx_min.a(sm.o)
 *fill*         0x000000000000dcc4        0xc 
 .text.smAddOverrideHandle
                0x000000000000dcd0       0x44 S:/UltimateEnvironment/code-mod-example/param-replace/code-mod-framework/lib/libnx_min/nx/lib\libnx_min.a(sm.o)
                0x000000000000dcd0                smAddOverrideHandle
 *fill*         0x000000000000dd14        0xc 
 .text.smGetServiceOverride
                0x000000000000dd20       0x60 S:/UltimateEnvironment/code-mod-example/param-replace/code-mod-framework/lib/libnx_min/nx/lib\libnx_min.a(sm.o)
                0x000000000000dd20                smGetServiceOverride
 .text.smHasInitialized
                0x000000000000dd80       0x14 S:/UltimateEnvironment/code-mod-example/param-replace/code-mod-framework/lib/libnx_min/nx/lib\libnx_min.a(sm.o)
                0x000000000000dd80                smHasInitialized
 *fill*         0x000000000000dd94        0xc 
 .text.smExit   0x000000000000dda0       0x9c S:/UltimateEnvironment/code-mod-example/param-replace/code-mod-framework/lib/libnx_min/nx/lib\libnx_min.a(sm.o)
                0x000000000000dda0                smExit
 *fill*         0x000000000000de3c        0x4 
 .text.smGetServiceSession
                0x000000000000de40        0xc S:/UltimateEnvironment/code-mod-example/param-replace/code-mod-framework/lib/libnx_min/nx/lib\libnx_min.a(sm.o)
                0x000000000000de40                smGetServiceSession
 *fill*         0x000000000000de4c        0x4 
 .text.smEncodeName
                0x000000000000de50       0x38 S:/UltimateEnvironment/code-mod-example/param-replace/code-mod-framework/lib/libnx_min/nx/lib\libnx_min.a(sm.o)
                0x000000000000de50                smEncodeName
 *fill*         0x000000000000de88        0x8 
 .text.smGetServiceOriginal
                0x000000000000de90      0x22c S:/UltimateEnvironment/code-mod-example/param-replace/code-mod-framework/lib/libnx_min/nx/lib\libnx_min.a(sm.o)
                0x000000000000de90                smGetServiceOriginal
 *fill*         0x000000000000e0bc        0x4 
 .text.smInitialize
                0x000000000000e0c0      0x27c S:/UltimateEnvironment/code-mod-example/param-replace/code-mod-framework/lib/libnx_min/nx/lib\libnx_min.a(sm.o)
                0x000000000000e0c0                smInitialize
 *fill*         0x000000000000e33c        0x4 
 .text.smGetService
                0x000000000000e340       0x74 S:/UltimateEnvironment/code-mod-example/param-replace/code-mod-framework/lib/libnx_min/nx/lib\libnx_min.a(sm.o)
                0x000000000000e340                smGetService
 *fill*         0x000000000000e3b4        0xc 
 .text.smRegisterService
                0x000000000000e3c0      0x25c S:/UltimateEnvironment/code-mod-example/param-replace/code-mod-framework/lib/libnx_min/nx/lib\libnx_min.a(sm.o)
                0x000000000000e3c0                smRegisterService
 *fill*         0x000000000000e61c        0x4 
 .text.smUnregisterService
                0x000000000000e620      0x1ac S:/UltimateEnvironment/code-mod-example/param-replace/code-mod-framework/lib/libnx_min/nx/lib\libnx_min.a(sm.o)
                0x000000000000e620                smUnregisterService
 *fill*         0x000000000000e7cc        0x4 
 .text._hidGetDeviceHandles.part.7
                0x000000000000e7d0       0xec S:/UltimateEnvironment/code-mod-example/param-replace/code-mod-framework/lib/libnx_min/nx/lib\libnx_min.a(hid.o)
 *fill*         0x000000000000e8bc        0x4 
 .text.ipcCloseObjectById
                0x000000000000e8c0       0x34 S:/UltimateEnvironment/code-mod-example/param-replace/code-mod-framework/lib/libnx_min/nx/lib\libnx_min.a(hid.o)
 *fill*         0x000000000000e8f4        0xc 
 .text._hidActivateVibrationDevice
                0x000000000000e900       0xc8 S:/UltimateEnvironment/code-mod-example/param-replace/code-mod-framework/lib/libnx_min/nx/lib\libnx_min.a(hid.o)
 *fill*         0x000000000000e9c8        0x8 
 .text._hidGetSharedMemoryHandle.constprop.17
                0x000000000000e9d0      0x124 S:/UltimateEnvironment/code-mod-example/param-replace/code-mod-framework/lib/libnx_min/nx/lib\libnx_min.a(hid.o)
 *fill*         0x000000000000eaf4        0xc 
 .text._hidCreateActiveVibrationDeviceList
                0x000000000000eb00      0x134 S:/UltimateEnvironment/code-mod-example/param-replace/code-mod-framework/lib/libnx_min/nx/lib\libnx_min.a(hid.o)
 *fill*         0x000000000000ec34        0xc 
 .text._hidCmdWithNoInput
                0x000000000000ec40      0x100 S:/UltimateEnvironment/code-mod-example/param-replace/code-mod-framework/lib/libnx_min/nx/lib\libnx_min.a(hid.o)
 .text._hidCreateAppletResource.constprop.16
                0x000000000000ed40      0x134 S:/UltimateEnvironment/code-mod-example/param-replace/code-mod-framework/lib/libnx_min/nx/lib\libnx_min.a(hid.o)
 *fill*         0x000000000000ee74        0xc 
 .text._hidCmdWithInputU32
                0x000000000000ee80      0x10c S:/UltimateEnvironment/code-mod-example/param-replace/code-mod-framework/lib/libnx_min/nx/lib\libnx_min.a(hid.o)
 *fill*         0x000000000000ef8c        0x4 
 .text._hidCmdWithInputU64.constprop.18
                0x000000000000ef90      0x108 S:/UltimateEnvironment/code-mod-example/param-replace/code-mod-framework/lib/libnx_min/nx/lib\libnx_min.a(hid.o)
 *fill*         0x000000000000f098        0x8 
 .text._hidInitializeSevenSixAxisSensor.isra.11.constprop.19
                0x000000000000f0a0      0x1f8 S:/UltimateEnvironment/code-mod-example/param-replace/code-mod-framework/lib/libnx_min/nx/lib\libnx_min.a(hid.o)
 *fill*         0x000000000000f298        0x8 
 .text.hidReset
                0x000000000000f2a0      0x1f8 S:/UltimateEnvironment/code-mod-example/param-replace/code-mod-framework/lib/libnx_min/nx/lib\libnx_min.a(hid.o)
                0x000000000000f2a0                hidReset
 *fill*         0x000000000000f498        0x8 
 .text.hidGetSessionService
                0x000000000000f4a0        0xc S:/UltimateEnvironment/code-mod-example/param-replace/code-mod-framework/lib/libnx_min/nx/lib\libnx_min.a(hid.o)
                0x000000000000f4a0                hidGetSessionService
 *fill*         0x000000000000f4ac        0x4 
 .text.hidGetSharedmemAddr
                0x000000000000f4b0        0xc S:/UltimateEnvironment/code-mod-example/param-replace/code-mod-framework/lib/libnx_min/nx/lib\libnx_min.a(hid.o)
                0x000000000000f4b0                hidGetSharedmemAddr
 *fill*         0x000000000000f4bc        0x4 
 .text.hidSetControllerLayout
                0x000000000000f4c0       0x54 S:/UltimateEnvironment/code-mod-example/param-replace/code-mod-framework/lib/libnx_min/nx/lib\libnx_min.a(hid.o)
                0x000000000000f4c0                hidSetControllerLayout
 *fill*         0x000000000000f514        0xc 
 .text.hidGetControllerLayout
                0x000000000000f520       0x50 S:/UltimateEnvironment/code-mod-example/param-replace/code-mod-framework/lib/libnx_min/nx/lib\libnx_min.a(hid.o)
                0x000000000000f520                hidGetControllerLayout
 .text.hidGetControllerType
                0x000000000000f570       0x78 S:/UltimateEnvironment/code-mod-example/param-replace/code-mod-framework/lib/libnx_min/nx/lib\libnx_min.a(hid.o)
                0x000000000000f570                hidGetControllerType
 *fill*         0x000000000000f5e8        0x8 
 .text.hidGetControllerColors
                0x000000000000f5f0       0xd4 S:/UltimateEnvironment/code-mod-example/param-replace/code-mod-framework/lib/libnx_min/nx/lib\libnx_min.a(hid.o)
                0x000000000000f5f0                hidGetControllerColors
 *fill*         0x000000000000f6c4        0xc 
 .text.hidIsControllerConnected
                0x000000000000f6d0       0x7c S:/UltimateEnvironment/code-mod-example/param-replace/code-mod-framework/lib/libnx_min/nx/lib\libnx_min.a(hid.o)
                0x000000000000f6d0                hidIsControllerConnected
 *fill*         0x000000000000f74c        0x4 
 .text.hidGetControllerDeviceType
                0x000000000000f750       0x70 S:/UltimateEnvironment/code-mod-example/param-replace/code-mod-framework/lib/libnx_min/nx/lib\libnx_min.a(hid.o)
                0x000000000000f750                hidGetControllerDeviceType
 .text.hidGetControllerFlags
                0x000000000000f7c0       0x90 S:/UltimateEnvironment/code-mod-example/param-replace/code-mod-framework/lib/libnx_min/nx/lib\libnx_min.a(hid.o)
                0x000000000000f7c0                hidGetControllerFlags
 .text.hidGetControllerPowerInfo
                0x000000000000f850      0x114 S:/UltimateEnvironment/code-mod-example/param-replace/code-mod-framework/lib/libnx_min/nx/lib\libnx_min.a(hid.o)
                0x000000000000f850                hidGetControllerPowerInfo
 *fill*         0x000000000000f964        0xc 
 .text.hidKeysHeld
                0x000000000000f970       0x6c S:/UltimateEnvironment/code-mod-example/param-replace/code-mod-framework/lib/libnx_min/nx/lib\libnx_min.a(hid.o)
                0x000000000000f970                hidKeysHeld
 *fill*         0x000000000000f9dc        0x4 
 .text.hidKeysDown
                0x000000000000f9e0       0x6c S:/UltimateEnvironment/code-mod-example/param-replace/code-mod-framework/lib/libnx_min/nx/lib\libnx_min.a(hid.o)
                0x000000000000f9e0                hidKeysDown
 *fill*         0x000000000000fa4c        0x4 
 .text.hidKeysUp
                0x000000000000fa50       0x6c S:/UltimateEnvironment/code-mod-example/param-replace/code-mod-framework/lib/libnx_min/nx/lib\libnx_min.a(hid.o)
                0x000000000000fa50                hidKeysUp
 *fill*         0x000000000000fabc        0x4 
 .text.hidMouseButtonsHeld
                0x000000000000fac0       0x3c S:/UltimateEnvironment/code-mod-example/param-replace/code-mod-framework/lib/libnx_min/nx/lib\libnx_min.a(hid.o)
                0x000000000000fac0                hidMouseButtonsHeld
 *fill*         0x000000000000fafc        0x4 
 .text.hidMouseButtonsDown